11-09 19:05:22.177  1454  1635 I AppsFilter: interaction: PackageSetting{4d3ea0c fr.unica.miage.donati.pizzapp/10014} -> PackageSetting{b76b657 com.example.risewell/10022} BLOCKED
11-09 19:05:22.177  1454  1635 I AppsFilter: interaction: PackageSetting{d2a4d6a com.example.flutter_application_1/10355} -> PackageSetting{b76b657 com.example.risewell/10022} BLOCKED
11-09 19:05:22.177  1454  1635 I AppsFilter: interaction: PackageSetting{895725b com.example.projetandroid/10383} -> PackageSetting{b76b657 com.example.risewell/10022} BLOCKED
11-09 19:05:22.177  1454  1635 I AppsFilter: interaction: PackageSetting{4d3ea0c fr.unica.miage.donati.pizzapp/10014} -> PackageSetting{b76b657 com.example.risewell/10022} BLOCKED
11-09 19:05:22.177  1454  1635 I AppsFilter: interaction: PackageSetting{d2a4d6a com.example.flutter_application_1/10355} -> PackageSetting{b76b657 com.example.risewell/10022} BLOCKED
11-09 19:05:22.178  1454  1635 I AppsFilter: interaction: PackageSetting{895725b com.example.projetandroid/10383} -> PackageSetting{b76b657 com.example.risewell/10022} BLOCKED
11-09 19:05:22.178  1454  1635 I AppsFilter: interaction: PackageSetting{4d3ea0c fr.unica.miage.donati.pizzapp/10014} -> PackageSetting{125a501 com.example.risewell/10022} BLOCKED
11-09 19:05:22.178  1454  1635 I AppsFilter: interaction: PackageSetting{d2a4d6a com.example.flutter_application_1/10355} -> PackageSetting{125a501 com.example.risewell/10022} BLOCKED
11-09 19:05:22.178  1454  1635 I AppsFilter: interaction: PackageSetting{895725b com.example.projetandroid/10383} -> PackageSetting{125a501 com.example.risewell/10022} BLOCKED
11-09 19:05:22.178  1454  1635 I AppsFilter: interaction: PackageSetting{4d3ea0c fr.unica.miage.donati.pizzapp/10014} -> PackageSetting{125a501 com.example.risewell/10022} BLOCKED
11-09 19:05:22.178  1454  1635 I AppsFilter: interaction: PackageSetting{d2a4d6a com.example.flutter_application_1/10355} -> PackageSetting{125a501 com.example.risewell/10022} BLOCKED
11-09 19:05:22.178  1454  1635 I AppsFilter: interaction: PackageSetting{895725b com.example.projetandroid/10383} -> PackageSetting{125a501 com.example.risewell/10022} BLOCKED
11-09 19:05:22.193  1454  1635 D PermissionService: setAllowlistedRestrictedPermissionsUnchecked called for package - com.example.risewell
11-09 19:05:22.193  1454  1635 D PermissionService: updateAdminPermissionsInternalcom.example.risewell
11-09 19:05:22.254  1454  1635 D PackageManager: isLocaleOptimizedPackage() -  Non optimized app: com.example.risewell. Proceed with normal install
11-09 19:05:22.255  1454  1635 I AppsFilter: interaction: PackageSetting{d78272e fr.unica.miage.donati.pizzapp/10014} -> PackageSetting{6aa5e2a com.example.risewell/10022} BLOCKED
11-09 19:05:22.255  1454  1635 I AppsFilter: interaction: PackageSetting{8d1d45c com.example.flutter_application_1/10355} -> PackageSetting{6aa5e2a com.example.risewell/10022} BLOCKED
11-09 19:05:22.255  1454  1635 I AppsFilter: interaction: PackageSetting{b33a365 com.example.projetandroid/10383} -> PackageSetting{6aa5e2a com.example.risewell/10022} BLOCKED
11-09 19:05:22.260  1454  1635 I ActivityManager: Force stopping com.example.risewell appid=10022 user=0: pkg removed
11-09 19:05:22.274  1454  1594 I SGM:GameManager: PkgUpdateReceiver, onPackageRemoved(). pkgName=com.example.risewell, userId=0
11-09 19:05:22.274  1454  1594 D SGM:Util: isPkgInstalled(). pkgName=com.example.risewell, userId=0, installed=true
11-09 19:05:22.274  1454  1594 D MetaDataCollector: onReceive: done pkgName=com.example.risewell
11-09 19:05:22.286  1454  1454 I Telecom : CarModeTracker: Package com.example.risewell is not tracked.: SSH.oR@BkA
11-09 19:05:22.287  1454  1748 D OverlayManager: reconcileSettingsForPackage pkgName=com.example.risewell userId=0
11-09 19:05:22.287  1454  1748 I OverlayManager: updateOverlaysForTarget() called with: targetPackage = [com.example.risewell], userId = [0], flags = [2]
11-09 19:05:22.289  1454  2059 I Pageboost: remove app @ runtime : com.example.risewell
11-09 19:05:22.290 21720 21720 D ActivityThread: Package [com.example.risewell] reported as REPLACED, but missing application info. Assuming REMOVED.
11-09 19:05:22.290 13405 13405 D ActivityThread: Package [com.example.risewell] reported as REPLACED, but missing application info. Assuming REMOVED.
11-09 19:05:22.290 17763 17763 D ActivityThread: Package [com.example.risewell] reported as REPLACED, but missing application info. Assuming REMOVED.
11-09 19:05:22.291  7157  7157 D ActivityThread: Package [com.example.risewell] reported as REPLACED, but missing application info. Assuming REMOVED.
11-09 19:05:22.291  3351  3351 D ActivityThread: Package [com.example.risewell] reported as REPLACED, but missing application info. Assuming REMOVED.
11-09 19:05:22.292 30012 30012 D ActivityThread: Package [com.example.risewell] reported as REPLACED, but missing application info. Assuming REMOVED.
11-09 19:05:22.292  3132  3132 D ActivityThread: Package [com.example.risewell] reported as REPLACED, but missing application info. Assuming REMOVED.
11-09 19:05:22.292  5769  5769 D ActivityThread: Package [com.example.risewell] reported as REPLACED, but missing application info. Assuming REMOVED.
11-09 19:05:22.292  4484  4484 D ActivityThread: Package [com.example.risewell] reported as REPLACED, but missing application info. Assuming REMOVED.
11-09 19:05:22.292 10751 10751 D ActivityThread: Package [com.example.risewell] reported as REPLACED, but missing application info. Assuming REMOVED.
11-09 19:05:22.292  1551  1551 D ActivityThread: Package [com.example.risewell] reported as REPLACED, but missing application info. Assuming REMOVED.
11-09 19:05:22.293  8502  8502 D ActivityThread: Package [com.example.risewell] reported as REPLACED, but missing application info. Assuming REMOVED.
11-09 19:05:22.293  4528  4528 D ActivityThread: Package [com.example.risewell] reported as REPLACED, but missing application info. Assuming REMOVED.
11-09 19:05:22.293  4540  4540 D ActivityThread: Package [com.example.risewell] reported as REPLACED, but missing application info. Assuming REMOVED.
11-09 19:05:22.293  4511  4511 D ActivityThread: Package [com.example.risewell] reported as REPLACED, but missing application info. Assuming REMOVED.
11-09 19:05:22.293  1454  1454 D ActivityThread: Package [com.example.risewell] reported as REPLACED, but missing application info. Assuming REMOVED.
11-09 19:05:22.293 14176 14176 D ActivityThread: Package [com.example.risewell] reported as REPLACED, but missing application info. Assuming REMOVED.
11-09 19:05:22.293  5278  5278 D ActivityThread: Package [com.example.risewell] reported as REPLACED, but missing application info. Assuming REMOVED.
11-09 19:05:22.294  2253  2253 D ActivityThread: Package [com.example.risewell] reported as REPLACED, but missing application info. Assuming REMOVED.
11-09 19:05:22.294  3151  3151 D ActivityThread: Package [com.example.risewell] reported as REPLACED, but missing application info. Assuming REMOVED.
11-09 19:05:22.294  2437  2437 D ActivityThread: Package [com.example.risewell] reported as REPLACED, but missing application info. Assuming REMOVED.
11-09 19:05:22.295  5769  5769 D ActivityThread: Package [com.example.risewell] reported as REPLACED, but missing application info. Assuming REMOVED.
11-09 19:05:22.295  4528  4528 D ActivityThread: Package [com.example.risewell] reported as REPLACED, but missing application info. Assuming REMOVED.
11-09 19:05:22.295 17763 17763 D ActivityThread: Package [com.example.risewell] reported as REPLACED, but missing application info. Assuming REMOVED.
11-09 19:05:22.295 21720 21720 D ActivityThread: Package [com.example.risewell] reported as REPLACED, but missing application info. Assuming REMOVED.
11-09 19:05:22.295  4511  4511 D ActivityThread: Package [com.example.risewell] reported as REPLACED, but missing application info. Assuming REMOVED.
11-09 19:05:22.295 10751 10751 D ActivityThread: Package [com.example.risewell] reported as REPLACED, but missing application info. Assuming REMOVED.
11-09 19:05:22.296  4540  4540 D ActivityThread: Package [com.example.risewell] reported as REPLACED, but missing application info. Assuming REMOVED.
11-09 19:05:22.296  7157  7157 D ActivityThread: Package [com.example.risewell] reported as REPLACED, but missing application info. Assuming REMOVED.
11-09 19:05:22.296 14176 14176 D ActivityThread: Package [com.example.risewell] reported as REPLACED, but missing application info. Assuming REMOVED.
11-09 19:05:22.296  4484  4484 D ActivityThread: Package [com.example.risewell] reported as REPLACED, but missing application info. Assuming REMOVED.
11-09 19:05:22.296  3132  3132 D ActivityThread: Package [com.example.risewell] reported as REPLACED, but missing application info. Assuming REMOVED.
11-09 19:05:22.296  8502  8502 D ActivityThread: Package [com.example.risewell] reported as REPLACED, but missing application info. Assuming REMOVED.
11-09 19:05:22.296  2077  2077 D ActivityThread: Package [com.example.risewell] reported as REPLACED, but missing application info. Assuming REMOVED.
11-09 19:05:22.297  2253  2253 D ActivityThread: Package [com.example.risewell] reported as REPLACED, but missing application info. Assuming REMOVED.
11-09 19:05:22.297  2437  2437 D ActivityThread: Package [com.example.risewell] reported as REPLACED, but missing application info. Assuming REMOVED.
11-09 19:05:22.297  1551  1551 D ActivityThread: Package [com.example.risewell] reported as REPLACED, but missing application info. Assuming REMOVED.
11-09 19:05:22.297  1454  1748 D OverlayManager: reconcileSettingsForPackage pkgName=com.example.risewell userId=0
11-09 19:05:22.297  1454  1748 I OverlayManager: updateOverlaysForTarget() called with: targetPackage = [com.example.risewell], userId = [0], flags = [0]
11-09 19:05:22.298 24290 24290 D ActivityThread: Package [com.example.risewell] reported as REPLACED, but missing application info. Assuming REMOVED.
11-09 19:05:22.298  1446  1446 D ActivityThread: Package [com.example.risewell] reported as REPLACED, but missing application info. Assuming REMOVED.
11-09 19:05:22.298 21720 21720 D ActivityThread: Package [com.example.risewell] reported as REPLACED, but missing application info. Assuming REMOVED.
11-09 19:05:22.298  5769  5769 D ActivityThread: Package [com.example.risewell] reported as REPLACED, but missing application info. Assuming REMOVED.
11-09 19:05:22.298  4528  4528 D ActivityThread: Package [com.example.risewell] reported as REPLACED, but missing application info. Assuming REMOVED.
11-09 19:05:22.298  4511  4511 D ActivityThread: Package [com.example.risewell] reported as REPLACED, but missing application info. Assuming REMOVED.
11-09 19:05:22.299  4484  4484 D ActivityThread: Package [com.example.risewell] reported as REPLACED, but missing application info. Assuming REMOVED.
11-09 19:05:22.299 24290 24290 D ActivityThread: Package [com.example.risewell] reported as REPLACED, but missing application info. Assuming REMOVED.
11-09 19:05:22.299  7157  7157 D ActivityThread: Package [com.example.risewell] reported as REPLACED, but missing application info. Assuming REMOVED.
11-09 19:05:22.299 13707 13707 D ActivityThread: Package [com.example.risewell] reported as REPLACED, but missing application info. Assuming REMOVED.
11-09 19:05:22.299  2077  2077 D ActivityThread: Package [com.example.risewell] reported as REPLACED, but missing application info. Assuming REMOVED.
11-09 19:05:22.299  4540  4540 D ActivityThread: Package [com.example.risewell] reported as REPLACED, but missing application info. Assuming REMOVED.
11-09 19:05:22.299  3132  3132 D ActivityThread: Package [com.example.risewell] reported as REPLACED, but missing application info. Assuming REMOVED.
11-09 19:05:22.300  2253  2253 D ActivityThread: Package [com.example.risewell] reported as REPLACED, but missing application info. Assuming REMOVED.
11-09 19:05:22.300  5278  5278 D ActivityThread: Package [com.example.risewell] reported as REPLACED, but missing application info. Assuming REMOVED.
11-09 19:05:22.301  2437  2437 D ActivityThread: Package [com.example.risewell] reported as REPLACED, but missing application info. Assuming REMOVED.
11-09 19:05:22.300 31103 31103 D ActivityThread: Package [com.example.risewell] reported as REPLACED, but missing application info. Assuming REMOVED.
11-09 19:05:22.301  1551  1551 D ActivityThread: Package [com.example.risewell] reported as REPLACED, but missing application info. Assuming REMOVED.
11-09 19:05:22.302 23977 23977 D ActivityThread: Package [com.example.risewell] reported as REPLACED, but missing application info. Assuming REMOVED.
11-09 19:05:22.302 10751 10751 D ActivityThread: Package [com.example.risewell] reported as REPLACED, but missing application info. Assuming REMOVED.
11-09 19:05:22.303 23977 23977 D ActivityThread: Package [com.example.risewell] reported as REPLACED, but missing application info. Assuming REMOVED.
11-09 19:05:22.304  1454  1928 D ShortcutService: replacing package: com.example.risewell userId0
11-09 19:05:22.305 30012 30012 D ActivityThread: Package [com.example.risewell] reported as REPLACED, but missing application info. Assuming REMOVED.
11-09 19:05:22.305  3151  3151 D ActivityThread: Package [com.example.risewell] reported as REPLACED, but missing application info. Assuming REMOVED.
11-09 19:05:22.306 23977 23977 D ActivityThread: Package [com.example.risewell] reported as REPLACED, but missing application info. Assuming REMOVED.
11-09 19:05:22.307  2077  2077 D ActivityThread: Package [com.example.risewell] reported as REPLACED, but missing application info. Assuming REMOVED.
11-09 19:05:22.307 30012 30012 D ActivityThread: Package [com.example.risewell] reported as REPLACED, but missing application info. Assuming REMOVED.
11-09 19:05:22.308 17763 17763 D ActivityThread: Package [com.example.risewell] reported as REPLACED, but missing application info. Assuming REMOVED.
11-09 19:05:22.309  3351  3351 D ActivityThread: Package [com.example.risewell] reported as REPLACED, but missing application info. Assuming REMOVED.
11-09 19:05:22.309  1454  1891 D SGM:GameManager: identifyGamePackage. com.example.risewell, mCurrentUserId: 0, callerUserId: 0, callingMethodInfo: com.samsung.android.game.SemGameManager.isGamePackage(SemGameManager.java:105)
11-09 19:05:22.309  1454  1891 D SGM:SemGameManager: isGamePackage(), pkgName=com.example.risewell, ret=false
11-09 19:05:22.310 24290 24290 D ActivityThread: Package [com.example.risewell] reported as REPLACED, but missing application info. Assuming REMOVED.
11-09 19:05:22.311  1454  1454 D ActivityThread: Package [com.example.risewell] reported as REPLACED, but missing application info. Assuming REMOVED.
11-09 19:05:22.311  1454  1454 D ActivityThread: Package [com.example.risewell] reported as REPLACED, but missing application info. Assuming REMOVED.
11-09 19:05:22.320  8502  8502 D ActivityThread: Package [com.example.risewell] reported as REPLACED, but missing application info. Assuming REMOVED.
11-09 19:05:22.320 14176 14176 D ActivityThread: Package [com.example.risewell] reported as REPLACED, but missing application info. Assuming REMOVED.
11-09 19:05:22.321  2862  2862 D ActivityThread: Package [com.example.risewell] reported as REPLACED, but missing application info. Assuming REMOVED.
11-09 19:05:22.321  2862  2862 D ActivityThread: Package [com.example.risewell] reported as REPLACED, but missing application info. Assuming REMOVED.
11-09 19:05:22.321  2862  2862 D ActivityThread: Package [com.example.risewell] reported as REPLACED, but missing application info. Assuming REMOVED.
11-09 19:05:22.321  3151  3151 D ActivityThread: Package [com.example.risewell] reported as REPLACED, but missing application info. Assuming REMOVED.
11-09 19:05:22.322  3351  3351 D ActivityThread: Package [com.example.risewell] reported as REPLACED, but missing application info. Assuming REMOVED.
11-09 19:05:22.323 13707 13707 D ActivityThread: Package [com.example.risewell] reported as REPLACED, but missing application info. Assuming REMOVED.
11-09 19:05:22.324 31103 31103 D ActivityThread: Package [com.example.risewell] reported as REPLACED, but missing application info. Assuming REMOVED.
11-09 19:05:22.324 31103 31103 D ActivityThread: Package [com.example.risewell] reported as REPLACED, but missing application info. Assuming REMOVED.
11-09 19:05:22.324  5278  5278 D ActivityThread: Package [com.example.risewell] reported as REPLACED, but missing application info. Assuming REMOVED.
11-09 19:05:22.325 13405 13405 D ActivityThread: Package [com.example.risewell] reported as REPLACED, but missing application info. Assuming REMOVED.
11-09 19:05:22.332  2432  2432 D ActivityThread: Package [com.example.risewell] reported as REPLACED, but missing application info. Assuming REMOVED.
11-09 19:05:22.333  2432  2432 D ActivityThread: Package [com.example.risewell] reported as REPLACED, but missing application info. Assuming REMOVED.
11-09 19:05:22.333  2432  2432 D ActivityThread: Package [com.example.risewell] reported as REPLACED, but missing application info. Assuming REMOVED.
11-09 19:05:22.334 13405 13405 D ActivityThread: Package [com.example.risewell] reported as REPLACED, but missing application info. Assuming REMOVED.
11-09 19:05:22.335  2058  2058 D ActivityThread: Package [com.example.risewell] reported as REPLACED, but missing application info. Assuming REMOVED.
11-09 19:05:22.336  2058  2058 D ActivityThread: Package [com.example.risewell] reported as REPLACED, but missing application info. Assuming REMOVED.
11-09 19:05:22.336  2058  2058 D ActivityThread: Package [com.example.risewell] reported as REPLACED, but missing application info. Assuming REMOVED.
11-09 19:05:22.338  1454  1832 W PackageConfigPersister: App-specific configuration not found for packageName: com.example.risewell and userId: 0
11-09 19:05:22.339  1446  1446 D ActivityThread: Package [com.example.risewell] reported as REPLACED, but missing application info. Assuming REMOVED.
11-09 19:05:22.348 13707 13707 D ActivityThread: Package [com.example.risewell] reported as REPLACED, but missing application info. Assuming REMOVED.
11-09 19:05:22.349  1446  1446 D ActivityThread: Package [com.example.risewell] reported as REPLACED, but missing application info. Assuming REMOVED.
11-09 19:05:22.350 31089 31089 D ActivityThread: Package [com.example.risewell] reported as REPLACED, but missing application info. Assuming REMOVED.
11-09 19:05:22.353 31089 31089 D ActivityThread: Package [com.example.risewell] reported as REPLACED, but missing application info. Assuming REMOVED.
11-09 19:05:22.353 31089 31089 D ActivityThread: Package [com.example.risewell] reported as REPLACED, but missing application info. Assuming REMOVED.
11-09 19:05:22.391  1454  2188 I ActivityManager: Force stopping com.example.risewell appid=10022 user=0: from pid 32039
11-09 19:05:22.393  1454  1976 D SGM:GameManager: identifyGamePackage. com.example.risewell, mCurrentUserId: 0, callerUserId: 0, callingMethodInfo: com.samsung.android.game.SemGameManager.isGamePackage(SemGameManager.java:105)
11-09 19:05:22.393  1454  1976 D SGM:SemGameManager: isGamePackage(), pkgName=com.example.risewell, ret=false
11-09 19:05:22.393  1454  1454 I Telecom : SamsungOpenCommunicationPlatformPolicyPackageBroadcastReceiver : action : android.intent.action.PACKAGE_ADDED / packageName : com.example.risewell
11-09 19:05:22.394  1454  2795 I Telecom : SamsungOpenCommunicationPlatformPolicyPackageHandler : handleMessage : { when=-1ms what=0 obj=com.example.risewell target=com.samsung.server.telecom.advancedcall.ocp.policy.broadcast.SamsungOpenCommunicationPlatformPolicyPackageHandler }.what
11-09 19:05:22.395  1454  2188 I AppsFilter: interaction: PackageSetting{d78272e fr.unica.miage.donati.pizzapp/10014} -> PackageSetting{6aa5e2a com.example.risewell/10022} BLOCKED
11-09 19:05:22.395  1454  2188 I AppsFilter: interaction: PackageSetting{8d1d45c com.example.flutter_application_1/10355} -> PackageSetting{6aa5e2a com.example.risewell/10022} BLOCKED
11-09 19:05:22.395  1454  2188 I AppsFilter: interaction: PackageSetting{b33a365 com.example.projetandroid/10383} -> PackageSetting{6aa5e2a com.example.risewell/10022} BLOCKED
11-09 19:05:22.396  1454  2059 D SGM:GameManager: identifyGamePackage. com.example.risewell, mCurrentUserId: 0, callerUserId: 0, callingMethodInfo: com.samsung.android.game.SemGameManager.isGamePackage(SemGameManager.java:105)
11-09 19:05:22.396  1454  2059 D SGM:SemGameManager: isGamePackage(), pkgName=com.example.risewell, ret=false
11-09 19:05:22.396  1454  2059 I Pageboost: appinfo : com.example.risewell 0 0 0 0
11-09 19:05:22.396  1454  2188 W ActivityManager: Invalid packageName: com.example.risewell
11-09 19:05:22.396  1454  2059 D SGM:GameManager: identifyGamePackage. com.example.risewell, mCurrentUserId: 0, callerUserId: 0, callingMethodInfo: com.samsung.android.game.SemGameManager.isGamePackage(SemGameManager.java:105)
11-09 19:05:22.396  1454  2059 D SGM:SemGameManager: isGamePackage(), pkgName=com.example.risewell, ret=false
11-09 19:05:22.396  1454  2059 I Pageboost: Reset this app info : com.example.risewell 
11-09 19:05:22.409  1454  1594 D LauncherAppsService: Calling onPackageRemoved: com.example.risewell, EXTRA_REPLACING: true
11-09 19:05:22.411  1454  1454 W AlarmManager: Package com.example.risewell, uid 10022 lost permission to set exact alarms!
11-09 19:05:22.418  1454  1976 D SGM:GameManager: identifyGamePackage. com.example.risewell, mCurrentUserId: 0, callerUserId: 0, callingMethodInfo: com.samsung.android.game.SemGameManager.isGamePackage(SemGameManager.java:105)
11-09 19:05:22.418  1454  1976 D SGM:SemGameManager: isGamePackage(), pkgName=com.example.risewell, ret=false
11-09 19:05:22.418  1454  2059 I Pageboost: add app to global @ runtime: com.example.risewell
11-09 19:05:22.494  1454  1594 I SGM:GameManager: PkgUpdateReceiver, onPackageAdded : com.example.risewell userHandle : UserHandle{0} userId : 0
11-09 19:05:22.494  1454  1594 D SGM:GosNotifyThread: sendPackageMessage(), changeType=0, pkgName=com.example.risewell, userHandleId=0
11-09 19:05:22.494  1454  1828 D SGM:GosNotifyThread: notifyPackageChangedToGos(), before send intent to GOS. type:15, changeType: 0, pkgName:com.example.risewell, userHandleId:0
11-09 19:05:22.494  1454  1828 D SGM:PmAppCategoryManager: getManifestCategory(), manifestCategory=-1, packageName=com.example.risewell
11-09 19:05:22.494  1454  1828 D SGM:PmAppCategoryManager: getCategoryOverride(), categoryOverride=-1, packageName=com.example.risewell
11-09 19:05:22.494  1454  1828 I SGM:GosNotifyThread: notifyPackageChangedToGos(), category from pm: com.example.risewell, [-1/-1]
11-09 19:05:22.597  1454  1594 D MetaDataCollector: onReceive: done pkgName=com.example.risewell
11-09 19:05:22.597  1454  1594 I SGM:GameManager: PkgUpdateReceiver, onPackageReplaced : com.example.risewell userID : UserHandle{0}
11-09 19:05:22.597  1454  1594 D SGM:GosNotifyThread: sendPackageMessage(), changeType=8, pkgName=com.example.risewell, userHandleId=0
11-09 19:05:22.598  1454  1594 D MetaDataCollector: onReceive: done pkgName=com.example.risewell
11-09 19:05:22.598  1454  1828 D SGM:GosNotifyThread: notifyPackageChangedToGos(), before send intent to GOS. type:15, changeType: 8, pkgName:com.example.risewell, userHandleId:0
11-09 19:05:22.598  1454  1828 D SGM:PmAppCategoryManager: getManifestCategory(), manifestCategory=-1, packageName=com.example.risewell
11-09 19:05:22.598  1454  1828 D SGM:PmAppCategoryManager: getCategoryOverride(), categoryOverride=-1, packageName=com.example.risewell
11-09 19:05:22.598  1454  1828 I SGM:GosNotifyThread: notifyPackageChangedToGos(), category from pm: com.example.risewell, [-1/-1]
11-09 19:05:22.627  1454  4219 D SGM:GameManager: setPackageConfigurations(). category=-1, pkgName=com.example.risewell
11-09 19:05:22.627  1454  4219 D SGM:GameManager: setPackageConfiguration(). configuration: packageName: com.example.risewell, performancePolicyForSsrm: null, optimalAspectRatio: 1.7777778, dynamicSurfaceScaling: 1.0, category: -1, categoryByUser: -1, fillBlackSurfaceOnMargins: false, userId: null
11-09 19:05:22.627  1454  4219 D SGM:GameManager: setPackageConfiguration(). pkgName=com.example.risewell
11-09 19:05:22.628  1454  4219 D SGM:Util: isPkgInstalled(). pkgName=com.example.risewell, userId=0, installed=true
11-09 19:05:22.628  1454  4219 W SGM:Util: isPkgInstalled(), com.example.risewell does not exist. 
11-09 19:05:22.628  1454  4219 D SGM:Util: isPkgInstalled(). pkgName=com.example.risewell, userId=150, installed=false
11-09 19:05:22.628  1454  4219 W SGM:GameManager: setPackageConfiguration(). the package is not installed. pkgName=com.example.risewell, userId=150
11-09 19:05:22.665  1454  5464 I Pageboost: onAppLaunch : com.example.risewell
11-09 19:05:22.665  1454  2059 I Pageboost: Record App IO : com.example.risewell pid 0
11-09 19:05:22.670  1454  5464 V WindowManager: Collecting in transition 192: ActivityRecord{bef6c08 u0 com.example.risewell/.MainActivity, caller=com.android.server.wm.TransitionController.collect:7 com.android.server.wm.ActivityStarter.startActivityUnchecked:626 com.android.server.wm.ActivityStarter.executeRequest:3365 com.android.server.wm.ActivityStarter.execute:1122 com.android.server.wm.ActivityTaskManagerService.startActivityAsUser:88 
11-09 19:05:22.671  1454  5464 D ActivityTaskManager: TaskLaunchParamsModifier:task=null activity=ActivityRecord{bef6c08 u0 com.example.risewell/.MainActivity t-1} display-area-from-current-params=null display-area-from-default-fallback=DefaultTaskDisplayArea_d0@228391893 display-id=0 task-display-area-windowing-mode=1 suggested-display-area=DefaultTaskDisplayArea_d0@228391893
11-09 19:05:22.671  1454  5464 D ActivityTaskManager: TaskLaunchParamsModifier:task=null activity=ActivityRecord{bef6c08 u0 com.example.risewell/.MainActivity t-1} display-area-from-current-params=null display-area-from-default-fallback=DefaultTaskDisplayArea_d0@228391893 display-id=0 task-display-area-windowing-mode=1 suggested-display-area=DefaultTaskDisplayArea_d0@228391893 non-freeform-task-display-area display-area=DefaultTaskDisplayArea_d0@228391893 default-portrait freeform-size-mismatch=Rect(81, 568 - 999, 1768)
11-09 19:05:22.672  1454  5464 D ActivityTaskManager: TaskLaunchParamsModifier:task=Task{e0b9fa1 #1682 type=standard A=10022:com.example.risewell} activity=ActivityRecord{bef6c08 u0 com.example.risewell/.MainActivity t-1} display-from-task=0 display-id=0 task-display-area-windowing-mode=1 suggested-display-area=DefaultTaskDisplayArea_d0@228391893 inherit-from-task=fullscreen non-freeform-task-display-area display-area=DefaultTaskDisplayArea_d0@228391893 default-portrait freeform-size-mismatch=Rect(81, 568 - 999, 1768)
11-09 19:05:22.672  1454  5464 V WindowManager: Collecting in transition 192: Task{e0b9fa1 #1682 type=standard A=10022:com.example.risewell}, caller=com.android.server.wm.Transition.collectExistenceChange:42 com.android.server.wm.ActivityStarter.setNewTask:43 com.android.server.wm.ActivityStarter.startActivityInner:2218 com.android.server.wm.ActivityStarter.startActivityUnchecked:639 com.android.server.wm.ActivityStarter.executeRequest:3365 
11-09 19:05:22.674  1454  5464 V WindowManager: Add starting ActivityRecord{bef6c08 u0 com.example.risewell/.MainActivity t1682}: startingData=SplashScreenStartingData{a896987 waitForSyncTransactionCommit=false removeAfterTransaction= 0}
11-09 19:05:22.674  1454  5464 V WindowManager: Added starting ActivityRecord{bef6c08 u0 com.example.risewell/.MainActivity t1682}: startingWindow=null startingView=com.android.server.wm.StartingSurfaceController$StartingSurface@1340b4
11-09 19:05:22.675  1454  5464 V WindowManager: Collecting in transition 192: ActivityRecord{bef6c08 u0 com.example.risewell/.MainActivity t1682}, caller=com.android.server.wm.Transition.collectExistenceChange:42 com.android.server.wm.ActivityStarter.handleStartResult:523 com.android.server.wm.ActivityStarter.startActivityUnchecked:653 com.android.server.wm.ActivityStarter.executeRequest:3365 com.android.server.wm.ActivityStarter.execute:1122 
11-09 19:05:22.675  1454  5464 I ActivityTaskManager: START u0 {act=android.intent.action.MAIN cat=[android.intent.category.LAUNCHER] flg=0x10000000 cmp=com.example.risewell/.MainActivity} with LAUNCH_MULTIPLE from uid 2000 (BAL_ALLOW_PERMISSION) result code=0
11-09 19:05:22.675  2077  2123 V WindowManagerShell: Transition requested (#192): android.os.BinderProxy@f00e8be TransitionRequestInfo { type = OPEN, triggerTask = TaskInfo{userId=0 taskId=1682 displayId=0 isRunning=true baseIntent=Intent { act=android.intent.action.MAIN cat=[android.intent.category.LAUNCHER] flg=0x10000000 cmp=com.example.risewell/.MainActivity } baseActivity=ComponentInfo{com.example.risewell/com.example.risewell.MainActivity} topActivity=ComponentInfo{com.example.risewell/com.example.risewell.MainActivity} origActivity=null realActivity=ComponentInfo{com.example.risewell/com.example.risewell.MainActivity} numActivities=1 lastActiveTime=33915498 supportsMultiWindow=true resizeMode=1 isResizeable=true minWidth=-1 minHeight=-1 maxWidth=-1 maxHeight=-1 defaultMinSize=220 token=WCT{android.window.IWindowContainerToken$Stub$Proxy@b412d1f} topActivityType=1 pictureInPictureParams=null shouldDockBigOverlays=false launchIntoPipHostTaskId=-1 lastParentTaskIdBeforePip=-1 displayCutoutSafeInsets=Rect(0, 80 - 0, 0) topActivityInfo=ActivityInfo{b79d86c com.example.risewell.MainActivity} launchCookies=[] positionInParent=Point(0, 0) parentTaskId=-1 isFocused=false isVisible=false isVisibleRequested=false isSleeping=false topActivityInSizeCompat=false locusId=null displayAreaFeatureId=1 isTopActivityTransparent=false isTopActivityStyleFloating=false appCompatTaskInfo=AppCompatTaskInfo { topActivityInSizeCompat=false eligibleForLetterboxEducation= false isLetterboxEducationEnabled= false isLetterboxDoubleTapEnabled= false eligibleForUserAspectRatioButton= false topActivityBoundsLetterboxed= false isFromLetterboxDoubleTap= false topActivityLetterboxVerticalPosition= -1 topActivityLetterboxHorizontalPosition= -1 topActivityLetterboxWidth=1080 topActivityLetterboxHeight=2400 topActivityLetterboxAppWidth=1080 topActivityLetterboxAppHeight=2176 isUserFullscreenOverrideEnabled=false isSystemFullscreenOverrideEnabled=false hasMinAspectRatioOverride=false cameraCompatTaskInfo=CameraCompatTaskInfo { freeformCameraCompatMode=inactive} topActivityBounds=null topActivityInDisplayCompat=false} originallySupportedMultiWindow=true hasWallpaper=false rootAffinity=10022:com.example.risewell isTopTaskInStage=false topActivityUiMode=33 CoverLauncherWidgetTask=false isAllowedSeamlessRotation=false isTopTransparentActivity=false snappingGuideBounds=Rect(81, 568 - 999, 1768) isAliasManaged=false hasConfigChanged=false isAiKeyRemoveAppTask=false}, pipTask = null, remoteTransition = null, displayChange = null, flags = 0, debugId = 192 }
11-09 19:05:22.687  1454  2188 I AppsFilter: interaction: PackageSetting{d78272e fr.unica.miage.donati.pizzapp/10014} -> PackageSetting{a6d8281 com.example.risewell/10022} BLOCKED
11-09 19:05:22.687  1454  2188 I AppsFilter: interaction: PackageSetting{8d1d45c com.example.flutter_application_1/10355} -> PackageSetting{a6d8281 com.example.risewell/10022} BLOCKED
11-09 19:05:22.687  1454  2188 I AppsFilter: interaction: PackageSetting{b33a365 com.example.projetandroid/10383} -> PackageSetting{a6d8281 com.example.risewell/10022} BLOCKED
11-09 19:05:22.688  1454  2188 V WindowManager: Collecting in transition 192: ActivityRecord{bef6c08 u0 com.example.risewell/.MainActivity t1682}, caller=com.android.server.wm.TransitionController.collect:7 com.android.server.wm.ActivityRecord.setVisibility:189 com.android.server.wm.EnsureActivitiesVisibleHelper.process:450 com.android.server.wm.TaskFragment.updateActivityVisibilities:12 com.android.server.wm.Task$$ExternalSyntheticLambda3.accept:399 
11-09 19:05:22.690  1454  2188 D WindowManager: prepareSync <SYNC_STATE_WAITING_FOR_DRAW>, mPrepareSyncSeqId=0, win=Window{86ec5bd u0 Splash Screen com.example.risewell}
11-09 19:05:22.690  1454  2188 V WindowManager: addWindow: ActivityRecord{bef6c08 u0 com.example.risewell/.MainActivity t1682} startingWindow=Window{86ec5bd u0 Splash Screen com.example.risewell}
11-09 19:05:22.690  1454  2188 D WindowManager: rotationForOrientation, orientationSource=ActivityRecord{bef6c08 u0 com.example.risewell/.MainActivity t1682}
11-09 19:05:22.696  1454  3279 D CoreBackPreview: Window{86ec5bd u0 Splash Screen com.example.risewell}: Setting back callback OnBackInvokedCallbackInfo{mCallback=android.window.IOnBackInvokedCallback$Stub$Proxy@659c857, mPriority=0, mIsAnimationCallback=false}
11-09 19:05:22.700  1454  2209 D WindowManager: makeSurface duration=1 name=Splash Screen com.example.risewell$_2077
11-09 19:05:22.708  1454  1596 I ActivityManager: Start proc 32097:com.example.risewell/u0a22 for next-top-activity {com.example.risewell/com.example.risewell.MainActivity}
11-09 19:05:22.708  1454  1596 D DynamicHiddenApp_BGProtectManager: [SecIpm] it's a ML_TYPE_EMPTYPROCESS protected process com.example.risewell
11-09 19:05:22.710  1454  4219 D WindowManager: finishDrawingWindow: Window{86ec5bd u0 Splash Screen com.example.risewell} mDrawState=DRAW_PENDING seqId=0
11-09 19:05:22.710  1454  4219 V WindowManager: Finishing drawing window Window{86ec5bd u0 Splash Screen com.example.risewell}: mDrawState=DRAW_PENDING
11-09 19:05:22.710  1454  4219 V WindowManager: Draw state now committed in Window{86ec5bd u0 Splash Screen com.example.risewell}
11-09 19:05:22.710  1454  1586 V WindowManager: performShowLocked: mDrawState=HAS_DRAWN in Window{86ec5bd u0 Splash Screen com.example.risewell}
11-09 19:05:22.711  1454  1586 D WindowManagerServiceExt: updateTaskbarTargetIfNeeded: cn=ComponentInfo{com.example.risewell/com.example.risewell.MainActivity} occludesParent=true isInSplitScreenMode=false styleFloating=false
11-09 19:05:22.711  1454  1586 V WindowManager: Start calculating TransitionInfo based on participants: {ActivityRecord{b0b683 u0 com.sec.android.app.launcher/.activities.LauncherActivity t6}, WallpaperWindowToken{30bc40a token=android.os.Binder@44b2c75}_<lock>, ActivityRecord{bef6c08 u0 com.example.risewell/.MainActivity t1682}, Task{e0b9fa1 #1682 type=standard A=10022:com.example.risewell}}
11-09 19:05:22.711  1454  1586 V WindowManager:   Final targets: [Task{e0b9fa1 #1682 type=standard A=10022:com.example.risewell}, Task{9558445 #1 type=home}, WallpaperWindowToken{30bc40a token=android.os.Binder@44b2c75}_<lock>]
11-09 19:05:22.714  1454  1586 V WindowManager:         {WCT{RemoteToken{6d92327 Task{e0b9fa1 #1682 type=standard A=10022:com.example.risewell}}} m=OPEN f=NONE leash=Surface(name=Task=1682)/@0x42a1841 sb=Rect(0, 0 - 1080, 2400) eb=Rect(0, 0 - 1080, 2400) d=0 taskParent=-1 inset=Rect(0, 80 - 0, 144) dim=true},
11-09 19:05:22.715  1454  1582 V WindowManager: Sent Transition (#192) createdAt=11-09 19:05:22.670 via request=TransitionRequestInfo { type = OPEN, triggerTask = TaskInfo{userId=0 taskId=1682 displayId=0 isRunning=true baseIntent=Intent { act=android.intent.action.MAIN cat=[android.intent.category.LAUNCHER] flg=0x10000000 cmp=com.example.risewell/.MainActivity } baseActivity=ComponentInfo{com.example.risewell/com.example.risewell.MainActivity} topActivity=ComponentInfo{com.example.risewell/com.example.risewell.MainActivity} origActivity=null realActivity=ComponentInfo{com.example.risewell/com.example.risewell.MainActivity} numActivities=1 lastActiveTime=33915498 supportsMultiWindow=true resizeMode=1 isResizeable=true minWidth=-1 minHeight=-1 maxWidth=-1 maxHeight=-1 defaultMinSize=220 token=WCT{RemoteToken{6d92327 Task{e0b9fa1 #1682 type=standard A=10022:com.example.risewell}}} topActivityType=1 pictureInPictureParams=null shouldDockBigOverlays=false launchIntoPipHostTaskId=-1 lastParentTaskIdBeforePip=-1 displayCutoutSafeInsets=Rect(0, 80 - 0, 0) topActivityInfo=ActivityInfo{ebef77d com.example.risewell.MainActivity} launchCookies=[] positionInParent=Point(0, 0) parentTaskId=-1 isFocused=false isVisible=false isVisibleRequested=false isSleeping=false topActivityInSizeCompat=false locusId=null displayAreaFeatureId=1 isTopActivityTransparent=false isTopActivityStyleFloating=false appCompatTaskInfo=AppCompatTaskInfo { topActivityInSizeCompat=false eligibleForLetterboxEducation= false isLetterboxEducationEnabled= false isLetterboxDoubleTapEnabled= false eligibleForUserAspectRatioButton= false topActivityBoundsLetterboxed= false isFromLetterboxDoubleTap= false topActivityLetterboxVerticalPosition= -1 topActivityLetterboxHorizontalPosition= -1 topActivityLetterboxWidth=1080 topActivityLetterboxHeight=2400 topActivityLetterboxAppWidth=1080 topActivityLetterboxAppHeight=2176 isUserFullscreenOverrideEnabled=false isSystemFullscreenOverrideEnabled=false hasMinAspectRatioOverride=false cameraCompatTaskInfo=CameraCompatTaskInfo { freeformCameraCompatMode=inactive} topActivityBounds=null topActivityInDisplayCompat=false} originallySupportedMultiWindow=true hasWallpaper=false rootAffinity=10022:com.example.risewell isTopTaskInStage=false topActivityUiMode=33 CoverLauncherWidgetTask=false isAllowedSeamlessRotation=false isTopTransparentActivity=false snappingGuideBounds=Rect(81, 568 - 999, 1768) isAliasManaged=false hasConfigChanged=false isAiKeyRemoveAppTask=false}, pipTask = null, remoteTransition = null, displayChange = null, flags = 0, debugId = 192 }
11-09 19:05:22.715  1454  1582 V WindowManager:         {WCT{RemoteToken{6d92327 Task{e0b9fa1 #1682 type=standard A=10022:com.example.risewell}}} m=OPEN f=NONE leash=Surface(name=Task=1682)/@0x42a1841 sb=Rect(0, 0 - 1080, 2400) eb=Rect(0, 0 - 1080, 2400) d=0 taskParent=-1 inset=Rect(0, 80 - 0, 144) dim=true},
11-09 19:05:22.716  1454  1586 D InsetsSourceProvider: updateControlForTarget: control=InsetsSourceControl: {f8cd0000 mType=statusBars initiallyVisible mSurfacePosition=Point(0, 0) mInsetsHint=Insets{left=0, top=80, right=0, bottom=0}}, target=Window{86ec5bd u0 Splash Screen com.example.risewell}, from=com.android.server.wm.InsetsStateController.onControlTargetChanged:81 com.android.server.wm.InsetsPolicy.updateBarControlTarget:175 com.android.server.wm.DisplayPolicy.updateSystemBarAttributes:281 com.android.server.wm.DisplayPolicy.finishPostLayoutPolicyLw:17 com.android.server.wm.RootWindowContainer.applySurfaceChangesTransaction$1:194 
11-09 19:05:22.718  1454  1586 D InsetsSourceProvider: updateControlForTarget: control=InsetsSourceControl: {85120001 mType=navigationBars initiallyVisible mSurfacePosition=Point(0, 2256) mInsetsHint=Insets{left=0, top=0, right=0, bottom=144}}, target=Window{86ec5bd u0 Splash Screen com.example.risewell}, from=com.android.server.wm.InsetsStateController.onControlTargetChanged:81 com.android.server.wm.InsetsPolicy.updateBarControlTarget:188 com.android.server.wm.DisplayPolicy.updateSystemBarAttributes:281 com.android.server.wm.DisplayPolicy.finishPostLayoutPolicyLw:17 com.android.server.wm.RootWindowContainer.applySurfaceChangesTransaction$1:194 
11-09 19:05:22.718  1454  1586 D WindowManager: updateSystemBarAttributes: displayId=0, focusedCanBeNavColorWin=false, win=Window{86ec5bd u0 Splash Screen com.example.risewell}, navColorWin=Window{86ec5bd u0 Splash Screen com.example.risewell}, caller=com.android.server.wm.DisplayPolicy.finishPostLayoutPolicyLw:17 com.android.server.wm.RootWindowContainer.applySurfaceChangesTransaction$1:194 com.android.server.wm.RootWindowContainer.performSurfacePlacementNoTrace:61 
11-09 19:05:22.773  1454  4942 D SGM:GameManager: identifyGamePackage. com.example.risewell, mCurrentUserId: 0, callerUserId: 0, callingMethodInfo: com.samsung.android.game.IGameManagerService$Stub.onTransact(IGameManagerService.java:228)
11-09 19:05:22.896  1454  1884 D MdnieScenarioControlService:  packageName : com.example.risewell    className : com.example.risewell.MainActivity
11-09 19:05:22.997  1454  4942 D SGM:FgCheckThread: notifyAppCreated(), packageName: com.example.risewell, userId: 0, sendRet: true
11-09 19:05:22.997  1454  1827 D SGM:FgCheckThread: onLooperPrepared(), msg: MSG_APP_CREATE, pkgName: com.example.risewell, userId: 0
11-09 19:05:22.998  1454  4942 D SGM:FgCheckThread:   sendRunningComponentFocus(), pkgName: com.example.risewell, userId: 0
11-09 19:05:22.998  1454  4942 D ActivityTaskManager: scheduleTopResumedActivityChanged, onTop=true, r=ActivityRecord{bef6c08 u0 com.example.risewell/.MainActivity t1682}, caller=com.android.server.wm.ActivityTaskSupervisor.updateTopResumedActivityIfNeeded:62 com.android.server.wm.TaskFragment.setResumedActivity:29 com.android.server.wm.ActivityRecord.setState:104 com.android.server.wm.ActivityTaskSupervisor.realStartActivityLocked:949 com.android.server.wm.RootWindowContainer.attachApplication:90 com.android.server.wm.ActivityTaskManagerService$LocalService.attachApplication:40 
11-09 19:05:22.999  1454  1827 D SGM:FgCheckThread: onLooperPrepared(), msg: MSG_TASK_FOCUSED, pkgName: com.example.risewell, userId: 0
11-09 19:05:22.999  1454  1827 D SGM:FgCheckThread:   handleTaskFocused(), pkgName: com.example.risewell, userID:0
11-09 19:05:22.999  1454  1827 D SGM:FgCheckThread:   handleResume(). pkgName: com.example.risewell, userId: 0, category: non-game
11-09 19:05:22.999  1454  1827 D SGM:FgCheckThread: notifyFocusInOut(). of pkg: com.example.risewell, type: 4, isSecGameFamily: false, userId: 0
11-09 19:05:23.001 32097 32097 D ActivityThread: com.example.risewell will use render engine as VK
11-09 19:05:23.011  1454  1585 D SGM:GameManager: identifyGamePackage. com.example.risewell, mCurrentUserId: 0, callerUserId: 0, callingMethodInfo: com.samsung.android.game.SemGameManager.isGamePackage(SemGameManager.java:105)
11-09 19:05:23.011  1454  1585 D SGM:SemGameManager: isGamePackage(), pkgName=com.example.risewell, ret=false
11-09 19:05:23.011  4574  4613 I SDHMS:l : handleResumeComponent : put = com.example.risewell, userid = 0 instanceid =219952582
11-09 19:05:23.012  1454  1585 D SGM:FgCheckThread: noteResumeComponent(), received pkgName: com.example.risewell, userId: 0
11-09 19:05:23.012  1454  1827 D SGM:FgCheckThread: onLooperPrepared(), msg: MSG_APP_RESUME, pkgName: com.example.risewell, userid: 0
11-09 19:05:23.012  1454  1827 D SGM:FgCheckThread:   handleResume(). pkgName: com.example.risewell, userId: 0, category: non-game
11-09 19:05:23.012  1454  1827 D SGM:FgCheckThread: notifyFocusInOut(). of pkg: com.example.risewell, type: 4, isSecGameFamily: false, userId: 0
11-09 19:05:23.173  1454  4942 D CoreBackPreview: Window{56dfd76 u0 com.example.risewell/com.example.risewell.MainActivity}: Setting back callback OnBackInvokedCallbackInfo{mCallback=android.window.IOnBackInvokedCallback$Stub$Proxy@acafac, mPriority=0, mIsAnimationCallback=false}
11-09 19:05:23.351  1454  4942 D WindowManager: makeSurface duration=1 name=com.example.risewell/com.example.risewell.MainActivity$_32097
11-09 19:05:23.352  1454  4942 D WindowManager: Changing focus from null to Window{56dfd76 u0 com.example.risewell/com.example.risewell.MainActivity} displayId=0 Callers=com.android.server.wm.WindowManagerService.relayoutWindowInner:142 com.android.server.wm.WindowManagerService.relayoutWindow:6 com.android.server.wm.Session.relayout:27 android.view.IWindowSession$Stub.onTransact:861 
11-09 19:05:23.352  1454  4942 D InsetsSourceProvider: updateControlForTarget: control=InsetsSourceControl: {f8cd0000 mType=statusBars initiallyVisible mSurfacePosition=Point(0, 0) mInsetsHint=Insets{left=0, top=80, right=0, bottom=0}}, target=Window{56dfd76 u0 com.example.risewell/com.example.risewell.MainActivity}, from=com.android.server.wm.InsetsStateController.onControlTargetChanged:81 com.android.server.wm.InsetsPolicy.updateBarControlTarget:175 com.android.server.wm.DisplayPolicy.updateSystemBarAttributes:281 com.android.server.wm.WindowManagerService.updateFocusedWindowLocked:375 com.android.server.wm.WindowManagerService.relayoutWindowInner:142 
11-09 19:05:23.353  1454  4942 D InsetsSourceProvider: updateControlForTarget: control=InsetsSourceControl: {85120001 mType=navigationBars initiallyVisible mSurfacePosition=Point(0, 2256) mInsetsHint=Insets{left=0, top=0, right=0, bottom=144}}, target=Window{56dfd76 u0 com.example.risewell/com.example.risewell.MainActivity}, from=com.android.server.wm.InsetsStateController.onControlTargetChanged:81 com.android.server.wm.InsetsPolicy.updateBarControlTarget:188 com.android.server.wm.DisplayPolicy.updateSystemBarAttributes:281 com.android.server.wm.WindowManagerService.updateFocusedWindowLocked:375 com.android.server.wm.WindowManagerService.relayoutWindowInner:142 
11-09 19:05:23.353  1454  4942 D WindowManager: updateSystemBarAttributes: displayId=0, focusedCanBeNavColorWin=false, win=Window{56dfd76 u0 com.example.risewell/com.example.risewell.MainActivity}, navColorWin=Window{86ec5bd u0 Splash Screen com.example.risewell}, caller=com.android.server.wm.WindowManagerService.updateFocusedWindowLocked:375 com.android.server.wm.WindowManagerService.relayoutWindowInner:142 com.android.server.wm.WindowManagerService.relayoutWindow:6 
11-09 19:05:23.353  1454  4942 V SystemKeyManager: updateFocusedWindow() is called, com.example.risewell/com.example.risewell.MainActivity
11-09 19:05:23.409  1454  5226 D WindowManager: finishDrawingWindow: Window{56dfd76 u0 com.example.risewell/com.example.risewell.MainActivity} mDrawState=DRAW_PENDING seqId=0
11-09 19:05:23.409  1454  1586 V WindowManager: Finish starting ActivityRecord{bef6c08 u0 com.example.risewell/.MainActivity t1682}: first real window is shown, no animation
11-09 19:05:23.409  1454  1586 V WindowManager: Schedule remove starting ActivityRecord{bef6c08 u0 com.example.risewell/.MainActivity t1682} startingWindow=Window{86ec5bd u0 Splash Screen com.example.risewell} animate=true Callers=com.android.server.wm.ActivityRecord.removeStartingWindow:150 com.android.server.wm.WindowState.performShowLocked:147 com.android.server.wm.WindowStateAnimator.commitFinishDrawingLocked:59 com.android.server.wm.DisplayContent$$ExternalSyntheticLambda1.accept$com$android$server$wm$DisplayContent$$ExternalSyntheticLambda40:22 com.android.server.wm.DisplayContent$$ExternalSyntheticLambda1.accept:305 
11-09 19:05:23.409  1454  1586 D TaskOrganizerController: applyStartingWindowAnimation, window=Window{56dfd76 u0 com.example.risewell/com.example.risewell.MainActivity}, caller=com.android.server.wm.TaskOrganizerController.removeStartingWindow:131 com.android.server.wm.StartingSurfaceController$StartingSurface.remove:23 com.android.server.wm.ActivityRecord.removeStartingWindowAnimation:181 
11-09 19:05:23.409  1454  1586 I WindowManager: Reparenting to leash, surface=Surface(name=56dfd76 com.example.risewell/com.example.risewell.MainActivity)/@0xf4b4a74, syncState=0, syncCommitDepth=0, leashParent=Surface(name=ActivityRecord{bef6c08 u0 com.example.risewell/.MainActivity t1682})/@0xd763b9d
11-09 19:05:23.410  1454  1586 D WindowManager: makeSurface duration=1 leash=Surface(name=Surface(name=56dfd76 com.example.risewell/com.example.risewell.MainActivity)/@0xf4b4a74 - animation-leash of starting_reveal)/@0x9ef6812
11-09 19:05:23.410  1454  1586 V WindowManager: performShowLocked: mDrawState=HAS_DRAWN in Window{56dfd76 u0 com.example.risewell/com.example.risewell.MainActivity}
11-09 19:05:23.412  1454  1582 I Pageboost: Launch time gathered : pid 32097 com.example.risewell 745
11-09 19:05:23.427  1454  1585 D SGM:FgCheckThread: getForegroundApp(), foregroundPkgName=com.example.risewell
11-09 19:05:23.427  1454  1585 D SGM:FgCheckThread: noteStopComponent(), received pkgName: com.sec.android.app.launcher, focusedPkgName: com.example.risewell, userId: 0
11-09 19:05:23.451  1454  2209 D InsetsSourceProvider: updateControlForTarget: control=InsetsSourceControl: {3 mType=ime mSurfacePosition=Point(0, 80) mInsetsHint=Insets{left=0, top=0, right=0, bottom=1026}}, target=Window{56dfd76 u0 com.example.risewell/com.example.risewell.MainActivity}, from=com.android.server.wm.ImeInsetsSourceProvider.updateControlForTarget:17 com.android.server.wm.InsetsStateController.onControlTargetChanged:81 com.android.server.wm.DisplayContent.updateImeControlTarget:21 com.android.server.wm.DisplayContent.updateImeInputAndControlTarget:81 com.android.server.wm.WindowManagerService$LocalService.updateInputMethodTargetWindow:21 
11-09 19:05:23.473  1454  4942 D WindowManager: updateSystemBarAttributes: displayId=0, focusedCanBeNavColorWin=false, win=Window{56dfd76 u0 com.example.risewell/com.example.risewell.MainActivity}, navColorWin=Window{56dfd76 u0 com.example.risewell/com.example.risewell.MainActivity}, caller=com.android.server.wm.DisplayPolicy.finishPostLayoutPolicyLw:17 com.android.server.wm.RootWindowContainer.applySurfaceChangesTransaction$1:194 com.android.server.wm.RootWindowContainer.performSurfacePlacementNoTrace:61 
11-09 19:05:23.478  1454  1487 D WindowManager: Starting window removed Window{86ec5bd u0 Splash Screen com.example.risewell}
11-09 19:05:23.478  1454  1487 I WindowManager: Cancelling animation restarting=false, leash=Surface(name=Surface(name=56dfd76 com.example.risewell/com.example.risewell.MainActivity)/@0xf4b4a74 - animation-leash of starting_reveal)/@0x9ef6812
11-09 19:05:23.478  1454  1487 I WindowManager: Reparenting to original parent: Surface(name=ActivityRecord{bef6c08 u0 com.example.risewell/.MainActivity t1682})/@0xd763b9d, destroy=false, syncState=0, syncCommitDepth=0, surface=Surface(name=56dfd76 com.example.risewell/com.example.risewell.MainActivity)/@0xf4b4a74
