11-09 19:11:08.785  3693  3693 D nativeloader: Configuring clns-7 for other apk /data/app/~~uzdZ0X41hHYdJgasmGewPA==/com.example.risewell-iW_T-JlEnh1xyzWeWSUG6A==/base.apk. target_sdk_version=34, uses_libraries=, library_path=/data/app/~~uzdZ0X41hHYdJgasmGewPA==/com.example.risewell-iW_T-JlEnh1xyzWeWSUG6A==/lib/arm64:/data/app/~~uzdZ0X41hHYdJgasmGewPA==/com.example.risewell-iW_T-JlEnh1xyzWeWSUG6A==/base.apk!/lib/arm64-v8a, permitted_path=/data:/mnt/expand:/data/user/0/com.example.risewell
11-09 19:11:08.815  1454  4942 D SGM:FgCheckThread: notifyAppCreated(), packageName: com.example.risewell, userId: 0, sendRet: true
11-09 19:11:08.815  1454  1827 D SGM:FgCheckThread: onLooperPrepared(), msg: MSG_APP_CREATE, pkgName: com.example.risewell, userId: 0
11-09 19:11:08.816  1454  4942 D SGM:FgCheckThread:   sendRunningComponentFocus(), pkgName: com.example.risewell, userId: 0
11-09 19:11:08.816  1454  4942 D InputDispatcher: Focused application(0): ActivityRecord{2b04fe3 u0 com.example.risewell/.MainActivity t1686}
11-09 19:11:08.817  1454  1827 D SGM:FgCheckThread: onLooperPrepared(), msg: MSG_TASK_FOCUSED, pkgName: com.example.risewell, userId: 0
11-09 19:11:08.817  1454  1827 D SGM:FgCheckThread:   handleTaskFocused(), pkgName: com.example.risewell, userID:0
11-09 19:11:08.817  1454  1827 D SGM:FgCheckThread:   handleResume(). pkgName: com.example.risewell, userId: 0, category: non-game
11-09 19:11:08.817  1454  1827 D SGM:FgCheckThread: notifyFocusInOut(). of pkg: com.example.risewell, type: 4, isSecGameFamily: false, userId: 0
11-09 19:11:08.817  1454  4942 D InsetsSourceProvider: updateControlForTarget: control=InsetsSourceControl: {f8cd0000 mType=statusBars initiallyVisible mSurfacePosition=Point(0, 0) mInsetsHint=Insets{left=0, top=80, right=0, bottom=0}}, target=Window{7ab08f8 u0 Splash Screen com.example.risewell}, from=com.android.server.wm.InsetsStateController.onControlTargetChanged:81 com.android.server.wm.InsetsPolicy.updateBarControlTarget:175 com.android.server.wm.DisplayPolicy.updateSystemBarAttributes:281 com.android.server.wm.WindowManagerService.updateFocusedWindowLocked:375 com.android.server.wm.ActivityTaskManagerService.setLastResumedActivityUncheckLocked:264 
11-09 19:11:08.818  1454  4942 D InsetsSourceProvider: updateControlForTarget: control=InsetsSourceControl: {85120001 mType=navigationBars initiallyVisible mSurfacePosition=Point(0, 2256) mInsetsHint=Insets{left=0, top=0, right=0, bottom=144}}, target=Window{7ab08f8 u0 Splash Screen com.example.risewell}, from=com.android.server.wm.InsetsStateController.onControlTargetChanged:81 com.android.server.wm.InsetsPolicy.updateBarControlTarget:188 com.android.server.wm.DisplayPolicy.updateSystemBarAttributes:281 com.android.server.wm.WindowManagerService.updateFocusedWindowLocked:375 com.android.server.wm.ActivityTaskManagerService.setLastResumedActivityUncheckLocked:264 
11-09 19:11:08.818  1454  4942 D WindowManager: updateSystemBarAttributes: displayId=0, focusedCanBeNavColorWin=false, win=Window{7ab08f8 u0 Splash Screen com.example.risewell}, navColorWin=Window{7ab08f8 u0 Splash Screen com.example.risewell}, caller=com.android.server.wm.WindowManagerService.updateFocusedWindowLocked:375 com.android.server.wm.ActivityTaskManagerService.setLastResumedActivityUncheckLocked:264 com.android.server.wm.ActivityTaskSupervisor.updateTopResumedActivityIfNeeded:50 
11-09 19:11:08.819  1454  4942 D ActivityTaskManager: scheduleTopResumedActivityChanged, onTop=true, r=ActivityRecord{2b04fe3 u0 com.example.risewell/.MainActivity t1686}, caller=com.android.server.wm.ActivityTaskSupervisor.updateTopResumedActivityIfNeeded:62 com.android.server.wm.TaskFragment.setResumedActivity:29 com.android.server.wm.ActivityRecord.setState:104 com.android.server.wm.ActivityTaskSupervisor.realStartActivityLocked:949 com.android.server.wm.RootWindowContainer.attachApplication:90 com.android.server.wm.ActivityTaskManagerService$LocalService.attachApplication:40 
11-09 19:11:08.821  2077  2077 I {OngoingActivityDataHelper}: setBaseActivityComponentName:ComponentInfo{com.example.risewell/com.example.risewell.MainActivity}
11-09 19:11:08.821  2077  2077 D NavigationBar: onSystemBarAttributesChanged() -  displayId:0, appearance:24, packageName: com.example.risewell (APPEARANCE_LIGHT_STATUS_BARS APPEARANCE_LIGHT_NAVIGATION_BARS ), navbarColorManagedByIme:false
11-09 19:11:08.823  1454  1585 D SGM:GameManager: identifyGamePackage. com.example.risewell, mCurrentUserId: 0, callerUserId: 0, callingMethodInfo: com.samsung.android.game.SemGameManager.isGamePackage(SemGameManager.java:105)
11-09 19:11:08.823  1454  1585 D SGM:SemGameManager: isGamePackage(), pkgName=com.example.risewell, ret=false
11-09 19:11:08.823  4574  4610 I SDHMS:l : handleResumeComponent : put = com.example.risewell, userid = 0 instanceid =31549593
11-09 19:11:08.824  2576  2576 I HoneySpace.EdgePanel.EdgeContainerViewModel: cocktailHostRepository.edgePanelOperation NoteResumeComponent(componentName=ComponentInfo{com.example.risewell/com.example.risewell.MainActivity})
11-09 19:11:08.824  2576 31150 I HoneySpace.EdgePanel.ActivityUtils: HomePackage : com.sec.android.app.launcher, resumePackageName : com.example.risewell
11-09 19:11:08.824  1454  2209 D GraphicsStatsService: requestRenderEngineFor(com.example.risewell)
11-09 19:11:08.825  3693  3693 D ActivityThread: com.example.risewell will use render engine as VK
11-09 19:11:08.826  2077  2159 I InsetsController: onStateChanged: host=Splash Screen com.example.risewell, from=android.view.ViewRootImpl.handleInsetsControlChanged:2888, state=InsetsState: {mDisplayFrame=Rect(0, 0 - 1080, 2400), mDisplayCutout=DisplayCutout{insets=Rect(0, 80 - 0, 0) waterfall=Insets{left=0, top=0, right=0, bottom=0} boundingRect={Bounds=[Rect(0, 0 - 0, 0), Rect(510, 0 - 570, 80), Rect(0, 0 - 0, 0), Rect(0, 0 - 0, 0)]} cutoutPathParserInfo={CutoutPathParserInfo{displayWidth=1080 displayHeight=2400 physicalDisplayWidth=1080 physicalDisplayHeight=2400 density={3.0} cutoutSpec={M 0,0 H -10 V 26.66666666666667 H 10 V 0 H 0 Z @dp} rotation={0} scale={1.0} physicalPixelDisplaySizeRatio={1.0}}} sideOverrides={}}, mRoundedCorners=RoundedCorners{[RoundedCorner{position=TopLeft, radius=108, center=Point(108, 108)}, RoundedCorner{position=TopRight, radius=108, center=Point(972, 108)}, RoundedCorner{position=BottomRight, radius=108, center=Point(972, 2292)}, RoundedCorner{position=BottomLeft, radius=108, center=Point(108, 2292)}]}  mRoundedCornerFrame=Rect(0, 0 - 1080, 2400), mPrivacyIndicatorBounds=PrivacyIndicatorBounds {static bounds=Rect(948, 0 - 1080, 80) rotation=0}, mDisplayShape=DisplayShape{ spec=-311912193 displayWidth=1080 displayHeight=2400 physicalPixelDisplaySizeRatio=1.0 rotation=0 offsetX=0 offsetY=0 scale=1.0}, mSources= { InsetsSource: {85120001 mType=navigationBars mFrame=[0,2256][1080,2400] mVisible=true mFlags= mSideHint=BOTTOM mBoundingRects=null}, InsetsSource: {85120004 mType=systemGestures mFrame=[0,0][0,0] mVisible=true mFlags= mSideHint=NONE mBoundingRects=null}, InsetsSource: {85120005 mType=mandatorySystemGestures mFrame=[0,2256][1080,2400] mVisible=true mFlags= mSideHint=BOTTOM mBoundingRects=null}, InsetsSource: {85120006 mType=tappableElement mFrame=[0,2256][1080,2400] mVisible=true mFlags= mSideHint=BOTTOM mBoundingRects=null}, InsetsSource: {85120024 mType=systemGestures mFrame=[0,0][0,0] mVisible=true mFlags= mSideHint=NONE mBoundingRects=null}, InsetsSource: {f8cd0000 mType=statusBars mFrame=[0,0][1080,80] mVisible=true mFlags= mSideHint=TOP mBoundingRects=null}, InsetsSource: {f8cd0005 mType=mandatorySystemGestures mFrame=[0,0][1080,116] mVisible=true mFlags= mSideHint=TOP mBoundingRects=null}, InsetsSource: {f8cd0006 mType=tappableElement mFrame=[0,0][1080,80] mVisible=true mFlags= mSideHint=TOP mBoundingRects=null}, InsetsSource: {3 mType=ime mFrame=[0,0][0,0] mVisible=false mFlags= mSideHint=NONE mBoundingRects=null}, InsetsSource: {27 mType=displayCutout mFrame=[0,0][1080,80] mVisible=true mFlags= mSideHint=TOP mBoundingRects=null} }
11-09 19:11:08.826  2077  2159 I InsetsSourceConsumer: applyRequestedVisibilityToControl: visible=true, type=statusBars, host=Splash Screen com.example.risewell
11-09 19:11:08.826  2077  2159 I InsetsSourceConsumer: applyRequestedVisibilityToControl: visible=true, type=navigationBars, host=Splash Screen com.example.risewell
11-09 19:11:08.826  1454  1585 D SGM:FgCheckThread: noteResumeComponent(), received pkgName: com.example.risewell, userId: 0
11-09 19:11:08.826  1454  1827 D SGM:FgCheckThread: onLooperPrepared(), msg: MSG_APP_RESUME, pkgName: com.example.risewell, userid: 0
11-09 19:11:08.826  1454  1827 D SGM:FgCheckThread:   handleResume(). pkgName: com.example.risewell, userId: 0, category: non-game
11-09 19:11:08.826  1454  1827 D SGM:FgCheckThread: notifyFocusInOut(). of pkg: com.example.risewell, type: 4, isSecGameFamily: false, userId: 0
11-09 19:11:08.864  1096  1096 D SurfaceFlinger:        CLIENT |   0xb400006f6bc78610 | 0001 | RGBA_8888    |    0.0    0.0 1080.0 2400.0 |    2    4 1078 2396 | Splash Screen com.example.risewell$_2077#2721 (1)
11-09 19:11:08.877  1096  1121 I SurfaceFlinger: id=2726 createSurf, flag=84004, 89431ef com.example.risewell/com.example.risewell.MainActivity#2726
11-09 19:11:08.879  3693  3693 I InsetsController: onStateChanged: host=com.example.risewell/com.example.risewell.MainActivity, from=android.view.ViewRootImpl.setView:1999, state=InsetsState: {mDisplayFrame=Rect(0, 0 - 1080, 2400), mDisplayCutout=DisplayCutout{insets=Rect(0, 80 - 0, 0) waterfall=Insets{left=0, top=0, right=0, bottom=0} boundingRect={Bounds=[Rect(0, 0 - 0, 0), Rect(510, 0 - 570, 80), Rect(0, 0 - 0, 0), Rect(0, 0 - 0, 0)]} cutoutPathParserInfo={CutoutPathParserInfo{displayWidth=1080 displayHeight=2400 physicalDisplayWidth=1080 physicalDisplayHeight=2400 density={3.0} cutoutSpec={M 0,0 H -10 V 26.66666666666667 H 10 V 0 H 0 Z @dp} rotation={0} scale={1.0} physicalPixelDisplaySizeRatio={1.0}}} sideOverrides={}}, mRoundedCorners=RoundedCorners{[RoundedCorner{position=TopLeft, radius=108, center=Point(108, 108)}, RoundedCorner{position=TopRight, radius=108, center=Point(972, 108)}, RoundedCorner{position=BottomRight, radius=108, center=Point(972, 2292)}, RoundedCorner{position=BottomLeft, radius=108, center=Point(108, 2292)}]}  mRoundedCornerFrame=Rect(0, 0 - 1080, 2400), mPrivacyIndicatorBounds=PrivacyIndicatorBounds {static bounds=Rect(948, 0 - 1080, 80) rotation=0}, mDisplayShape=DisplayShape{ spec=-311912193 displayWidth=1080 displayHeight=2400 physicalPixelDisplaySizeRatio=1.0 rotation=0 offsetX=0 offsetY=0 scale=1.0}, mSources= { InsetsSource: {85120001 mType=navigationBars mFrame=[0,2256][1080,2400] mVisible=true mFlags= mSideHint=BOTTOM mBoundingRects=null}, InsetsSource: {85120004 mType=systemGestures mFrame=[0,0][0,0] mVisible=true mFlags= mSideHint=NONE mBoundingRects=null}, InsetsSource: {85120005 mType=mandatorySystemGestures mFrame=[0,2256][1080,2400] mVisible=true mFlags= mSideHint=BOTTOM mBoundingRects=null}, InsetsSource: {85120006 mType=tappableElement mFrame=[0,2256][1080,2400] mVisible=true mFlags= mSideHint=BOTTOM mBoundingRects=null}, InsetsSource: {85120024 mType=systemGestures mFrame=[0,0][0,0] mVisible=true mFlags= mSideHint=NONE mBoundingRects=null}, InsetsSource: {f8cd0000 mType=statusBars mFrame=[0,0][1080,80] mVisible=true mFlags= mSideHint=TOP mBoundingRects=null}, InsetsSource: {f8cd0005 mType=mandatorySystemGestures mFrame=[0,0][1080,116] mVisible=true mFlags= mSideHint=TOP mBoundingRects=null}, InsetsSource: {f8cd0006 mType=tappableElement mFrame=[0,0][1080,80] mVisible=true mFlags= mSideHint=TOP mBoundingRects=null}, InsetsSource: {3 mType=ime mFrame=[0,0][0,0] mVisible=false mFlags= mSideHint=NONE mBoundingRects=null}, InsetsSource: {27 mType=displayCutout mFrame=[0,0][1080,80] mVisible=true mFlags= mSideHint=TOP mBoundingRects=null} }
11-09 19:11:08.880  3693  3693 I IDS_TAG : Getting Shared Preference for com.example.risewell.RiseWellApplication@29fdc06 uid = 10022
11-09 19:11:08.882  3693  3693 I IDS_TAG : App com.example.risewell.RiseWellApplication@29fdc06 has not finished training
11-09 19:11:08.883  3693  3693 I IDS_TAG : Getting Shared Preference for com.example.risewell.RiseWellApplication@29fdc06 uid = 10022
11-09 19:11:08.883  3693  3693 I IDS_TAG : IDS count updated to 3 for com.example.risewell.RiseWellApplication@29fdc06
11-09 19:11:08.884  1096  1096 I SurfaceFlinger: [89431ef com.example.risewell/com.example.risewell.MainActivity#2726] attach to parent LayerHierarchy{RequestedLayerState{ActivityRecord{2b04fe3 u0 com.example.risewell/.MainActivity t1686}#2716 parentId=2715} 3 children}
11-09 19:11:08.892  1096  1096 I SurfaceFlinger: Layer [89431ef com.example.risewell/com.example.risewell.MainActivity#2726] hidden!! flag(4096)
11-09 19:11:08.920  1454  2209 D PersonaActivityHelper: token.toString()  Token{1e16899 ActivityRecord{2b04fe3 u0 com.example.risewell/.MainActivity t1686}}
11-09 19:11:08.937  1096  1096 D SurfaceFlinger:        DEVICE |   0xb400006f6bc78610 | 0001 | RGBA_8888    |    0.0    0.0 1080.0 2400.0 |    0    0 1080 2400 | Splash Screen com.example.risewell$_2077#2721 (1)
11-09 19:11:08.946  1096  1096 D SurfaceFlinger:        DEVICE |   0xb400006f6bc78610 | 0001 | RGBA_8888    |    0.0    0.0 1080.0 2400.0 |    0    0 1080 2400 | Splash Screen com.example.risewell$_2077#2721 (1)
11-09 19:11:08.999  1454  4942 D CoreBackPreview: Window{89431ef u0 com.example.risewell/com.example.risewell.MainActivity}: Setting back callback OnBackInvokedCallbackInfo{mCallback=android.window.IOnBackInvokedCallback$Stub$Proxy@906e52c, mPriority=0, mIsAnimationCallback=false}
11-09 19:11:09.179  1454  4942 V WindowManager: Relayout Window{89431ef u0 com.example.risewell/com.example.risewell.MainActivity}: viewVisibility=0 req=1080x2400 ty=1 d0
11-09 19:11:09.180  1096  2640 I SurfaceFlinger: id=2728 createSurf, flag=44004, com.example.risewell/com.example.risewell.MainActivity$_3693#2728
11-09 19:11:09.180  1454  4942 D WindowManager: makeSurface duration=0 name=com.example.risewell/com.example.risewell.MainActivity$_3693
11-09 19:11:09.181  1454  4942 D WindowManager: Changing focus from null to Window{89431ef u0 com.example.risewell/com.example.risewell.MainActivity} displayId=0 Callers=com.android.server.wm.WindowManagerService.relayoutWindowInner:142 com.android.server.wm.WindowManagerService.relayoutWindow:6 com.android.server.wm.Session.relayout:27 android.view.IWindowSession$Stub.onTransact:861 
11-09 19:11:09.182  1454  4942 D InsetsSourceProvider: updateControlForTarget: control=InsetsSourceControl: {f8cd0000 mType=statusBars initiallyVisible mSurfacePosition=Point(0, 0) mInsetsHint=Insets{left=0, top=80, right=0, bottom=0}}, target=Window{89431ef u0 com.example.risewell/com.example.risewell.MainActivity}, from=com.android.server.wm.InsetsStateController.onControlTargetChanged:81 com.android.server.wm.InsetsPolicy.updateBarControlTarget:175 com.android.server.wm.DisplayPolicy.updateSystemBarAttributes:281 com.android.server.wm.WindowManagerService.updateFocusedWindowLocked:375 com.android.server.wm.WindowManagerService.relayoutWindowInner:142 
11-09 19:11:09.182  1096  1096 I SurfaceFlinger: [com.example.risewell/com.example.risewell.MainActivity$_3693#2728] attach to parent LayerHierarchy{RequestedLayerState{89431ef com.example.risewell/com.example.risewell.MainActivity#2726 parentId=2716} 1 children}
11-09 19:11:09.183  1454  4942 D InsetsSourceProvider: updateControlForTarget: control=InsetsSourceControl: {85120001 mType=navigationBars initiallyVisible mSurfacePosition=Point(0, 2256) mInsetsHint=Insets{left=0, top=0, right=0, bottom=144}}, target=Window{89431ef u0 com.example.risewell/com.example.risewell.MainActivity}, from=com.android.server.wm.InsetsStateController.onControlTargetChanged:81 com.android.server.wm.InsetsPolicy.updateBarControlTarget:188 com.android.server.wm.DisplayPolicy.updateSystemBarAttributes:281 com.android.server.wm.WindowManagerService.updateFocusedWindowLocked:375 com.android.server.wm.WindowManagerService.relayoutWindowInner:142 
11-09 19:11:09.183  1454  4942 V SystemKeyManager: updateFocusedWindow() is called, com.example.risewell/com.example.risewell.MainActivity
11-09 19:11:09.204  1096  1212 D SurfaceFlinger: [input] setFocusedWindow: 89431ef com.example.risewell/com.example.risewell.MainActivity
11-09 19:11:09.204  1454  5651 D InputDispatcher: Once focus requested (0): 89431ef com.example.risewell/com.example.risewell.MainActivity
11-09 19:11:09.204  1454  5651 D InputDispatcher: Focus request (0): 89431ef com.example.risewell/com.example.risewell.MainActivity but waiting because NO_WINDOW
11-09 19:11:09.313  1096  2640 I SurfaceFlinger: [com.example.risewell/com.example.risewell.MainActivity$_3693#2728] setTransactionState with the first frame. bufferData(ID: 15861314224131, frameNumber: 1)
11-09 19:11:09.313  1454  4942 D WindowManager: finishDrawingWindow: Window{89431ef u0 com.example.risewell/com.example.risewell.MainActivity} mDrawState=DRAW_PENDING seqId=0
11-09 19:11:09.314  1454  1586 V WindowManager: Finish starting ActivityRecord{2b04fe3 u0 com.example.risewell/.MainActivity t1686}: first real window is shown, no animation
11-09 19:11:09.314  1454  1586 V WindowManager: Schedule remove starting ActivityRecord{2b04fe3 u0 com.example.risewell/.MainActivity t1686} startingWindow=Window{7ab08f8 u0 Splash Screen com.example.risewell} animate=true Callers=com.android.server.wm.ActivityRecord.removeStartingWindow:150 com.android.server.wm.WindowState.performShowLocked:147 com.android.server.wm.WindowStateAnimator.commitFinishDrawingLocked:59 com.android.server.wm.DisplayContent$$ExternalSyntheticLambda1.accept$com$android$server$wm$DisplayContent$$ExternalSyntheticLambda40:22 com.android.server.wm.DisplayContent$$ExternalSyntheticLambda1.accept:305 
11-09 19:11:09.314  1454  1586 D TaskOrganizerController: applyStartingWindowAnimation, window=Window{89431ef u0 com.example.risewell/com.example.risewell.MainActivity}, caller=com.android.server.wm.TaskOrganizerController.removeStartingWindow:131 com.android.server.wm.StartingSurfaceController$StartingSurface.remove:23 com.android.server.wm.ActivityRecord.removeStartingWindowAnimation:181 
11-09 19:11:09.314  1454  1586 I WindowManager: Reparenting to leash, surface=Surface(name=89431ef com.example.risewell/com.example.risewell.MainActivity)/@0x785f856, syncState=0, syncCommitDepth=0, leashParent=Surface(name=ActivityRecord{2b04fe3 u0 com.example.risewell/.MainActivity t1686})/@0xe3920d7
11-09 19:11:09.314  1096  2640 I SurfaceFlinger: id=2731 createSurf, flag=24000, Surface(name=89431ef com.example.risewell/com.example.risewell.MainActivity)/@0x785f856 - animation-leash of starting_reveal#2731
11-09 19:11:09.315  1454  1586 D WindowManager: makeSurface duration=0 leash=Surface(name=Surface(name=89431ef com.example.risewell/com.example.risewell.MainActivity)/@0x785f856 - animation-leash of starting_reveal)/@0x39eadc4
11-09 19:11:09.315  1454  1586 V WindowManager: performShowLocked: mDrawState=HAS_DRAWN in Window{89431ef u0 com.example.risewell/com.example.risewell.MainActivity}
11-09 19:11:09.316  1096  1096 I SurfaceFlinger: [Surface(name=89431ef com.example.risewell/com.example.risewell.MainActivity)/@0x785f856 - animation-leash of starting_reveal#2731] attach to parent LayerHierarchy{RequestedLayerState{ActivityRecord{2b04fe3 u0 com.example.risewell/.MainActivity t1686}#2716 parentId=2715} 4 children}
11-09 19:11:09.317  1454  1582 I PkgPredictorService-SecIpmManagerServiceImpl: reportToNAP uid:10022 com.example.risewell/com.example.risewell.MainActivity thisTime:809
11-09 19:11:09.319  3693  3693 I InsetsSourceConsumer: applyRequestedVisibilityToControl: visible=true, type=statusBars, host=com.example.risewell/com.example.risewell.MainActivity
11-09 19:11:09.319  3693  3693 I InsetsSourceConsumer: applyRequestedVisibilityToControl: visible=true, type=navigationBars, host=com.example.risewell/com.example.risewell.MainActivity
11-09 19:11:09.319  1454  1582 I ActivityTaskManager: Displayed com.example.risewell/.MainActivity for user 0: +809ms
11-09 19:11:09.319  1454  1582 I Pageboost: Launch time gathered : pid 3693 com.example.risewell 809
11-09 19:11:09.326  1096  1096 I SurfaceFlinger: Layer [com.example.risewell/com.example.risewell.MainActivity$_3693#2728] hidden!! flag(0)
11-09 19:11:09.326  1096  1096 I SurfaceFlinger: [LayerHierarchy{RequestedLayerState{89431ef com.example.risewell/com.example.risewell.MainActivity#2726 parentId=2731} 1 children}] reparent to LayerHierarchy{RequestedLayerState{Surface(name=89431ef com.example.risewell/com.example.risewell.MainActivity)/@0x785f856 - animation-leash of starting_reveal#2731 parentId=2716} 1 children}
11-09 19:11:09.335  1096  1096 D SurfaceFlinger:        DEVICE |   0xb400006f6bc99f50 | 0001 | RGBA_8888    |    0.0    0.0 1080.0 2400.0 |    0    0 1080 2400 | com.example.risewell/com.example.risewell.MainActivity$_3693#2728 (1)
11-09 19:11:09.335  1096  1096 D SurfaceFlinger:        DEVICE |   0xb400006f6bc852d0 | 0001 | RGBA_8888    |    0.0    0.0 1080.0 2400.0 |    0    0 1080 2400 | Splash Screen com.example.risewell$_2077#2721 (2)
11-09 19:11:09.336  1454  1585 D SGM:FgCheckThread: getForegroundApp(), foregroundPkgName=com.example.risewell
11-09 19:11:09.336  1454  6583 D InputDispatcher: Focus entered window (0): 89431ef com.example.risewell/com.example.risewell.MainActivity
11-09 19:11:09.336  1454  1585 D SGM:FgCheckThread: noteStopComponent(), received pkgName: com.samsung.android.lool, focusedPkgName: com.example.risewell, userId: 0
11-09 19:11:09.339  1454  1821 I ImeTracker: com.example.risewell:341fed2c: onRequestHide at ORIGIN_SERVER reason HIDE_UNSPECIFIED_WINDOW fromUser false
11-09 19:11:09.339  1454  1821 I ImeTracker: com.example.risewell:341fed2c: onCancelled at PHASE_SERVER_SHOULD_HIDE
11-09 19:11:09.340  1454  1585 D SGM:FgCheckThread: getForegroundApp(), foregroundPkgName=com.example.risewell
11-09 19:11:09.340  1454  1585 D SGM:FgCheckThread: noteStopComponent(), received pkgName: com.sec.android.app.launcher, focusedPkgName: com.example.risewell, userId: 0
11-09 19:11:09.348  5925  5925 I HBD     : c [AiWriter] setContact : com.example.risewell
11-09 19:11:09.348  5925  5925 I HBD     : a [AiWriter] setContact : com.example.risewell
11-09 19:11:09.353  1454  4942 D InsetsSourceProvider: updateControlForTarget: control=InsetsSourceControl: {3 mType=ime mSurfacePosition=Point(0, 80) mInsetsHint=Insets{left=0, top=0, right=0, bottom=1026}}, target=Window{89431ef u0 com.example.risewell/com.example.risewell.MainActivity}, from=com.android.server.wm.ImeInsetsSourceProvider.updateControlForTarget:17 com.android.server.wm.InsetsStateController.onControlTargetChanged:81 com.android.server.wm.DisplayContent.updateImeControlTarget:21 com.android.server.wm.DisplayContent.updateImeInputAndControlTarget:81 com.android.server.wm.WindowManagerService$LocalService.updateInputMethodTargetWindow:21 
11-09 19:11:09.363  3693  3693 I InsetsSourceConsumer: applyRequestedVisibilityToControl: visible=false, type=ime, host=com.example.risewell/com.example.risewell.MainActivity
11-09 19:11:09.366  1096  1096 I SurfaceFlinger: [LayerHierarchy{RequestedLayerState{ImeContainer#16 parentId=2716 relativeParentId=2716 z=3} 1 children}] reparent to LayerHierarchy{RequestedLayerState{ActivityRecord{2b04fe3 u0 com.example.risewell/.MainActivity t1686}#2716 parentId=2715} 4 children}
11-09 19:11:09.367  1454  4942 V WindowManager: Relayout Window{7ab08f8 u0 Splash Screen com.example.risewell}: viewVisibility=8 req=1080x2400 ty=3 d0
11-09 19:11:09.368  1454  4942 D CoreBackPreview: Window{7ab08f8 u0 Splash Screen com.example.risewell}: Setting back callback null
11-09 19:11:09.369  1454  2209 D WindowManager: Starting window removed Window{7ab08f8 u0 Splash Screen com.example.risewell}
11-09 19:11:09.369  1454  2209 I WindowManager: Cancelling animation restarting=false, leash=Surface(name=Surface(name=89431ef com.example.risewell/com.example.risewell.MainActivity)/@0x785f856 - animation-leash of starting_reveal)/@0x39eadc4
11-09 19:11:09.369  1454  2209 I WindowManager: Reparenting to original parent: Surface(name=ActivityRecord{2b04fe3 u0 com.example.risewell/.MainActivity t1686})/@0xe3920d7, destroy=false, syncState=0, syncCommitDepth=0, surface=Surface(name=89431ef com.example.risewell/com.example.risewell.MainActivity)/@0x785f856
11-09 19:11:09.369  1454  2209 W InputManager-JNI: Input channel object '7ab08f8 Splash Screen com.example.risewell (client)' was disposed without first being removed with the input manager!
11-09 19:11:09.369  1454  2209 V WindowManager: Remove Window{7ab08f8 u0 Splash Screen com.example.risewell}: mSurfaceController=Surface(name=Splash Screen com.example.risewell$_2077)/@0x294fcc1 mAnimatingExit=false mRemoveOnExit=false mHasSurface=true surfaceShowing=true animating=false app-animation=false mDisplayFrozen=false callers=com.android.server.wm.Session.remove:16 android.view.IWindowSession$Stub.onTransact:794 com.android.server.wm.Session.onTransact:1 android.os.Binder.execTransactInternal:1536 android.os.Binder.execTransact:1480 <bottom of call stack> 
11-09 19:11:09.369  1454  2209 I WindowManager: Destroying surface Surface(name=Splash Screen com.example.risewell$_2077)/@0x294fcc1 called by com.android.server.wm.WindowStateAnimator.destroySurface:11 com.android.server.wm.WindowStateAnimator.destroySurfaceLocked:54 com.android.server.wm.WindowState.removeImmediately:43 com.android.server.wm.WindowState.removeIfPossible:638 com.android.server.wm.Session.remove:16 android.view.IWindowSession$Stub.onTransact:794 com.android.server.wm.Session.onTransact:1 android.os.Binder.execTransactInternal:1536 
11-09 19:11:09.383  1096  1096 I SurfaceFlinger: [LayerHierarchy{RequestedLayerState{ImeContainer#16 parentId=2716 relativeParentId=2726 z=1} 1 children}] RelativeParent to LayerHierarchy{RequestedLayerState{89431ef com.example.risewell/com.example.risewell.MainActivity#2726 parentId=2716} 2 children}
11-09 19:11:09.383  1096  1096 I SurfaceFlinger: [LayerHierarchy{RequestedLayerState{Splash Screen com.example.risewell$_2077#2721} no children}] reparent to OffscreenRoot
11-09 19:11:09.383  1096  1096 I SurfaceFlinger: [LayerHierarchy{RequestedLayerState{Splash Screen com.example.risewell$_2077#2721} no children}] RelativeParent to null
11-09 19:11:09.383  1096  1096 I SurfaceFlinger: [LayerHierarchy{RequestedLayerState{89431ef com.example.risewell/com.example.risewell.MainActivity#2726 parentId=2716} 2 children}] reparent to LayerHierarchy{RequestedLayerState{ActivityRecord{2b04fe3 u0 com.example.risewell/.MainActivity t1686}#2716 parentId=2715} 5 children}
11-09 19:11:09.383  1096  1096 I SurfaceFlinger: [LayerHierarchy{RequestedLayerState{7ab08f8 Splash Screen com.example.risewell#2717 z=2147483647} no children}] reparent to OffscreenRoot
11-09 19:11:09.383  1096  1096 I SurfaceFlinger: [LayerHierarchy{RequestedLayerState{7ab08f8 Splash Screen com.example.risewell#2717 z=2147483647} no children}] RelativeParent to null
11-09 19:11:09.383  1096  1096 I SurfaceFlinger: [LayerHierarchy{RequestedLayerState{Surface(name=89431ef com.example.risewell/com.example.risewell.MainActivity)/@0x785f856 - animation-leash of starting_reveal#2731} no children}] reparent to OffscreenRoot
11-09 19:11:09.383  1096  1096 I SurfaceFlinger: [LayerHierarchy{RequestedLayerState{Surface(name=89431ef com.example.risewell/com.example.risewell.MainActivity)/@0x785f856 - animation-leash of starting_reveal#2731} no children}] RelativeParent to null
11-09 19:11:09.384  1096  1096 I SurfaceFlinger: id=2721 Removed Splash Screen com.example.risewell$_2077#2721 (149)
11-09 19:11:09.385  1096  1096 I SurfaceFlinger: id=2717 Removed 7ab08f8 Splash Screen com.example.risewell#2717 (149)
11-09 19:11:09.390  1096  1096 D SurfaceFlinger:        DEVICE |   0xb400006f6bc99f50 | 0001 | RGBA_8888    |    0.0    0.0 1080.0 2400.0 |    0    0 1080 2400 | com.example.risewell/com.example.risewell.MainActivity$_3693#2728 (1)
11-09 19:11:09.391  1096  1096 I SurfaceFlinger: destroyed Splash Screen com.example.risewell$_2077#2721
11-09 19:11:09.391  1096  1096 I SurfaceFlinger: destroyed 7ab08f8 Splash Screen com.example.risewell#2717
11-09 19:11:09.392  1096  1096 I Layer   : id=2721 Destroyed Splash Screen com.example.risewell$_2077#2721
11-09 19:11:09.392  1096  1096 I Layer   : id=2717 Destroyed 7ab08f8 Splash Screen com.example.risewell#2717
11-09 19:11:09.451  5925 16280 I HBD     : h [SKE_SPECIFIC] specific model[com.example.risewell] loaded, 94029769 ns
11-09 19:11:09.477  1454  1884 D MdnieScenarioControlService:  packageName : com.example.risewell    className : com.example.risewell.MainActivity
11-09 19:11:09.540  1096  1125 D RenderEngine: [SEC_SF_EFFECTS] drawLayersInternal,1313, Rendering layer com.example.risewell/com.example.risewell.MainActivity$_3693#2728 at index 1
11-09 19:11:09.854  1454  1585 D SGM:GameManager: identifyForegroundApp. com.example.risewell, mCurrentUserId: 0, callerUserId: 0
11-09 19:11:10.132  1096  1096 I LayerHistory: com.example.risewell/com.example.risewell.MainActivity$_3693#2728 Max (can't resolve refresh rate)
11-09 19:11:10.371  1096  1096 I LayerHistory: com.example.risewell/com.example.risewell.MainActivity$_3693#2728 Max (can't resolve refresh rate)
11-09 19:11:10.392  1096  1096 I SurfaceFlinger: [com.example.risewell/com.example.risewell.MainActivity$_3693#2728] setFrameRateCategory: HighHint
11-09 19:11:11.198  3693  3693 E AndroidRuntime: Process: com.example.risewell, PID: 3693
11-09 19:11:11.198  3693  3693 E AndroidRuntime: 	at com.example.risewell.data.local.UserProfileDao_Impl$9.call(UserProfileDao_Impl.java:206)
11-09 19:11:11.198  3693  3693 E AndroidRuntime: 	at com.example.risewell.data.local.UserProfileDao_Impl$9.call(UserProfileDao_Impl.java:202)
11-09 19:11:11.200  1454  6583 W ActivityTaskManager:   Force finishing activity com.example.risewell/.MainActivity
11-09 19:11:11.202  1454  6583 D ActivityTaskManager: scheduleTopResumedActivityChanged, onTop=false, r=ActivityRecord{2b04fe3 u0 com.example.risewell/.MainActivity t1686 f}}, caller=com.android.server.wm.ActivityTaskSupervisor.scheduleTopResumedActivityStateLossIfNeeded:11 com.android.server.wm.ActivityTaskSupervisor.updateTopResumedActivityIfNeeded:19 com.android.server.wm.TaskDisplayArea.positionChildAt:270 com.android.server.wm.WindowContainer.positionChildAt:86 com.android.server.wm.Task.positionChildAt:19 com.android.server.wm.Task.moveToFront:443 
11-09 19:11:11.202  1454  6583 V WindowManager: Collecting in transition 201: Task{9fb5de0 #1686 type=standard A=10022:com.example.risewell}, caller=com.android.server.wm.Transition.collectExistenceChange:42 com.android.server.wm.Transition.collectClose:7 com.android.server.wm.ActivityRecord.finishIfPossible:46 com.android.server.wm.ActivityRecord.finishIfPossible:1 com.android.server.wm.RootWindowContainer$$ExternalSyntheticLambda29.accept:182 
11-09 19:11:11.202  1454  6583 D WindowManager: prepareSync <SYNC_STATE_WAITING_FOR_DRAW>, mPrepareSyncSeqId=0, win=Window{89431ef u0 com.example.risewell/com.example.risewell.MainActivity}
11-09 19:11:11.202  1454  6583 V WindowManager: Collecting in transition 201: ActivityRecord{2b04fe3 u0 com.example.risewell/.MainActivity t1686 f}}, caller=com.android.server.wm.TransitionController.collect:7 com.android.server.wm.ActivityRecord.setVisibility:189 com.android.server.wm.ActivityRecord.finishIfPossible:85 com.android.server.wm.ActivityRecord.finishIfPossible:1 com.android.server.wm.RootWindowContainer$$ExternalSyntheticLambda29.accept:182 
11-09 19:11:11.203  1454  3771 W ActivityManager: crash : com.example.risewell,10022
11-09 19:11:11.217  4574  4574 I SDHMS:BarTender:Gatherer:AppError: update AppError : uid=10022, pkg=com.example.risewell, errorType=crash
11-09 19:11:11.222  1454  2209 D InputDispatcher: Focus left window (0): 89431ef com.example.risewell/com.example.risewell.MainActivity
11-09 19:11:11.226  4574  4574 I SDHMS:BarTender:Analyzer:AppError: analyze app error : uid=10022, pkg=com.example.risewell, appErrorCount=3
11-09 19:11:11.227  4551  4551 W DMASA[D]: [d]This app does not allow 3rd-party FC detection: com.example.risewell
11-09 19:11:11.276  1454  2168 I ImeTracker: com.example.risewell:a5e72b61: onRequestHide at ORIGIN_SERVER reason HIDE_REMOVE_CLIENT fromUser false
11-09 19:11:11.276  1454  2168 I ImeTracker: com.example.risewell:a5e72b61: onCancelled at PHASE_SERVER_SHOULD_HIDE
11-09 19:11:11.276  1454  6589 I WindowManager: WIN DEATH: Window{89431ef u0 com.example.risewell/com.example.risewell.MainActivity}
11-09 19:11:11.276  1454  4943 I ActivityManager: Process com.example.risewell (pid 3693) has died: fg  TOP (239,2330)
11-09 19:11:11.276  1454  6589 W InputManager-JNI: Input channel object '89431ef com.example.risewell/com.example.risewell.MainActivity (client)' was disposed without first being removed with the input manager!
11-09 19:11:11.276  1454  6589 V WindowManager: Remove Window{89431ef u0 com.example.risewell/com.example.risewell.MainActivity}: mSurfaceController=Surface(name=com.example.risewell/com.example.risewell.MainActivity$_3693)/@0x9af596f mAnimatingExit=false mRemoveOnExit=false mHasSurface=true surfaceShowing=true animating=false app-animation=false mDisplayFrozen=false callers=com.android.server.wm.Session.binderDied:118 android.os.IBinder$DeathRecipient.binderDied:339 android.os.BinderProxy.sendDeathNotice:794 <bottom of call stack> <bottom of call stack> <bottom of call stack> 
11-09 19:11:11.277  1454  6589 D WindowManager: Changing focus from Window{89431ef u0 com.example.risewell/com.example.risewell.MainActivity EXITING} to null displayId=0 Callers=com.android.server.wm.WindowState.removeIfPossible:600 com.android.server.wm.Session.binderDied:118 android.os.IBinder$DeathRecipient.binderDied:339 android.os.BinderProxy.sendDeathNotice:794 
11-09 19:11:11.277  1454  6589 D WindowManager: updateSystemBarAttributes: displayId=0, focusedCanBeNavColorWin=false, win=Window{89431ef u0 com.example.risewell/com.example.risewell.MainActivity EXITING}, navColorWin=null, caller=com.android.server.wm.DisplayPolicy.finishPostLayoutPolicyLw:17 com.android.server.wm.RootWindowContainer.applySurfaceChangesTransaction$1:194 com.android.server.wm.RootWindowContainer.performSurfacePlacementNoTrace:61 
11-09 19:11:11.278  2077  2077 D NavigationBar: onSystemBarAttributesChanged() -  displayId:0, appearance:8, packageName: com.example.risewell (APPEARANCE_LIGHT_STATUS_BARS ), navbarColorManagedByIme:false
11-09 19:11:11.278  2077  2077 D SamsungLightBarControlHelper: updateNavigationBar (WHITE button) isLightOpaque:false, hasLightNavigationBarFlag:false, packageName:com.example.risewell, DirectReplying:false, NavBarColorMangedByIme:false, ForceDarkForScrim:false, ForceLightForScrim:false, QsCustomizing:false, QsExpanded:false
11-09 19:11:11.280  1454  4943 V WindowManager: Collecting in transition 201: Task{9fb5de0 #1686 type=standard A=10022:com.example.risewell}, caller=com.android.server.wm.Transition.collectClose:12 com.android.server.wm.WindowProcessController.handleAppDied$1:473 com.android.server.am.ActivityManagerService.handleAppDiedLocked:247 com.android.server.am.ActivityManagerService.appDiedLocked:479 com.android.server.am.ActivityManagerService$AppDeathRecipient.binderDied:17 
11-09 19:11:11.280  1454  4943 V WindowManager: Collecting in transition 201: ActivityRecord{2b04fe3 u0 com.example.risewell/.MainActivity t1686 f}}, caller=com.android.server.wm.TransitionController.collect:7 com.android.server.wm.ActivityRecord.onRemovedFromDisplay:324 com.android.server.wm.ActivityRecord.removeFromHistory:176 com.android.server.wm.WindowProcessController.handleAppDied$1:514 com.android.server.am.ActivityManagerService.handleAppDiedLocked:247 
11-09 19:11:11.290  1454  1585 D SGM:FgCheckThread: pkgName: com.example.risewell is not in foreground
11-09 19:11:11.290  1454  1585 D SGM:FgCheckThread: noteStopComponent(), received pkgName: com.example.risewell, focusedPkgName: com.sec.android.app.launcher, userId: 0
11-09 19:11:11.310  1454  1586 V WindowManager: Start calculating TransitionInfo based on participants: {ActivityRecord{b0b683 u0 com.sec.android.app.launcher/.activities.LauncherActivity t6}, ActivityRecord{2b04fe3 u0 com.example.risewell/.MainActivity t1686 f} isExiting}, WallpaperWindowToken{30bc40a token=android.os.Binder@44b2c75}_<lock>, Task{9558445 #1 type=home}, Task{9fb5de0 #1686 type=standard A=10022:com.example.risewell}, Task{dbe37df #6 type=home I=com.sec.android.app.launcher/.activities.LauncherActivity}}
11-09 19:11:11.310  1454  1586 V WindowManager:   Final targets: [Task{9558445 #1 type=home}, Task{9fb5de0 #1686 type=standard A=10022:com.example.risewell}, WallpaperWindowToken{30bc40a token=android.os.Binder@44b2c75}_<lock>]
11-09 19:11:11.312  1454  1586 V WindowManager:         {WCT{RemoteToken{f32dbb3 Task{9fb5de0 #1686 type=standard A=10022:com.example.risewell}}} m=CLOSE f=NONE leash=Surface(name=Task=1686)/@0xbb102ed sb=Rect(0, 0 - 1080, 2400) eb=Rect(0, 0 - 1080, 2400) d=0 taskParent=-1 inset=Rect(0, 0 - 0, 0) dim=true},
11-09 19:11:11.316  2576  2576 I HoneySpace.AppCloseAnimationDelegate: findTargetValue [cookie--2147483648, pkgName-com.example.risewell]
11-09 19:11:11.316  2576  2576 I HoneySpace.AppListFastRecyclerViewAdapter: findCloseTarget : 3898, ComponentInfo{com.example.risewell/com.example.risewell.MainActivity}
11-09 19:11:11.316  2576  2576 I HoneySpace.AppCloseAnimationDelegate: findTargetView found:Value(view=com.honeyspace.ui.common.iconview.IconViewImpl{9e724b1 VFED..CL. ........ 249,1144-498,1430 #7f0a029b app:id/icon} - RiseWell, visibility:0, alpha:1.0, badge:0, icon:174x174, iconAlpha:255, iconState:NONE, iconSize:181, forceHideBadge:false, isTransparent:false, x=1, y=4, component=ComponentInfo{com.example.risewell/com.example.risewell.MainActivity}, isTargetShortcut=false), com.honeyspace.ui.common.iconview.IconViewImpl{9e724b1 VFED..CL. ........ 249,1144-498,1430 #7f0a029b app:id/icon} - RiseWell, visibility:0, alpha:1.0, badge:0, icon:174x174, iconAlpha:255, iconState:NONE, iconSize:181, forceHideBadge:false, isTransparent:false, x=1, y=4
11-09 19:11:11.317  1096  1125 D RenderEngine: [SEC_SF_EFFECTS] drawLayersInternal,1313, Rendering layer com.example.risewell/com.example.risewell.MainActivity$_3693#2728 at index 1
11-09 19:11:11.319  1454  1582 V WindowManager:         {WCT{RemoteToken{f32dbb3 Task{9fb5de0 #1686 type=standard A=10022:com.example.risewell}}} m=CLOSE f=NONE leash=Surface(name=Task=1686)/@0xbb102ed sb=Rect(0, 0 - 1080, 2400) eb=Rect(0, 0 - 1080, 2400) d=0 taskParent=-1 inset=Rect(0, 0 - 0, 0) dim=true},
11-09 19:11:11.334  2576 23351 I AppIconSolution: getThemeIconWithBG called with public API, pkg = com.example.risewell, mode = 48
11-09 19:11:11.335  2576 23351 I AppIconSolution: return adaptive icon for com.example.risewell, isNight = false
11-09 19:11:11.335  2576 23351 I LauncherActivityInfo: packageName: com.example.risewell, useThemeIcon: false, height: 2048, width: 2048, density: 640
11-09 19:11:11.350  1096  1096 D SurfaceFlinger:        CLIENT |   0xb400006f6bc84690 | 0001 | RGBA_8888    |    0.0    0.0 1080.0 2399.0 |    1    4 1079 2397 | com.example.risewell/com.example.risewell.MainActivity$_3693#2728 (91)
11-09 19:11:11.593  2576  2576 I HoneySpace.AppCloseAnimationDelegate: related class : com.example.risewell.MainActivity
11-09 19:11:11.612  1454  4942 V WindowManager: Setting visibility of Window{89431ef u0 com.example.risewell/com.example.risewell.MainActivity EXITING}: false, caller=com.android.server.wm.WindowContainer.sendAppVisibilityToClients:19 com.android.server.wm.WindowToken.setClientVisible:49 com.android.server.wm.ActivityRecord.setClientVisible:8 com.android.server.wm.ActivityRecord.commitVisibility:273 com.android.server.wm.TransitionController.finishTransition:766 
11-09 19:11:11.613  1454  4942 W WindowManager: Exception thrown during dispatchAppVisibility Window{89431ef u0 com.example.risewell/com.example.risewell.MainActivity EXITING}
11-09 19:11:11.613  1454  4942 D PersonaActivityHelper: token.toString()  Token{1e16899 ActivityRecord{2b04fe3 u0 com.example.risewell/.MainActivity t1686 f} isExiting}}
11-09 19:11:11.613  1454  4942 V WindowManager: Remove Window{89431ef u0 com.example.risewell/com.example.risewell.MainActivity EXITING}: mSurfaceController=Surface(name=com.example.risewell/com.example.risewell.MainActivity$_3693)/@0x9af596f mAnimatingExit=true mRemoveOnExit=true mHasSurface=true surfaceShowing=true animating=false app-animation=false mDisplayFrozen=false callers=com.android.server.wm.WindowToken.removeAllWindowsIfPossible:46 com.android.server.wm.ActivityRecord.removeIfPossible:4 com.android.server.wm.ActivityRecord.handleCompleteDeferredRemoval:5 com.android.server.wm.WindowContainer.handleCompleteDeferredRemoval:21 com.android.server.wm.TaskFragment.handleCompleteDeferredRemoval:17 com.android.server.wm.WindowContainer.handleCompleteDeferredRemoval:21 
11-09 19:11:11.614  1454  4942 V WindowManager: Collecting in transition 202: ActivityRecord{2b04fe3 u0 com.example.risewell/.MainActivity t1686 f}}, caller=com.android.server.wm.TransitionController.collect:7 com.android.server.wm.ActivityRecord.onRemovedFromDisplay:324 com.android.server.wm.ActivityRecord.removeImmediately:46 com.android.server.wm.ActivityRecord.removeIfPossible:7 com.android.server.wm.ActivityRecord.handleCompleteDeferredRemoval:5 
11-09 19:11:11.614  1454  4942 D WindowManager: prepareSync <SYNC_STATE_WAITING_FOR_DRAW>, mPrepareSyncSeqId=0, win=Window{89431ef u0 com.example.risewell/com.example.risewell.MainActivity EXITING}
11-09 19:11:11.614  1454  4942 I WindowManager: Destroying surface Surface(name=com.example.risewell/com.example.risewell.MainActivity$_3693)/@0x9af596f called by com.android.server.wm.WindowStateAnimator.destroySurface:11 com.android.server.wm.WindowStateAnimator.destroySurfaceLocked:54 com.android.server.wm.WindowState.removeImmediately:43 com.android.server.wm.WindowContainer.removeImmediately:37 com.android.server.wm.WindowToken.removeImmediately:11 com.android.server.wm.ActivityRecord.removeImmediately:61 com.android.server.wm.ActivityRecord.removeIfPossible:7 com.android.server.wm.ActivityRecord.handleCompleteDeferredRemoval:5 
11-09 19:11:11.615  1096  2640 I SurfaceFlinger: id=2723 Removed 9e86f9d ActivityRecordInputSink com.example.risewell/.MainActivity#2723 (156)
11-09 19:11:11.701  1454  1585 W ActivityTaskManager: Activity top resumed state loss timeout for ActivityRecord{2b04fe3 u0 com.example.risewell/.MainActivity t-1 f} isExiting}
11-09 19:11:11.881  1454  6589 V WindowManager: Start calculating TransitionInfo based on participants: {ActivityRecord{2b04fe3 u0 com.example.risewell/.MainActivity t-1 f} isExiting}, Task{63610e0 #1687 type=standard A=10058:com.samsung.android.bixby.agent.launcher}, Task{9558445 #1 type=home}, Task{dbe37df #6 type=home I=com.sec.android.app.launcher/.activities.LauncherActivity}, ActivityRecord{e8b369d u0 com.samsung.android.bixby.agent/com.samsung.android.bixby.assistanthome.AssistantHomeLauncherActivity t1687 f}}}
11-09 19:11:11.885  1096  1096 I SurfaceFlinger: [LayerHierarchy{RequestedLayerState{89431ef com.example.risewell/com.example.risewell.MainActivity#2726} 1 children}] reparent to OffscreenRoot
11-09 19:11:11.885  1096  1096 I SurfaceFlinger: [LayerHierarchy{RequestedLayerState{89431ef com.example.risewell/com.example.risewell.MainActivity#2726} 1 children}] RelativeParent to null
11-09 19:11:11.885  1096  1096 I SurfaceFlinger: [LayerHierarchy{RequestedLayerState{com.example.risewell/com.example.risewell.MainActivity$_3693#2728} no children}] reparent to OffscreenRoot
11-09 19:11:11.885  1096  1096 I SurfaceFlinger: [LayerHierarchy{RequestedLayerState{com.example.risewell/com.example.risewell.MainActivity$_3693#2728} no children}] RelativeParent to null
11-09 19:11:11.885  1096  1096 I SurfaceFlinger: [LayerHierarchy{RequestedLayerState{ActivityRecord{2b04fe3 u0 com.example.risewell/.MainActivity t1686}#2716} 1 children}] reparent to OffscreenRoot
11-09 19:11:11.885  1096  1096 I SurfaceFlinger: [LayerHierarchy{RequestedLayerState{ActivityRecord{2b04fe3 u0 com.example.risewell/.MainActivity t1686}#2716} 1 children}] RelativeParent to null
11-09 19:11:11.890  1454  2209 D PersonaActivityHelper: token.toString()  Token{1e16899 ActivityRecord{2b04fe3 u0 com.example.risewell/.MainActivity t-1 f} isExiting}}
11-09 19:11:11.890  1096  2640 I SurfaceFlinger: id=2716 Removed ActivityRecord{2b04fe3 u0 com.example.risewell/.MainActivity t1686}#2716 (154)
11-09 19:11:11.890  1096  2640 I SurfaceFlinger: id=2728 Removed com.example.risewell/com.example.risewell.MainActivity$_3693#2728 (154)
11-09 19:11:11.890  1096  2640 I SurfaceFlinger: id=2726 Removed 89431ef com.example.risewell/com.example.risewell.MainActivity#2726 (154)
11-09 19:11:11.894  1096  1096 I SurfaceFlinger: destroyed 9e86f9d ActivityRecordInputSink com.example.risewell/.MainActivity#2723
11-09 19:11:11.894  1096  1096 I SurfaceFlinger: destroyed 89431ef com.example.risewell/com.example.risewell.MainActivity#2726
11-09 19:11:11.894  1096  1096 I SurfaceFlinger: destroyed com.example.risewell/com.example.risewell.MainActivity$_3693#2728
11-09 19:11:11.894  1096  1096 I SurfaceFlinger: destroyed ActivityRecord{2b04fe3 u0 com.example.risewell/.MainActivity t1686}#2716
11-09 19:11:11.894  1096  1096 I Layer   : id=2723 Destroyed 9e86f9d ActivityRecordInputSink com.example.risewell/.MainActivity#2723
11-09 19:11:11.894  1096  1096 I Layer   : id=2716 Destroyed ActivityRecord{2b04fe3 u0 com.example.risewell/.MainActivity t1686}#2716
11-09 19:11:11.894  1096  1096 I Layer   : id=2726 Destroyed 89431ef com.example.risewell/com.example.risewell.MainActivity#2726
11-09 19:11:11.894  1096  1096 I Layer   : id=2728 Destroyed com.example.risewell/com.example.risewell.MainActivity$_3693#2728
11-09 19:11:12.073  1454  5464 I Pageboost: start alp : com.example.risewell
11-09 19:11:12.073  1454  2059 I Pageboost: alp for : com.example.risewell , 0
11-09 19:11:12.074  2077  2160 D ShellStartingWindow: preload Icon com.example.risewell
11-09 19:11:12.082  1454  1596 I ActivityManager: Start proc 3911:com.example.risewell/u0a22 for activelaunch {com.example.risewell/com.example.risewell.MainActivity}
11-09 19:11:12.082  1454  1596 D DynamicHiddenApp_BGProtectManager: [SecIpm] it's a ML_TYPE_EMPTYPROCESS protected process com.example.risewell
11-09 19:11:12.119  2576  2678 I HoneySpace.SALoggingUtils: SA Logging screenID: 201 eventId: 1001 detail: {PackageName=com.example.risewell, det=3} value: -1
11-09 19:11:12.120  2576  1987 I HoneySpace.SuggestedAppsRepositoryImpl: sendSuggestedAppsLaunchTarget: ComponentInfo{com.example.risewell/com.example.risewell.MainActivity}
11-09 19:11:12.355  3911  3911 D nativeloader: Configuring clns-7 for other apk /data/app/~~uzdZ0X41hHYdJgasmGewPA==/com.example.risewell-iW_T-JlEnh1xyzWeWSUG6A==/base.apk. target_sdk_version=34, uses_libraries=, library_path=/data/app/~~uzdZ0X41hHYdJgasmGewPA==/com.example.risewell-iW_T-JlEnh1xyzWeWSUG6A==/lib/arm64:/data/app/~~uzdZ0X41hHYdJgasmGewPA==/com.example.risewell-iW_T-JlEnh1xyzWeWSUG6A==/base.apk!/lib/arm64-v8a, permitted_path=/data:/mnt/expand:/data/user/0/com.example.risewell
11-09 19:11:14.986  1454  5464 I Pageboost: start alp : com.example.risewell
11-09 19:11:14.986  1454  2059 I Pageboost: alp skip : com.example.risewell , 2
11-09 19:11:14.988  2077  2160 D ShellStartingWindow: preload Icon com.example.risewell
11-09 19:11:15.049  1454  5464 I Pageboost: onAppLaunch : com.example.risewell
11-09 19:11:15.052  1454  5464 V WindowManager: Collecting in transition 203: ActivityRecord{c3d5180 u0 com.example.risewell/.MainActivity, caller=com.android.server.wm.TransitionController.collect:7 com.android.server.wm.ActivityStarter.startActivityUnchecked:626 com.android.server.wm.ActivityStarter.executeRequest:3365 com.android.server.wm.ActivityStarter.execute:1122 com.android.server.wm.ActivityTaskManagerService.startActivityAsUser:88 
11-09 19:11:15.052  1454  5464 D ActivityTaskManager: TaskLaunchParamsModifier:task=null activity=ActivityRecord{c3d5180 u0 com.example.risewell/.MainActivity t-1} display-from-option=0 display-id=0 task-display-area-windowing-mode=1 suggested-display-area=DefaultTaskDisplayArea_d0@228391893
11-09 19:11:15.052  1454  5464 D ActivityTaskManager: TaskLaunchParamsModifier:task=null activity=ActivityRecord{c3d5180 u0 com.example.risewell/.MainActivity t-1} display-from-option=0 display-id=0 task-display-area-windowing-mode=1 suggested-display-area=DefaultTaskDisplayArea_d0@228391893 inherit-from-source=fullscreen non-freeform-task-display-area display-area=DefaultTaskDisplayArea_d0@228391893 default-portrait freeform-size-mismatch=Rect(81, 568 - 999, 1768)
11-09 19:11:15.054  1454  5464 D ActivityTaskManager: TaskLaunchParamsModifier:task=Task{f0983fe #1688 type=standard A=10022:com.example.risewell} activity=ActivityRecord{c3d5180 u0 com.example.risewell/.MainActivity t-1} display-from-option=0 display-id=0 task-display-area-windowing-mode=1 suggested-display-area=DefaultTaskDisplayArea_d0@228391893 inherit-from-source=fullscreen non-freeform-task-display-area display-area=DefaultTaskDisplayArea_d0@228391893 default-portrait freeform-size-mismatch=Rect(81, 568 - 999, 1768)
