11-09 19:05:23.479  1454  1487 V WindowManager: Remove Window{86ec5bd u0 Splash Screen com.example.risewell}: mSurfaceController=Surface(name=Splash Screen com.example.risewell$_2077)/@0x5b5858e mAnimatingExit=false mRemoveOnExit=false mHasSurface=true surfaceShowing=true animating=false app-animation=false mDisplayFrozen=false callers=com.android.server.wm.Session.remove:16 android.view.IWindowSession$Stub.onTransact:794 com.android.server.wm.Session.onTransact:1 android.os.Binder.execTransactInternal:1536 android.os.Binder.execTransact:1480 <bottom of call stack> 
11-09 19:05:23.479  1454  1487 I WindowManager: Destroying surface Surface(name=Splash Screen com.example.risewell$_2077)/@0x5b5858e called by com.android.server.wm.WindowStateAnimator.destroySurface:11 com.android.server.wm.WindowStateAnimator.destroySurfaceLocked:54 com.android.server.wm.WindowState.removeImmediately:43 com.android.server.wm.WindowState.removeIfPossible:638 com.android.server.wm.Session.remove:16 android.view.IWindowSession$Stub.onTransact:794 com.android.server.wm.Session.onTransact:1 android.os.Binder.execTransactInternal:1536 
11-09 19:05:23.480  1454  1487 D WindowManager: updateSystemBarAttributes: displayId=0, focusedCanBeNavColorWin=false, win=Window{56dfd76 u0 com.example.risewell/com.example.risewell.MainActivity}, navColorWin=Window{56dfd76 u0 com.example.risewell/com.example.risewell.MainActivity}, caller=com.android.server.wm.DisplayPolicy.finishPostLayoutPolicyLw:17 com.android.server.wm.RootWindowContainer.applySurfaceChangesTransaction$1:194 com.android.server.wm.RootWindowContainer.performSurfacePlacementNoTrace:61 
11-09 19:05:23.566  1454  1884 D MdnieScenarioControlService:  packageName : com.example.risewell    className : com.example.risewell.MainActivity
11-09 19:05:23.952  1454  1585 D SGM:GameManager: identifyForegroundApp. com.example.risewell, mCurrentUserId: 0, callerUserId: 0
11-09 19:05:28.055  1454  2059 I Pageboost: db update :com.example.risewell ret 1
11-09 19:05:28.088  1454  2059 I Pageboost: memUsage collected : 124187 13818 17324 for com.example.risewell 32097
11-09 19:05:36.896  1454  1884 D MdnieScenarioControlService:  packageName : com.example.risewell    className : com.example.risewell.MainActivity
11-09 19:06:20.846  1454  1884 D MdnieScenarioControlService:  packageName : com.example.risewell    className : com.example.risewell.MainActivity
11-09 19:09:08.352  1454  5626 I ActivityManager: Force stopping com.example.risewell appid=10022 user=0: from pid 1802
11-09 19:09:08.360  1454  5626 I ActivityManager: Killing 32097:com.example.risewell/u0a22 (adj 0): stop com.example.risewell due to from pid 1802
11-09 19:09:08.362  1454  5626 D ActivityManager: proc ProcessRecord{f2a0f26 32097:com.example.risewell/u0a22} already removed. so we skip next process.
11-09 19:09:08.363  1454  5626 W ActivityTaskManager: Force removing ActivityRecord{bef6c08 u0 com.example.risewell/.MainActivity t1682 f}}: app died, no saved state
11-09 19:09:08.364  1454  5626 V WindowManager: Collecting in transition 193: Task{e0b9fa1 #1682 type=standard A=10022:com.example.risewell}, caller=com.android.server.wm.Transition.collectExistenceChange:42 com.android.server.wm.Transition.collectClose:7 com.android.server.wm.WindowProcessController.handleAppDied$1:455 com.android.server.am.ActivityManagerService.handleAppDiedLocked:247 com.android.server.am.ProcessList.removeProcessLocked:194 
11-09 19:09:08.364  1454  5626 D WindowManager: prepareSync <SYNC_STATE_WAITING_FOR_DRAW>, mPrepareSyncSeqId=0, win=Window{56dfd76 u0 com.example.risewell/com.example.risewell.MainActivity}
11-09 19:09:08.365  1454  5626 V WindowManager: Collecting in transition 193: ActivityRecord{bef6c08 u0 com.example.risewell/.MainActivity t1682 f}}, caller=com.android.server.wm.TransitionController.collect:7 com.android.server.wm.ActivityRecord.onRemovedFromDisplay:324 com.android.server.wm.ActivityRecord.removeFromHistory:176 com.android.server.wm.WindowProcessController.handleAppDied$1:514 com.android.server.am.ActivityManagerService.handleAppDiedLocked:247 
11-09 19:09:08.365  1454  1585 D SGM:FgCheckThread: getForegroundApp(), foregroundPkgName=com.example.risewell
11-09 19:09:08.365  2077  2123 V WindowManagerShell: Transition requested (#193): android.os.BinderProxy@a8fb3f6 TransitionRequestInfo { type = CLOSE, triggerTask = TaskInfo{userId=0 taskId=1682 displayId=0 isRunning=false baseIntent=Intent { act=android.intent.action.MAIN cat=[android.intent.category.LAUNCHER] flg=0x10000000 cmp=com.example.risewell/.MainActivity } baseActivity=null topActivity=null origActivity=null realActivity=ComponentInfo{com.example.risewell/com.example.risewell.MainActivity} numActivities=0 lastActiveTime=33915821 supportsMultiWindow=true resizeMode=1 isResizeable=true minWidth=-1 minHeight=-1 maxWidth=-1 maxHeight=-1 defaultMinSize=220 token=WCT{android.window.IWindowContainerToken$Stub$Proxy@e48c3f7} topActivityType=1 pictureInPictureParams=null shouldDockBigOverlays=false launchIntoPipHostTaskId=-1 lastParentTaskIdBeforePip=-1 displayCutoutSafeInsets=null topActivityInfo=null launchCookies=[] positionInParent=Point(0, 0) parentTaskId=-1 isFocused=true isVisible=true isVisibleRequested=true isSleeping=false topActivityInSizeCompat=false locusId=null displayAreaFeatureId=1 isTopActivityTransparent=false isTopActivityStyleFloating=false appCompatTaskInfo=AppCompatTaskInfo { topActivityInSizeCompat=false eligibleForLetterboxEducation= false isLetterboxEducationEnabled= false isLetterboxDoubleTapEnabled= false eligibleForUserAspectRatioButton= false topActivityBoundsLetterboxed= false isFromLetterboxDoubleTap= false topActivityLetterboxVerticalPosition= -1 topActivityLetterboxHorizontalPosition= -1 topActivityLetterboxWidth=-1 topActivityLetterboxHeight=-1 topActivityLetterboxAppWidth=-1 topActivityLetterboxAppHeight=-1 isUserFullscreenOverrideEnabled=false isSystemFullscreenOverrideEnabled=false hasMinAspectRatioOverride=false cameraCompatTaskInfo=CameraCompatTaskInfo { freeformCameraCompatMode=inactive} topActivityBounds=null topActivityInDisplayCompat=false} originallySupportedMultiWindow=true hasWallpaper=false rootAffinity=10022:com.example.risewell isTopTaskInStage=false CoverLauncherWidgetTask=false isAllowedSeamlessRotation=false isTopTransparentActivity=false snappingGuideBounds=Rect(81, 568 - 999, 1768) isAliasManaged=false hasConfigChanged=false isAiKeyRemoveAppTask=false}, pipTask = null, remoteTransition = null, displayChange = null, flags = 0, debugId = 193 }
11-09 19:09:08.365  1454  5626 D WindowManager: Changing focus from Window{56dfd76 u0 com.example.risewell/com.example.risewell.MainActivity} to null displayId=0 Callers=com.android.server.wm.ActivityRecord.onRemovedFromDisplay:551 com.android.server.wm.ActivityRecord.removeFromHistory:176 com.android.server.wm.WindowProcessController.handleAppDied$1:514 com.android.server.am.ActivityManagerService.handleAppDiedLocked:247 
11-09 19:09:08.379  1454  5626 I AppsFilter: interaction: PackageSetting{d78272e fr.unica.miage.donati.pizzapp/10014} -> PackageSetting{999d526 com.example.risewell/10022} BLOCKED
11-09 19:09:08.379  1454  5626 I AppsFilter: interaction: PackageSetting{8d1d45c com.example.flutter_application_1/10355} -> PackageSetting{999d526 com.example.risewell/10022} BLOCKED
11-09 19:09:08.379  1454  5626 I AppsFilter: interaction: PackageSetting{b33a365 com.example.projetandroid/10383} -> PackageSetting{999d526 com.example.risewell/10022} BLOCKED
11-09 19:09:08.379  1454  1585 D SGM:FgCheckThread: pkgName: com.example.risewell is not in foreground
11-09 19:09:08.383  1454  5626 W ActivityManager: Invalid packageName: com.example.risewell
11-09 19:09:08.384  1454  2165 I ActivityManager: Force stopping com.example.risewell appid=10022 user=0: from pid 1803
11-09 19:09:08.384  1454  2165 I WindowManager:   Force removing ActivityRecord{bef6c08 u0 com.example.risewell/.MainActivity t1682 f} isExiting}
11-09 19:09:08.385  1454  2165 W WindowManager: removeAppToken: Attempted to remove non-existing token: Token{d1c35c6 ActivityRecord{bef6c08 u0 com.example.risewell/.MainActivity t1682 f} isExiting}}
11-09 19:09:08.387  1454  2165 I AppsFilter: interaction: PackageSetting{d78272e fr.unica.miage.donati.pizzapp/10014} -> PackageSetting{999d526 com.example.risewell/10022} BLOCKED
11-09 19:09:08.387  1454  2165 I AppsFilter: interaction: PackageSetting{8d1d45c com.example.flutter_application_1/10355} -> PackageSetting{999d526 com.example.risewell/10022} BLOCKED
11-09 19:09:08.387  1454  2165 I AppsFilter: interaction: PackageSetting{b33a365 com.example.projetandroid/10383} -> PackageSetting{999d526 com.example.risewell/10022} BLOCKED
11-09 19:09:08.388  1454  2165 W ActivityManager: Invalid packageName: com.example.risewell
11-09 19:09:08.402  1454  5226 D WindowManager: updateSystemBarAttributes: displayId=0, focusedCanBeNavColorWin=false, win=Window{9314c0 u0 com.sec.android.app.launcher/com.sec.android.app.launcher.activities.LauncherActivity}, navColorWin=Window{56dfd76 u0 com.example.risewell/com.example.risewell.MainActivity}, caller=com.android.server.wm.WindowManagerService.updateFocusedWindowLocked:375 com.android.server.wm.WindowManagerService.relayoutWindowInner:142 com.android.server.wm.WindowManagerService.relayoutWindow:6 
11-09 19:09:08.423  1454  1586 V WindowManager: Start calculating TransitionInfo based on participants: {ActivityRecord{b0b683 u0 com.sec.android.app.launcher/.activities.LauncherActivity t6}, WallpaperWindowToken{30bc40a token=android.os.Binder@44b2c75}_<lock>, Task{9558445 #1 type=home}, ActivityRecord{bef6c08 u0 com.example.risewell/.MainActivity t1682 f} isExiting}, Task{dbe37df #6 type=home I=com.sec.android.app.launcher/.activities.LauncherActivity}, Task{e0b9fa1 #1682 type=standard A=10022:com.example.risewell}}
11-09 19:09:08.423  1454  1586 V WindowManager:   Final targets: [Task{9558445 #1 type=home}, Task{e0b9fa1 #1682 type=standard A=10022:com.example.risewell}, WallpaperWindowToken{30bc40a token=android.os.Binder@44b2c75}_<lock>]
11-09 19:09:08.427  1454  1586 V WindowManager:         {WCT{RemoteToken{6d92327 Task{e0b9fa1 #1682 type=standard A=10022:com.example.risewell}}} m=CLOSE f=NONE leash=Surface(name=Task=1682)/@0x42a1841 sb=Rect(0, 0 - 1080, 2400) eb=Rect(0, 0 - 1080, 2400) d=0 taskParent=-1 inset=Rect(0, 0 - 0, 0) dim=true},
11-09 19:09:08.443  1454  1582 V WindowManager: Sent Transition (#193) createdAt=11-09 19:09:08.363 via request=TransitionRequestInfo { type = CLOSE, triggerTask = TaskInfo{userId=0 taskId=1682 displayId=0 isRunning=false baseIntent=Intent { act=android.intent.action.MAIN cat=[android.intent.category.LAUNCHER] flg=0x10000000 cmp=com.example.risewell/.MainActivity } baseActivity=null topActivity=null origActivity=null realActivity=ComponentInfo{com.example.risewell/com.example.risewell.MainActivity} numActivities=0 lastActiveTime=33915821 supportsMultiWindow=true resizeMode=1 isResizeable=true minWidth=-1 minHeight=-1 maxWidth=-1 maxHeight=-1 defaultMinSize=220 token=WCT{RemoteToken{6d92327 Task{e0b9fa1 #1682 type=standard A=10022:com.example.risewell}}} topActivityType=1 pictureInPictureParams=null shouldDockBigOverlays=false launchIntoPipHostTaskId=-1 lastParentTaskIdBeforePip=-1 displayCutoutSafeInsets=null topActivityInfo=null launchCookies=[] positionInParent=Point(0, 0) parentTaskId=-1 isFocused=true isVisible=true isVisibleRequested=true isSleeping=false topActivityInSizeCompat=false locusId=null displayAreaFeatureId=1 isTopActivityTransparent=false isTopActivityStyleFloating=false appCompatTaskInfo=AppCompatTaskInfo { topActivityInSizeCompat=false eligibleForLetterboxEducation= false isLetterboxEducationEnabled= false isLetterboxDoubleTapEnabled= false eligibleForUserAspectRatioButton= false topActivityBoundsLetterboxed= false isFromLetterboxDoubleTap= false topActivityLetterboxVerticalPosition= -1 topActivityLetterboxHorizontalPosition= -1 topActivityLetterboxWidth=-1 topActivityLetterboxHeight=-1 topActivityLetterboxAppWidth=-1 topActivityLetterboxAppHeight=-1 isUserFullscreenOverrideEnabled=false isSystemFullscreenOverrideEnabled=false hasMinAspectRatioOverride=false cameraCompatTaskInfo=CameraCompatTaskInfo { freeformCameraCompatMode=inactive} topActivityBounds=null topActivityInDisplayCompat=false} originallySupportedMultiWindow=true hasWallpaper=false rootAffinity=10022:com.example.risewell isTopTaskInStage=false CoverLauncherWidgetTask=false isAllowedSeamlessRotation=false isTopTransparentActivity=false snappingGuideBounds=Rect(81, 568 - 999, 1768) isAliasManaged=false hasConfigChanged=false isAiKeyRemoveAppTask=false}, pipTask = null, remoteTransition = null, displayChange = null, flags = 0, debugId = 193 }
11-09 19:09:08.443  1454  1582 V WindowManager:         {WCT{RemoteToken{6d92327 Task{e0b9fa1 #1682 type=standard A=10022:com.example.risewell}}} m=CLOSE f=NONE leash=Surface(name=Task=1682)/@0x42a1841 sb=Rect(0, 0 - 1080, 2400) eb=Rect(0, 0 - 1080, 2400) d=0 taskParent=-1 inset=Rect(0, 0 - 0, 0) dim=true},
11-09 19:09:08.443  1454  5225 I WindowManager: WIN DEATH: Window{56dfd76 u0 com.example.risewell/com.example.risewell.MainActivity}
11-09 19:09:08.444  1454  5225 V WindowManager: Remove Window{56dfd76 u0 com.example.risewell/com.example.risewell.MainActivity}: mSurfaceController=Surface(name=com.example.risewell/com.example.risewell.MainActivity$_32097)/@0x58c0c37 mAnimatingExit=false mRemoveOnExit=false mHasSurface=true surfaceShowing=true animating=false app-animation=false mDisplayFrozen=false callers=com.android.server.wm.Session.binderDied:118 android.os.IBinder$DeathRecipient.binderDied:339 android.os.BinderProxy.sendDeathNotice:794 <bottom of call stack> <bottom of call stack> <bottom of call stack> 
11-09 19:09:08.449  1454  2188 V ActivityManager: Got obituary of 32097:com.example.risewell
11-09 19:09:08.815  1454  2171 V WindowManager: Setting visibility of Window{56dfd76 u0 com.example.risewell/com.example.risewell.MainActivity EXITING}: false, caller=com.android.server.wm.WindowContainer.sendAppVisibilityToClients:19 com.android.server.wm.WindowToken.setClientVisible:49 com.android.server.wm.ActivityRecord.setClientVisible:8 com.android.server.wm.ActivityRecord.commitVisibility:273 com.android.server.wm.TransitionController.finishTransition:766 
11-09 19:09:08.816  1454  2171 W WindowManager: Exception thrown during dispatchAppVisibility Window{56dfd76 u0 com.example.risewell/com.example.risewell.MainActivity EXITING}
11-09 19:09:08.816  1454  2171 V WindowManager: Remove Window{56dfd76 u0 com.example.risewell/com.example.risewell.MainActivity EXITING}: mSurfaceController=Surface(name=com.example.risewell/com.example.risewell.MainActivity$_32097)/@0x58c0c37 mAnimatingExit=true mRemoveOnExit=true mHasSurface=true surfaceShowing=true animating=false app-animation=false mDisplayFrozen=false callers=com.android.server.wm.WindowToken.removeAllWindowsIfPossible:46 com.android.server.wm.ActivityRecord.removeIfPossible:4 com.android.server.wm.ActivityRecord.handleCompleteDeferredRemoval:5 com.android.server.wm.WindowContainer.handleCompleteDeferredRemoval:21 com.android.server.wm.TaskFragment.handleCompleteDeferredRemoval:17 com.android.server.wm.WindowContainer.handleCompleteDeferredRemoval:21 
11-09 19:09:08.817  1454  2171 V WindowManager: Remove Window{56dfd76 u0 com.example.risewell/com.example.risewell.MainActivity EXITING}: mSurfaceController=Surface(name=com.example.risewell/com.example.risewell.MainActivity$_32097)/@0x58c0c37 mAnimatingExit=true mRemoveOnExit=true mHasSurface=true surfaceShowing=true animating=false app-animation=false mDisplayFrozen=false callers=com.android.server.wm.WindowToken.removeAllWindowsIfPossible:46 com.android.server.wm.ActivityRecord.removeIfPossible:4 com.android.server.wm.ActivityRecord.onRemovedFromDisplay:499 com.android.server.wm.ActivityRecord.removeImmediately:46 com.android.server.wm.ActivityRecord.removeIfPossible:7 com.android.server.wm.ActivityRecord.handleCompleteDeferredRemoval:5 
11-09 19:09:08.817  1454  2171 I WindowManager: Destroying surface Surface(name=com.example.risewell/com.example.risewell.MainActivity$_32097)/@0x58c0c37 called by com.android.server.wm.WindowStateAnimator.destroySurface:11 com.android.server.wm.WindowStateAnimator.destroySurfaceLocked:54 com.android.server.wm.WindowState.removeImmediately:43 com.android.server.wm.WindowContainer.removeImmediately:37 com.android.server.wm.WindowToken.removeImmediately:11 com.android.server.wm.ActivityRecord.removeImmediately:61 com.android.server.wm.ActivityRecord.removeIfPossible:7 com.android.server.wm.ActivityRecord.onRemovedFromDisplay:499 
11-09 19:09:09.981  1454  1733 I PackageManager:           pkg{com.example.risewell}
11-09 19:09:09.993  1454  1595 I ActivityManager: Force stopping com.example.risewell appid=10022 user=-1: installPackageLI
11-09 19:09:09.994  1454  1635 I PackageManager: Update package com.example.risewell code path from /data/app/~~TvY_BzhatjDhtdFOON7Dqg==/com.example.risewell-45aIxeNwSYZHa7uBk4609g== to /data/app/~~uzdZ0X41hHYdJgasmGewPA==/com.example.risewell-iW_T-JlEnh1xyzWeWSUG6A==; Retain data and using new
11-09 19:09:09.995  1454  1635 D SpqrService: Package is debuggable com.example.risewell
11-09 19:09:09.995  1454  1635 I AppsFilter: interaction: PackageSetting{4d3ea0c fr.unica.miage.donati.pizzapp/10014} -> PackageSetting{31ec37e com.example.risewell/10022} BLOCKED
11-09 19:09:09.995  1454  1635 I AppsFilter: interaction: PackageSetting{d2a4d6a com.example.flutter_application_1/10355} -> PackageSetting{31ec37e com.example.risewell/10022} BLOCKED
11-09 19:09:09.995  1454  1635 I AppsFilter: interaction: PackageSetting{895725b com.example.projetandroid/10383} -> PackageSetting{31ec37e com.example.risewell/10022} BLOCKED
11-09 19:09:09.995  1454  1635 I AppsFilter: interaction: PackageSetting{4d3ea0c fr.unica.miage.donati.pizzapp/10014} -> PackageSetting{31ec37e com.example.risewell/10022} BLOCKED
11-09 19:09:09.995  1454  1635 I AppsFilter: interaction: PackageSetting{d2a4d6a com.example.flutter_application_1/10355} -> PackageSetting{31ec37e com.example.risewell/10022} BLOCKED
11-09 19:09:09.995  1454  1635 I AppsFilter: interaction: PackageSetting{895725b com.example.projetandroid/10383} -> PackageSetting{31ec37e com.example.risewell/10022} BLOCKED
11-09 19:09:09.996  1454  1635 I AppsFilter: interaction: PackageSetting{4d3ea0c fr.unica.miage.donati.pizzapp/10014} -> PackageSetting{125a501 com.example.risewell/10022} BLOCKED
11-09 19:09:09.996  1454  1635 I AppsFilter: interaction: PackageSetting{d2a4d6a com.example.flutter_application_1/10355} -> PackageSetting{125a501 com.example.risewell/10022} BLOCKED
11-09 19:09:09.996  1454  1635 I AppsFilter: interaction: PackageSetting{895725b com.example.projetandroid/10383} -> PackageSetting{125a501 com.example.risewell/10022} BLOCKED
11-09 19:09:09.996  1454  1635 I AppsFilter: interaction: PackageSetting{4d3ea0c fr.unica.miage.donati.pizzapp/10014} -> PackageSetting{125a501 com.example.risewell/10022} BLOCKED
11-09 19:09:09.996  1454  1635 I AppsFilter: interaction: PackageSetting{d2a4d6a com.example.flutter_application_1/10355} -> PackageSetting{125a501 com.example.risewell/10022} BLOCKED
11-09 19:09:09.996  1454  1635 I AppsFilter: interaction: PackageSetting{895725b com.example.projetandroid/10383} -> PackageSetting{125a501 com.example.risewell/10022} BLOCKED
11-09 19:09:10.020  1454  1635 D PermissionService: setAllowlistedRestrictedPermissionsUnchecked called for package - com.example.risewell
11-09 19:09:10.020  1454  1635 D PermissionService: updateAdminPermissionsInternalcom.example.risewell
11-09 19:09:10.098  1454  1635 D PackageManager: isLocaleOptimizedPackage() -  Non optimized app: com.example.risewell. Proceed with normal install
11-09 19:09:10.098  1454  1635 I AppsFilter: interaction: PackageSetting{d78272e fr.unica.miage.donati.pizzapp/10014} -> PackageSetting{24135f9 com.example.risewell/10022} BLOCKED
11-09 19:09:10.098  1454  1635 I AppsFilter: interaction: PackageSetting{8d1d45c com.example.flutter_application_1/10355} -> PackageSetting{24135f9 com.example.risewell/10022} BLOCKED
11-09 19:09:10.099  1454  1635 I AppsFilter: interaction: PackageSetting{b33a365 com.example.projetandroid/10383} -> PackageSetting{24135f9 com.example.risewell/10022} BLOCKED
11-09 19:09:10.104  1454  1635 I ActivityManager: Force stopping com.example.risewell appid=10022 user=0: pkg removed
11-09 19:09:10.121  1454  1748 D OverlayManager: reconcileSettingsForPackage pkgName=com.example.risewell userId=0
11-09 19:09:10.122  1454  1748 I OverlayManager: updateOverlaysForTarget() called with: targetPackage = [com.example.risewell], userId = [0], flags = [2]
11-09 19:09:10.137  1454  1594 I SGM:GameManager: PkgUpdateReceiver, onPackageRemoved(). pkgName=com.example.risewell, userId=0
11-09 19:09:10.137  1454  1594 D SGM:Util: isPkgInstalled(). pkgName=com.example.risewell, userId=0, installed=true
11-09 19:09:10.138  1454  1594 D MetaDataCollector: onReceive: done pkgName=com.example.risewell
11-09 19:09:10.139  1454  1891 D SGM:GameManager: identifyGamePackage. com.example.risewell, mCurrentUserId: 0, callerUserId: 0, callingMethodInfo: com.samsung.android.game.SemGameManager.isGamePackage(SemGameManager.java:105)
11-09 19:09:10.139  1454  1891 D SGM:SemGameManager: isGamePackage(), pkgName=com.example.risewell, ret=false
11-09 19:09:10.141  1454  1928 D ShortcutService: replacing package: com.example.risewell userId0
11-09 19:09:10.163  1454  1748 D OverlayManager: reconcileSettingsForPackage pkgName=com.example.risewell userId=0
11-09 19:09:10.163  1454  1748 I OverlayManager: updateOverlaysForTarget() called with: targetPackage = [com.example.risewell], userId = [0], flags = [0]
11-09 19:09:10.170  1454  1454 I Telecom : CarModeTracker: Package com.example.risewell is not tracked.: SSH.oR@Blg
11-09 19:09:10.171  5769  5769 D ActivityThread: Package [com.example.risewell] reported as REPLACED, but missing application info. Assuming REMOVED.
11-09 19:09:10.172  4511  4511 D ActivityThread: Package [com.example.risewell] reported as REPLACED, but missing application info. Assuming REMOVED.
11-09 19:09:10.174  1454  2059 I Pageboost: remove app @ runtime : com.example.risewell
11-09 19:09:10.176 21720 21720 D ActivityThread: Package [com.example.risewell] reported as REPLACED, but missing application info. Assuming REMOVED.
11-09 19:09:10.178  4528  4528 D ActivityThread: Package [com.example.risewell] reported as REPLACED, but missing application info. Assuming REMOVED.
11-09 19:09:10.179  1551  1551 D ActivityThread: Package [com.example.risewell] reported as REPLACED, but missing application info. Assuming REMOVED.
11-09 19:09:10.179  1446  1446 D ActivityThread: Package [com.example.risewell] reported as REPLACED, but missing application info. Assuming REMOVED.
11-09 19:09:10.182  4540  4540 D ActivityThread: Package [com.example.risewell] reported as REPLACED, but missing application info. Assuming REMOVED.
11-09 19:09:10.182  7157  7157 D ActivityThread: Package [com.example.risewell] reported as REPLACED, but missing application info. Assuming REMOVED.
11-09 19:09:10.186  1454  1454 I Telecom : SamsungOpenCommunicationPlatformPolicyPackageBroadcastReceiver : action : android.intent.action.PACKAGE_ADDED / packageName : com.example.risewell
11-09 19:09:10.186 13405 13405 D ActivityThread: Package [com.example.risewell] reported as REPLACED, but missing application info. Assuming REMOVED.
11-09 19:09:10.186 32192 32192 D ActivityThread: Package [com.example.risewell] reported as REPLACED, but missing application info. Assuming REMOVED.
11-09 19:09:10.187 32483 32483 D ActivityThread: Package [com.example.risewell] reported as REPLACED, but missing application info. Assuming REMOVED.
11-09 19:09:10.187 13707 13707 D ActivityThread: Package [com.example.risewell] reported as REPLACED, but missing application info. Assuming REMOVED.
11-09 19:09:10.187 14176 14176 D ActivityThread: Package [com.example.risewell] reported as REPLACED, but missing application info. Assuming REMOVED.
11-09 19:09:10.188 31103 31103 D ActivityThread: Package [com.example.risewell] reported as REPLACED, but missing application info. Assuming REMOVED.
11-09 19:09:10.188 23977 23977 D ActivityThread: Package [com.example.risewell] reported as REPLACED, but missing application info. Assuming REMOVED.
11-09 19:09:10.188  3351  3351 D ActivityThread: Package [com.example.risewell] reported as REPLACED, but missing application info. Assuming REMOVED.
11-09 19:09:10.189 10751 10751 D ActivityThread: Package [com.example.risewell] reported as REPLACED, but missing application info. Assuming REMOVED.
11-09 19:09:10.193 17763 17763 D ActivityThread: Package [com.example.risewell] reported as REPLACED, but missing application info. Assuming REMOVED.
11-09 19:09:10.193  5278  5278 D ActivityThread: Package [com.example.risewell] reported as REPLACED, but missing application info. Assuming REMOVED.
11-09 19:09:10.193 24290 24290 D ActivityThread: Package [com.example.risewell] reported as REPLACED, but missing application info. Assuming REMOVED.
11-09 19:09:10.194  8502  8502 D ActivityThread: Package [com.example.risewell] reported as REPLACED, but missing application info. Assuming REMOVED.
11-09 19:09:10.194  2077  2077 D ActivityThread: Package [com.example.risewell] reported as REPLACED, but missing application info. Assuming REMOVED.
11-09 19:09:10.195  2058  2058 D ActivityThread: Package [com.example.risewell] reported as REPLACED, but missing application info. Assuming REMOVED.
11-09 19:09:10.195  2862  2862 D ActivityThread: Package [com.example.risewell] reported as REPLACED, but missing application info. Assuming REMOVED.
11-09 19:09:10.195  3132  3132 D ActivityThread: Package [com.example.risewell] reported as REPLACED, but missing application info. Assuming REMOVED.
11-09 19:09:10.195  3151  3151 D ActivityThread: Package [com.example.risewell] reported as REPLACED, but missing application info. Assuming REMOVED.
11-09 19:09:10.195  4484  4484 D ActivityThread: Package [com.example.risewell] reported as REPLACED, but missing application info. Assuming REMOVED.
11-09 19:09:10.196  1454  1832 W PackageConfigPersister: App-specific configuration not found for packageName: com.example.risewell and userId: 0
11-09 19:09:10.196  2437  2437 D ActivityThread: Package [com.example.risewell] reported as REPLACED, but missing application info. Assuming REMOVED.
11-09 19:09:10.197  2253  2253 D ActivityThread: Package [com.example.risewell] reported as REPLACED, but missing application info. Assuming REMOVED.
11-09 19:09:10.198  1454  1976 D SGM:GameManager: identifyGamePackage. com.example.risewell, mCurrentUserId: 0, callerUserId: 0, callingMethodInfo: com.samsung.android.game.SemGameManager.isGamePackage(SemGameManager.java:105)
11-09 19:09:10.198  1454  1976 D SGM:SemGameManager: isGamePackage(), pkgName=com.example.risewell, ret=false
11-09 19:09:10.199  2432  2432 D ActivityThread: Package [com.example.risewell] reported as REPLACED, but missing application info. Assuming REMOVED.
11-09 19:09:10.200  1454  2795 I Telecom : SamsungOpenCommunicationPlatformPolicyPackageHandler : handleMessage : { when=-14ms what=0 obj=com.example.risewell target=com.samsung.server.telecom.advancedcall.ocp.policy.broadcast.SamsungOpenCommunicationPlatformPolicyPackageHandler }.what
11-09 19:09:10.208 31089 31089 D ActivityThread: Package [com.example.risewell] reported as REPLACED, but missing application info. Assuming REMOVED.
11-09 19:09:10.209  1454  2059 D SGM:GameManager: identifyGamePackage. com.example.risewell, mCurrentUserId: 0, callerUserId: 0, callingMethodInfo: com.samsung.android.game.SemGameManager.isGamePackage(SemGameManager.java:105)
11-09 19:09:10.209  1454  2059 D SGM:SemGameManager: isGamePackage(), pkgName=com.example.risewell, ret=false
11-09 19:09:10.209  1454  2059 I Pageboost: appinfo : com.example.risewell 0 0 0 0
11-09 19:09:10.209  1454  2059 D SGM:GameManager: identifyGamePackage. com.example.risewell, mCurrentUserId: 0, callerUserId: 0, callingMethodInfo: com.samsung.android.game.SemGameManager.isGamePackage(SemGameManager.java:105)
11-09 19:09:10.209  1454  2059 D SGM:SemGameManager: isGamePackage(), pkgName=com.example.risewell, ret=false
11-09 19:09:10.209  1454  2059 I Pageboost: Reset this app info : com.example.risewell 
11-09 19:09:10.212  1454  2059 I Pageboost: add app to global @ runtime: com.example.risewell
11-09 19:09:10.228  1454  1454 D ActivityThread: Package [com.example.risewell] reported as REPLACED, but missing application info. Assuming REMOVED.
11-09 19:09:10.230  1454  1454 W AlarmManager: Package com.example.risewell, uid 10022 lost permission to set exact alarms!
11-09 19:09:10.231  5769  5769 D ActivityThread: Package [com.example.risewell] reported as REPLACED, but missing application info. Assuming REMOVED.
11-09 19:09:10.232 21720 21720 D ActivityThread: Package [com.example.risewell] reported as REPLACED, but missing application info. Assuming REMOVED.
11-09 19:09:10.232 13707 13707 D ActivityThread: Package [com.example.risewell] reported as REPLACED, but missing application info. Assuming REMOVED.
11-09 19:09:10.233  5769  5769 D ActivityThread: Package [com.example.risewell] reported as REPLACED, but missing application info. Assuming REMOVED.
11-09 19:09:10.234 13707 13707 D ActivityThread: Package [com.example.risewell] reported as REPLACED, but missing application info. Assuming REMOVED.
11-09 19:09:10.236  1446  1446 D ActivityThread: Package [com.example.risewell] reported as REPLACED, but missing application info. Assuming REMOVED.
11-09 19:09:10.239  1551  1551 D ActivityThread: Package [com.example.risewell] reported as REPLACED, but missing application info. Assuming REMOVED.
11-09 19:09:10.239  1551  1551 D ActivityThread: Package [com.example.risewell] reported as REPLACED, but missing application info. Assuming REMOVED.
11-09 19:09:10.240  2862  2862 D ActivityThread: Package [com.example.risewell] reported as REPLACED, but missing application info. Assuming REMOVED.
11-09 19:09:10.240  2862  2862 D ActivityThread: Package [com.example.risewell] reported as REPLACED, but missing application info. Assuming REMOVED.
11-09 19:09:10.241  4540  4540 D ActivityThread: Package [com.example.risewell] reported as REPLACED, but missing application info. Assuming REMOVED.
11-09 19:09:10.241  1446  1446 D ActivityThread: Package [com.example.risewell] reported as REPLACED, but missing application info. Assuming REMOVED.
11-09 19:09:10.242  4540  4540 D ActivityThread: Package [com.example.risewell] reported as REPLACED, but missing application info. Assuming REMOVED.
11-09 19:09:10.242  3132  3132 D ActivityThread: Package [com.example.risewell] reported as REPLACED, but missing application info. Assuming REMOVED.
11-09 19:09:10.242  3132  3132 D ActivityThread: Package [com.example.risewell] reported as REPLACED, but missing application info. Assuming REMOVED.
11-09 19:09:10.244  2432  2432 D ActivityThread: Package [com.example.risewell] reported as REPLACED, but missing application info. Assuming REMOVED.
11-09 19:09:10.245  2253  2253 D ActivityThread: Package [com.example.risewell] reported as REPLACED, but missing application info. Assuming REMOVED.
11-09 19:09:10.245  2432  2432 D ActivityThread: Package [com.example.risewell] reported as REPLACED, but missing application info. Assuming REMOVED.
11-09 19:09:10.246  2077  2077 D ActivityThread: Package [com.example.risewell] reported as REPLACED, but missing application info. Assuming REMOVED.
11-09 19:09:10.246  2058  2058 D ActivityThread: Package [com.example.risewell] reported as REPLACED, but missing application info. Assuming REMOVED.
11-09 19:09:10.246 31103 31103 D ActivityThread: Package [com.example.risewell] reported as REPLACED, but missing application info. Assuming REMOVED.
11-09 19:09:10.246  2253  2253 D ActivityThread: Package [com.example.risewell] reported as REPLACED, but missing application info. Assuming REMOVED.
11-09 19:09:10.246  2058  2058 D ActivityThread: Package [com.example.risewell] reported as REPLACED, but missing application info. Assuming REMOVED.
11-09 19:09:10.246 13405 13405 D ActivityThread: Package [com.example.risewell] reported as REPLACED, but missing application info. Assuming REMOVED.
11-09 19:09:10.247 31103 31103 D ActivityThread: Package [com.example.risewell] reported as REPLACED, but missing application info. Assuming REMOVED.
11-09 19:09:10.247  2077  2077 D ActivityThread: Package [com.example.risewell] reported as REPLACED, but missing application info. Assuming REMOVED.
11-09 19:09:10.247  4528  4528 D ActivityThread: Package [com.example.risewell] reported as REPLACED, but missing application info. Assuming REMOVED.
11-09 19:09:10.247 31089 31089 D ActivityThread: Package [com.example.risewell] reported as REPLACED, but missing application info. Assuming REMOVED.
11-09 19:09:10.247  4484  4484 D ActivityThread: Package [com.example.risewell] reported as REPLACED, but missing application info. Assuming REMOVED.
11-09 19:09:10.247  4511  4511 D ActivityThread: Package [com.example.risewell] reported as REPLACED, but missing application info. Assuming REMOVED.
11-09 19:09:10.248 31089 31089 D ActivityThread: Package [com.example.risewell] reported as REPLACED, but missing application info. Assuming REMOVED.
11-09 19:09:10.248 32192 32192 D ActivityThread: Package [com.example.risewell] reported as REPLACED, but missing application info. Assuming REMOVED.
11-09 19:09:10.248  4511  4511 D ActivityThread: Package [com.example.risewell] reported as REPLACED, but missing application info. Assuming REMOVED.
11-09 19:09:10.249 32483 32483 D ActivityThread: Package [com.example.risewell] reported as REPLACED, but missing application info. Assuming REMOVED.
11-09 19:09:10.249 32483 32483 D ActivityThread: Package [com.example.risewell] reported as REPLACED, but missing application info. Assuming REMOVED.
11-09 19:09:10.249 32192 32192 D ActivityThread: Package [com.example.risewell] reported as REPLACED, but missing application info. Assuming REMOVED.
11-09 19:09:10.249 14176 14176 D ActivityThread: Package [com.example.risewell] reported as REPLACED, but missing application info. Assuming REMOVED.
11-09 19:09:10.250 14176 14176 D ActivityThread: Package [com.example.risewell] reported as REPLACED, but missing application info. Assuming REMOVED.
11-09 19:09:10.250  3351  3351 D ActivityThread: Package [com.example.risewell] reported as REPLACED, but missing application info. Assuming REMOVED.
11-09 19:09:10.250  3351  3351 D ActivityThread: Package [com.example.risewell] reported as REPLACED, but missing application info. Assuming REMOVED.
11-09 19:09:10.250 23977 23977 D ActivityThread: Package [com.example.risewell] reported as REPLACED, but missing application info. Assuming REMOVED.
11-09 19:09:10.250 23977 23977 D ActivityThread: Package [com.example.risewell] reported as REPLACED, but missing application info. Assuming REMOVED.
11-09 19:09:10.251 10751 10751 D ActivityThread: Package [com.example.risewell] reported as REPLACED, but missing application info. Assuming REMOVED.
11-09 19:09:10.251  5278  5278 D ActivityThread: Package [com.example.risewell] reported as REPLACED, but missing application info. Assuming REMOVED.
11-09 19:09:10.251 10751 10751 D ActivityThread: Package [com.example.risewell] reported as REPLACED, but missing application info. Assuming REMOVED.
11-09 19:09:10.251 17763 17763 D ActivityThread: Package [com.example.risewell] reported as REPLACED, but missing application info. Assuming REMOVED.
11-09 19:09:10.251 17763 17763 D ActivityThread: Package [com.example.risewell] reported as REPLACED, but missing application info. Assuming REMOVED.
11-09 19:09:10.252 24290 24290 D ActivityThread: Package [com.example.risewell] reported as REPLACED, but missing application info. Assuming REMOVED.
11-09 19:09:10.252 24290 24290 D ActivityThread: Package [com.example.risewell] reported as REPLACED, but missing application info. Assuming REMOVED.
11-09 19:09:10.252  8502  8502 D ActivityThread: Package [com.example.risewell] reported as REPLACED, but missing application info. Assuming REMOVED.
11-09 19:09:10.252  8502  8502 D ActivityThread: Package [com.example.risewell] reported as REPLACED, but missing application info. Assuming REMOVED.
11-09 19:09:10.253  7157  7157 D ActivityThread: Package [com.example.risewell] reported as REPLACED, but missing application info. Assuming REMOVED.
11-09 19:09:10.253  1454  1976 D SGM:GameManager: identifyGamePackage. com.example.risewell, mCurrentUserId: 0, callerUserId: 0, callingMethodInfo: com.samsung.android.game.SemGameManager.isGamePackage(SemGameManager.java:105)
11-09 19:09:10.253  1454  1976 D SGM:SemGameManager: isGamePackage(), pkgName=com.example.risewell, ret=false
11-09 19:09:10.254  2437  2437 D ActivityThread: Package [com.example.risewell] reported as REPLACED, but missing application info. Assuming REMOVED.
11-09 19:09:10.254  3151  3151 D ActivityThread: Package [com.example.risewell] reported as REPLACED, but missing application info. Assuming REMOVED.
11-09 19:09:10.254  3151  3151 D ActivityThread: Package [com.example.risewell] reported as REPLACED, but missing application info. Assuming REMOVED.
11-09 19:09:10.255  4484  4484 D ActivityThread: Package [com.example.risewell] reported as REPLACED, but missing application info. Assuming REMOVED.
11-09 19:09:10.255  4528  4528 D ActivityThread: Package [com.example.risewell] reported as REPLACED, but missing application info. Assuming REMOVED.
11-09 19:09:10.257  1454  1454 D ActivityThread: Package [com.example.risewell] reported as REPLACED, but missing application info. Assuming REMOVED.
11-09 19:09:10.257  1454  1454 D ActivityThread: Package [com.example.risewell] reported as REPLACED, but missing application info. Assuming REMOVED.
11-09 19:09:10.257  5278  5278 D ActivityThread: Package [com.example.risewell] reported as REPLACED, but missing application info. Assuming REMOVED.
11-09 19:09:10.258  7157  7157 D ActivityThread: Package [com.example.risewell] reported as REPLACED, but missing application info. Assuming REMOVED.
11-09 19:09:10.259  2437  2437 D ActivityThread: Package [com.example.risewell] reported as REPLACED, but missing application info. Assuming REMOVED.
11-09 19:09:10.275  1454  1594 D LauncherAppsService: Calling onPackageRemoved: com.example.risewell, EXTRA_REPLACING: true
11-09 19:09:10.276 13405 13405 D ActivityThread: Package [com.example.risewell] reported as REPLACED, but missing application info. Assuming REMOVED.
11-09 19:09:10.277 21720 21720 D ActivityThread: Package [com.example.risewell] reported as REPLACED, but missing application info. Assuming REMOVED.
11-09 19:09:10.407  1454  4941 I ActivityManager: Force stopping com.example.risewell appid=10022 user=0: from pid 2362
11-09 19:09:10.416  1454  1594 I SGM:GameManager: PkgUpdateReceiver, onPackageAdded : com.example.risewell userHandle : UserHandle{0} userId : 0
11-09 19:09:10.416  1454  1594 D SGM:GosNotifyThread: sendPackageMessage(), changeType=0, pkgName=com.example.risewell, userHandleId=0
11-09 19:09:10.416  1454  1828 D SGM:GosNotifyThread: notifyPackageChangedToGos(), before send intent to GOS. type:15, changeType: 0, pkgName:com.example.risewell, userHandleId:0
11-09 19:09:10.416  1454  1828 D SGM:PmAppCategoryManager: getManifestCategory(), manifestCategory=-1, packageName=com.example.risewell
11-09 19:09:10.416  1454  1828 D SGM:PmAppCategoryManager: getCategoryOverride(), categoryOverride=-1, packageName=com.example.risewell
11-09 19:09:10.416  1454  1828 I SGM:GosNotifyThread: notifyPackageChangedToGos(), category from pm: com.example.risewell, [-1/-1]
11-09 19:09:10.416  1454  4941 I AppsFilter: interaction: PackageSetting{d78272e fr.unica.miage.donati.pizzapp/10014} -> PackageSetting{24135f9 com.example.risewell/10022} BLOCKED
11-09 19:09:10.416  1454  4941 I AppsFilter: interaction: PackageSetting{8d1d45c com.example.flutter_application_1/10355} -> PackageSetting{24135f9 com.example.risewell/10022} BLOCKED
11-09 19:09:10.416  1454  4941 I AppsFilter: interaction: PackageSetting{b33a365 com.example.projetandroid/10383} -> PackageSetting{24135f9 com.example.risewell/10022} BLOCKED
11-09 19:09:10.417  1454  4941 W ActivityManager: Invalid packageName: com.example.risewell
11-09 19:09:10.491  1454  6589 D SGM:GameManager: setPackageConfigurations(). category=-1, pkgName=com.example.risewell
11-09 19:09:10.491  1454  6589 D SGM:GameManager: setPackageConfiguration(). configuration: packageName: com.example.risewell, performancePolicyForSsrm: null, optimalAspectRatio: 1.7777778, dynamicSurfaceScaling: 1.0, category: -1, categoryByUser: -1, fillBlackSurfaceOnMargins: false, userId: null
11-09 19:09:10.491  1454  6589 D SGM:GameManager: setPackageConfiguration(). pkgName=com.example.risewell
11-09 19:09:10.491  1454  6589 D SGM:Util: isPkgInstalled(). pkgName=com.example.risewell, userId=0, installed=true
11-09 19:09:10.491  1454  6589 W SGM:Util: isPkgInstalled(), com.example.risewell does not exist. 
11-09 19:09:10.491  1454  6589 D SGM:Util: isPkgInstalled(). pkgName=com.example.risewell, userId=150, installed=false
11-09 19:09:10.491  1454  6589 W SGM:GameManager: setPackageConfiguration(). the package is not installed. pkgName=com.example.risewell, userId=150
11-09 19:09:10.543  1454  1594 D MetaDataCollector: onReceive: done pkgName=com.example.risewell
11-09 19:09:10.584  1454  1594 I SGM:GameManager: PkgUpdateReceiver, onPackageReplaced : com.example.risewell userID : UserHandle{0}
11-09 19:09:10.584  1454  1594 D SGM:GosNotifyThread: sendPackageMessage(), changeType=8, pkgName=com.example.risewell, userHandleId=0
11-09 19:09:10.584  1454  1828 D SGM:GosNotifyThread: notifyPackageChangedToGos(), before send intent to GOS. type:15, changeType: 8, pkgName:com.example.risewell, userHandleId:0
11-09 19:09:10.584  1454  1594 D MetaDataCollector: onReceive: done pkgName=com.example.risewell
11-09 19:09:10.584  1454  1828 D SGM:PmAppCategoryManager: getManifestCategory(), manifestCategory=-1, packageName=com.example.risewell
11-09 19:09:10.584  1454  1828 D SGM:PmAppCategoryManager: getCategoryOverride(), categoryOverride=-1, packageName=com.example.risewell
11-09 19:09:10.584  1454  1828 I SGM:GosNotifyThread: notifyPackageChangedToGos(), category from pm: com.example.risewell, [-1/-1]
11-09 19:09:11.464  1454  6589 I Pageboost: onAppLaunch : com.example.risewell
11-09 19:09:11.465  1454  2059 I Pageboost: Record App IO : com.example.risewell pid 0
11-09 19:09:11.473  1454  6589 V WindowManager: Collecting in transition 194: ActivityRecord{ec64165 u0 com.example.risewell/.MainActivity, caller=com.android.server.wm.TransitionController.collect:7 com.android.server.wm.ActivityStarter.startActivityUnchecked:626 com.android.server.wm.ActivityStarter.executeRequest:3365 com.android.server.wm.ActivityStarter.execute:1122 com.android.server.wm.ActivityTaskManagerService.startActivityAsUser:88 
11-09 19:09:11.473  1454  6589 D ActivityTaskManager: TaskLaunchParamsModifier:task=null activity=ActivityRecord{ec64165 u0 com.example.risewell/.MainActivity t-1} display-area-from-current-params=null display-area-from-default-fallback=DefaultTaskDisplayArea_d0@228391893 display-id=0 task-display-area-windowing-mode=1 suggested-display-area=DefaultTaskDisplayArea_d0@228391893
11-09 19:09:11.474  1454  6589 D ActivityTaskManager: TaskLaunchParamsModifier:task=null activity=ActivityRecord{ec64165 u0 com.example.risewell/.MainActivity t-1} display-area-from-current-params=null display-area-from-default-fallback=DefaultTaskDisplayArea_d0@228391893 display-id=0 task-display-area-windowing-mode=1 suggested-display-area=DefaultTaskDisplayArea_d0@228391893 non-freeform-task-display-area display-area=DefaultTaskDisplayArea_d0@228391893 default-portrait freeform-size-mismatch=Rect(81, 568 - 999, 1768)
11-09 19:09:11.476  1454  6589 D ActivityTaskManager: TaskLaunchParamsModifier:task=Task{26daaeb #1683 type=standard A=10022:com.example.risewell} activity=ActivityRecord{ec64165 u0 com.example.risewell/.MainActivity t-1} display-from-task=0 display-id=0 task-display-area-windowing-mode=1 suggested-display-area=DefaultTaskDisplayArea_d0@228391893 inherit-from-task=fullscreen non-freeform-task-display-area display-area=DefaultTaskDisplayArea_d0@228391893 default-portrait freeform-size-mismatch=Rect(81, 568 - 999, 1768)
11-09 19:09:11.476  1454  6589 V WindowManager: Collecting in transition 194: Task{26daaeb #1683 type=standard A=10022:com.example.risewell}, caller=com.android.server.wm.Transition.collectExistenceChange:42 com.android.server.wm.ActivityStarter.setNewTask:43 com.android.server.wm.ActivityStarter.startActivityInner:2218 com.android.server.wm.ActivityStarter.startActivityUnchecked:639 com.android.server.wm.ActivityStarter.executeRequest:3365 
11-09 19:09:11.478  1454  6589 V WindowManager: Add starting ActivityRecord{ec64165 u0 com.example.risewell/.MainActivity t1683}: startingData=SplashScreenStartingData{a5e8ee1 waitForSyncTransactionCommit=false removeAfterTransaction= 0}
11-09 19:09:11.478  1454  6589 V WindowManager: Added starting ActivityRecord{ec64165 u0 com.example.risewell/.MainActivity t1683}: startingWindow=null startingView=com.android.server.wm.StartingSurfaceController$StartingSurface@cd19406
11-09 19:09:11.479  1454  6589 V WindowManager: Collecting in transition 194: ActivityRecord{ec64165 u0 com.example.risewell/.MainActivity t1683}, caller=com.android.server.wm.Transition.collectExistenceChange:42 com.android.server.wm.ActivityStarter.handleStartResult:523 com.android.server.wm.ActivityStarter.startActivityUnchecked:653 com.android.server.wm.ActivityStarter.executeRequest:3365 com.android.server.wm.ActivityStarter.execute:1122 
11-09 19:09:11.480  1454  6589 I ActivityTaskManager: START u0 {act=android.intent.action.MAIN cat=[android.intent.category.LAUNCHER] flg=0x10000000 cmp=com.example.risewell/.MainActivity} with LAUNCH_MULTIPLE from uid 2000 (BAL_ALLOW_PERMISSION) result code=0
11-09 19:09:11.480  2077  2123 V WindowManagerShell: Transition requested (#194): android.os.BinderProxy@9e41f5a TransitionRequestInfo { type = OPEN, triggerTask = TaskInfo{userId=0 taskId=1683 displayId=0 isRunning=true baseIntent=Intent { act=android.intent.action.MAIN cat=[android.intent.category.LAUNCHER] flg=0x10000000 cmp=com.example.risewell/.MainActivity } baseActivity=ComponentInfo{com.example.risewell/com.example.risewell.MainActivity} topActivity=ComponentInfo{com.example.risewell/com.example.risewell.MainActivity} origActivity=null realActivity=ComponentInfo{com.example.risewell/com.example.risewell.MainActivity} numActivities=1 lastActiveTime=34144302 supportsMultiWindow=true resizeMode=1 isResizeable=true minWidth=-1 minHeight=-1 maxWidth=-1 maxHeight=-1 defaultMinSize=220 token=WCT{android.window.IWindowContainerToken$Stub$Proxy@14af58b} topActivityType=1 pictureInPictureParams=null shouldDockBigOverlays=false launchIntoPipHostTaskId=-1 lastParentTaskIdBeforePip=-1 displayCutoutSafeInsets=Rect(0, 80 - 0, 0) topActivityInfo=ActivityInfo{83d1668 com.example.risewell.MainActivity} launchCookies=[] positionInParent=Point(0, 0) parentTaskId=-1 isFocused=false isVisible=false isVisibleRequested=false isSleeping=false topActivityInSizeCompat=false locusId=null displayAreaFeatureId=1 isTopActivityTransparent=false isTopActivityStyleFloating=false appCompatTaskInfo=AppCompatTaskInfo { topActivityInSizeCompat=false eligibleForLetterboxEducation= false isLetterboxEducationEnabled= false isLetterboxDoubleTapEnabled= false eligibleForUserAspectRatioButton= false topActivityBoundsLetterboxed= false isFromLetterboxDoubleTap= false topActivityLetterboxVerticalPosition= -1 topActivityLetterboxHorizontalPosition= -1 topActivityLetterboxWidth=1080 topActivityLetterboxHeight=2400 topActivityLetterboxAppWidth=1080 topActivityLetterboxAppHeight=2176 isUserFullscreenOverrideEnabled=false isSystemFullscreenOverrideEnabled=false hasMinAspectRatioOverride=false cameraCompatTaskInfo=CameraCompatTaskInfo { freeformCameraCompatMode=inactive} topActivityBounds=null topActivityInDisplayCompat=false} originallySupportedMultiWindow=true hasWallpaper=false rootAffinity=10022:com.example.risewell isTopTaskInStage=false topActivityUiMode=33 CoverLauncherWidgetTask=false isAllowedSeamlessRotation=false isTopTransparentActivity=false snappingGuideBounds=Rect(81, 568 - 999, 1768) isAliasManaged=false hasConfigChanged=false isAiKeyRemoveAppTask=false}, pipTask = null, remoteTransition = null, displayChange = null, flags = 0, debugId = 194 }
11-09 19:09:11.482  1454  2208 I AppsFilter: interaction: PackageSetting{d78272e fr.unica.miage.donati.pizzapp/10014} -> PackageSetting{a968f4 com.example.risewell/10022} BLOCKED
11-09 19:09:11.482  1454  2208 I AppsFilter: interaction: PackageSetting{8d1d45c com.example.flutter_application_1/10355} -> PackageSetting{a968f4 com.example.risewell/10022} BLOCKED
11-09 19:09:11.482  1454  2208 I AppsFilter: interaction: PackageSetting{b33a365 com.example.projetandroid/10383} -> PackageSetting{a968f4 com.example.risewell/10022} BLOCKED
11-09 19:09:11.483  1454  2208 V WindowManager: Collecting in transition 194: ActivityRecord{ec64165 u0 com.example.risewell/.MainActivity t1683}, caller=com.android.server.wm.TransitionController.collect:7 com.android.server.wm.ActivityRecord.setVisibility:189 com.android.server.wm.EnsureActivitiesVisibleHelper.process:450 com.android.server.wm.TaskFragment.updateActivityVisibilities:12 com.android.server.wm.Task$$ExternalSyntheticLambda3.accept:399 
11-09 19:09:11.485  1454  5225 D WindowManager: prepareSync <SYNC_STATE_WAITING_FOR_DRAW>, mPrepareSyncSeqId=0, win=Window{a6e2060 u0 Splash Screen com.example.risewell}
