11-09 18:31:44.109  1454  3154 D FreecessController: com.example.risewell(10022) is important[12]
11-09 18:31:45.600  1454  5651 I ActivityManager: Force stopping com.example.risewell appid=10022 user=0: from pid 24703
11-09 18:31:45.613  1454  5651 I ActivityManager: Killing 24159:com.example.risewell/u0a22 (adj 0): stop com.example.risewell due to from pid 24703
11-09 18:31:45.616  1454  5651 D ActivityManager: proc ProcessRecord{fc21d1b 24159:com.example.risewell/u0a22} already removed. so we skip next process.
11-09 18:31:45.617  1454  5651 W ActivityTaskManager: Force removing ActivityRecord{6c32ba0 u0 com.example.risewell/.MainActivity t1678 f}}: app died, no saved state
11-09 18:31:45.621  1454  5651 V WindowManager: Collecting in transition 182: Task{d673b1e #1678 type=standard A=10022:com.example.risewell}, caller=com.android.server.wm.Transition.collectExistenceChange:42 com.android.server.wm.Transition.collectClose:7 com.android.server.wm.WindowProcessController.handleAppDied$1:455 com.android.server.am.ActivityManagerService.handleAppDiedLocked:247 com.android.server.am.ProcessList.removeProcessLocked:194 
11-09 18:31:45.622  1454  5651 D WindowManager: prepareSync <SYNC_STATE_WAITING_FOR_DRAW>, mPrepareSyncSeqId=0, win=Window{4fc1289 u0 com.example.risewell/com.example.risewell.MainActivity}
11-09 18:31:45.622  2077  2123 V WindowManagerShell: Transition requested (#182): android.os.BinderProxy@ef16ad8 TransitionRequestInfo { type = CLOSE, triggerTask = TaskInfo{userId=0 taskId=1678 displayId=0 isRunning=false baseIntent=Intent { act=android.intent.action.MAIN cat=[android.intent.category.LAUNCHER] flg=0x10000000 cmp=com.example.risewell/.MainActivity } baseActivity=null topActivity=null origActivity=null realActivity=ComponentInfo{com.example.risewell/com.example.risewell.MainActivity} numActivities=0 lastActiveTime=31406903 supportsMultiWindow=true resizeMode=1 isResizeable=true minWidth=-1 minHeight=-1 maxWidth=-1 maxHeight=-1 defaultMinSize=220 token=WCT{android.window.IWindowContainerToken$Stub$Proxy@6687e31} topActivityType=1 pictureInPictureParams=null shouldDockBigOverlays=false launchIntoPipHostTaskId=-1 lastParentTaskIdBeforePip=-1 displayCutoutSafeInsets=null topActivityInfo=null launchCookies=[] positionInParent=Point(0, 0) parentTaskId=-1 isFocused=true isVisible=true isVisibleRequested=true isSleeping=false topActivityInSizeCompat=false locusId=null displayAreaFeatureId=1 isTopActivityTransparent=false isTopActivityStyleFloating=false appCompatTaskInfo=AppCompatTaskInfo { topActivityInSizeCompat=false eligibleForLetterboxEducation= false isLetterboxEducationEnabled= false isLetterboxDoubleTapEnabled= false eligibleForUserAspectRatioButton= false topActivityBoundsLetterboxed= false isFromLetterboxDoubleTap= false topActivityLetterboxVerticalPosition= -1 topActivityLetterboxHorizontalPosition= -1 topActivityLetterboxWidth=-1 topActivityLetterboxHeight=-1 topActivityLetterboxAppWidth=-1 topActivityLetterboxAppHeight=-1 isUserFullscreenOverrideEnabled=false isSystemFullscreenOverrideEnabled=false hasMinAspectRatioOverride=false cameraCompatTaskInfo=CameraCompatTaskInfo { freeformCameraCompatMode=inactive} topActivityBounds=null topActivityInDisplayCompat=false} originallySupportedMultiWindow=true hasWallpaper=false rootAffinity=10022:com.example.risewell isTopTaskInStage=false CoverLauncherWidgetTask=false isAllowedSeamlessRotation=false isTopTransparentActivity=false snappingGuideBounds=Rect(81, 568 - 999, 1768) isAliasManaged=false hasConfigChanged=false isAiKeyRemoveAppTask=false}, pipTask = null, remoteTransition = null, displayChange = null, flags = 0, debugId = 182 }
11-09 18:31:45.622  1454  1585 D SGM:FgCheckThread: getForegroundApp(), foregroundPkgName=com.example.risewell
11-09 18:31:45.623  1454  5651 V WindowManager: Collecting in transition 182: ActivityRecord{6c32ba0 u0 com.example.risewell/.MainActivity t1678 f}}, caller=com.android.server.wm.TransitionController.collect:7 com.android.server.wm.ActivityRecord.onRemovedFromDisplay:324 com.android.server.wm.ActivityRecord.removeFromHistory:176 com.android.server.wm.WindowProcessController.handleAppDied$1:514 com.android.server.am.ActivityManagerService.handleAppDiedLocked:247 
11-09 18:31:45.625  1454  5651 D WindowManager: Changing focus from Window{4fc1289 u0 com.example.risewell/com.example.risewell.MainActivity} to null displayId=0 Callers=com.android.server.wm.ActivityRecord.onRemovedFromDisplay:551 com.android.server.wm.ActivityRecord.removeFromHistory:176 com.android.server.wm.WindowProcessController.handleAppDied$1:514 com.android.server.am.ActivityManagerService.handleAppDiedLocked:247 
11-09 18:31:45.643  1454  5651 I AppsFilter: interaction: PackageSetting{d78272e fr.unica.miage.donati.pizzapp/10014} -> PackageSetting{141fe63 com.example.risewell/10022} BLOCKED
11-09 18:31:45.643  1454  5651 I AppsFilter: interaction: PackageSetting{8d1d45c com.example.flutter_application_1/10355} -> PackageSetting{141fe63 com.example.risewell/10022} BLOCKED
11-09 18:31:45.643  1454  5651 I AppsFilter: interaction: PackageSetting{b33a365 com.example.projetandroid/10383} -> PackageSetting{141fe63 com.example.risewell/10022} BLOCKED
11-09 18:31:45.647  1454  5651 W ActivityManager: Invalid packageName: com.example.risewell
11-09 18:31:45.650  1454  4943 D WindowManager: updateSystemBarAttributes: displayId=0, focusedCanBeNavColorWin=false, win=Window{9314c0 u0 com.sec.android.app.launcher/com.sec.android.app.launcher.activities.LauncherActivity}, navColorWin=Window{4fc1289 u0 com.example.risewell/com.example.risewell.MainActivity}, caller=com.android.server.wm.WindowManagerService.updateFocusedWindowLocked:375 com.android.server.wm.WindowManagerService.relayoutWindowInner:142 com.android.server.wm.WindowManagerService.relayoutWindow:6 
11-09 18:31:45.650  1454  1585 D SGM:FgCheckThread: pkgName: com.example.risewell is not in foreground
11-09 18:31:45.675  1454  2208 V ActivityManager: Got obituary of 24159:com.example.risewell
11-09 18:31:45.676  1454  6583 I WindowManager: WIN DEATH: Window{4fc1289 u0 com.example.risewell/com.example.risewell.MainActivity}
11-09 18:31:45.676  1454  6583 V WindowManager: Remove Window{4fc1289 u0 com.example.risewell/com.example.risewell.MainActivity}: mSurfaceController=Surface(name=com.example.risewell/com.example.risewell.MainActivity$_24159)/@0x32b679f mAnimatingExit=false mRemoveOnExit=false mHasSurface=true surfaceShowing=true animating=false app-animation=false mDisplayFrozen=false callers=com.android.server.wm.Session.binderDied:118 android.os.IBinder$DeathRecipient.binderDied:339 android.os.BinderProxy.sendDeathNotice:794 <bottom of call stack> <bottom of call stack> <bottom of call stack> 
11-09 18:31:45.687  1454  1586 V WindowManager: Start calculating TransitionInfo based on participants: {ActivityRecord{b0b683 u0 com.sec.android.app.launcher/.activities.LauncherActivity t6}, WallpaperWindowToken{30bc40a token=android.os.Binder@44b2c75}_<lock>, ActivityRecord{6c32ba0 u0 com.example.risewell/.MainActivity t1678 f} isExiting}, Task{9558445 #1 type=home}, Task{d673b1e #1678 type=standard A=10022:com.example.risewell}, Task{dbe37df #6 type=home I=com.sec.android.app.launcher/.activities.LauncherActivity}}
11-09 18:31:45.687  1454  1586 V WindowManager:   Final targets: [Task{9558445 #1 type=home}, Task{d673b1e #1678 type=standard A=10022:com.example.risewell}, WallpaperWindowToken{30bc40a token=android.os.Binder@44b2c75}_<lock>]
11-09 18:31:45.689  1454  1586 V WindowManager:         {WCT{RemoteToken{98f1ce2 Task{d673b1e #1678 type=standard A=10022:com.example.risewell}}} m=CLOSE f=NONE leash=Surface(name=Task=1678)/@0x9a89ec4 sb=Rect(0, 0 - 1080, 2400) eb=Rect(0, 0 - 1080, 2400) d=0 taskParent=-1 inset=Rect(0, 0 - 0, 0) dim=true},
11-09 18:31:45.699  1454  1582 V WindowManager: Sent Transition (#182) createdAt=11-09 18:31:45.617 via request=TransitionRequestInfo { type = CLOSE, triggerTask = TaskInfo{userId=0 taskId=1678 displayId=0 isRunning=false baseIntent=Intent { act=android.intent.action.MAIN cat=[android.intent.category.LAUNCHER] flg=0x10000000 cmp=com.example.risewell/.MainActivity } baseActivity=null topActivity=null origActivity=null realActivity=ComponentInfo{com.example.risewell/com.example.risewell.MainActivity} numActivities=0 lastActiveTime=31406903 supportsMultiWindow=true resizeMode=1 isResizeable=true minWidth=-1 minHeight=-1 maxWidth=-1 maxHeight=-1 defaultMinSize=220 token=WCT{RemoteToken{98f1ce2 Task{d673b1e #1678 type=standard A=10022:com.example.risewell}}} topActivityType=1 pictureInPictureParams=null shouldDockBigOverlays=false launchIntoPipHostTaskId=-1 lastParentTaskIdBeforePip=-1 displayCutoutSafeInsets=null topActivityInfo=null launchCookies=[] positionInParent=Point(0, 0) parentTaskId=-1 isFocused=true isVisible=true isVisibleRequested=true isSleeping=false topActivityInSizeCompat=false locusId=null displayAreaFeatureId=1 isTopActivityTransparent=false isTopActivityStyleFloating=false appCompatTaskInfo=AppCompatTaskInfo { topActivityInSizeCompat=false eligibleForLetterboxEducation= false isLetterboxEducationEnabled= false isLetterboxDoubleTapEnabled= false eligibleForUserAspectRatioButton= false topActivityBoundsLetterboxed= false isFromLetterboxDoubleTap= false topActivityLetterboxVerticalPosition= -1 topActivityLetterboxHorizontalPosition= -1 topActivityLetterboxWidth=-1 topActivityLetterboxHeight=-1 topActivityLetterboxAppWidth=-1 topActivityLetterboxAppHeight=-1 isUserFullscreenOverrideEnabled=false isSystemFullscreenOverrideEnabled=false hasMinAspectRatioOverride=false cameraCompatTaskInfo=CameraCompatTaskInfo { freeformCameraCompatMode=inactive} topActivityBounds=null topActivityInDisplayCompat=false} originallySupportedMultiWindow=true hasWallpaper=false rootAffinity=10022:com.example.risewell isTopTaskInStage=false CoverLauncherWidgetTask=false isAllowedSeamlessRotation=false isTopTransparentActivity=false snappingGuideBounds=Rect(81, 568 - 999, 1768) isAliasManaged=false hasConfigChanged=false isAiKeyRemoveAppTask=false}, pipTask = null, remoteTransition = null, displayChange = null, flags = 0, debugId = 182 }
11-09 18:31:45.699  1454  1582 V WindowManager:         {WCT{RemoteToken{98f1ce2 Task{d673b1e #1678 type=standard A=10022:com.example.risewell}}} m=CLOSE f=NONE leash=Surface(name=Task=1678)/@0x9a89ec4 sb=Rect(0, 0 - 1080, 2400) eb=Rect(0, 0 - 1080, 2400) d=0 taskParent=-1 inset=Rect(0, 0 - 0, 0) dim=true},
11-09 18:31:46.076  1454  4219 V WindowManager: Setting visibility of Window{4fc1289 u0 com.example.risewell/com.example.risewell.MainActivity EXITING}: false, caller=com.android.server.wm.WindowContainer.sendAppVisibilityToClients:19 com.android.server.wm.WindowToken.setClientVisible:49 com.android.server.wm.ActivityRecord.setClientVisible:8 com.android.server.wm.ActivityRecord.commitVisibility:273 com.android.server.wm.TransitionController.finishTransition:766 
11-09 18:31:46.077  1454  4219 W WindowManager: Exception thrown during dispatchAppVisibility Window{4fc1289 u0 com.example.risewell/com.example.risewell.MainActivity EXITING}
11-09 18:31:46.077  1454  4219 V WindowManager: Remove Window{4fc1289 u0 com.example.risewell/com.example.risewell.MainActivity EXITING}: mSurfaceController=Surface(name=com.example.risewell/com.example.risewell.MainActivity$_24159)/@0x32b679f mAnimatingExit=true mRemoveOnExit=true mHasSurface=true surfaceShowing=true animating=false app-animation=false mDisplayFrozen=false callers=com.android.server.wm.WindowToken.removeAllWindowsIfPossible:46 com.android.server.wm.ActivityRecord.removeIfPossible:4 com.android.server.wm.ActivityRecord.handleCompleteDeferredRemoval:5 com.android.server.wm.WindowContainer.handleCompleteDeferredRemoval:21 com.android.server.wm.TaskFragment.handleCompleteDeferredRemoval:17 com.android.server.wm.WindowContainer.handleCompleteDeferredRemoval:21 
11-09 18:31:46.078  1454  4219 V WindowManager: Remove Window{4fc1289 u0 com.example.risewell/com.example.risewell.MainActivity EXITING}: mSurfaceController=Surface(name=com.example.risewell/com.example.risewell.MainActivity$_24159)/@0x32b679f mAnimatingExit=true mRemoveOnExit=true mHasSurface=true surfaceShowing=true animating=false app-animation=false mDisplayFrozen=false callers=com.android.server.wm.WindowToken.removeAllWindowsIfPossible:46 com.android.server.wm.ActivityRecord.removeIfPossible:4 com.android.server.wm.ActivityRecord.onRemovedFromDisplay:499 com.android.server.wm.ActivityRecord.removeImmediately:46 com.android.server.wm.ActivityRecord.removeIfPossible:7 com.android.server.wm.ActivityRecord.handleCompleteDeferredRemoval:5 
11-09 18:31:46.078  1454  4219 I WindowManager: Destroying surface Surface(name=com.example.risewell/com.example.risewell.MainActivity$_24159)/@0x32b679f called by com.android.server.wm.WindowStateAnimator.destroySurface:11 com.android.server.wm.WindowStateAnimator.destroySurfaceLocked:54 com.android.server.wm.WindowState.removeImmediately:43 com.android.server.wm.WindowContainer.removeImmediately:37 com.android.server.wm.WindowToken.removeImmediately:11 com.android.server.wm.ActivityRecord.removeImmediately:61 com.android.server.wm.ActivityRecord.removeIfPossible:7 com.android.server.wm.ActivityRecord.onRemovedFromDisplay:499 
11-09 18:34:51.262  1454  2168 I ActivityManager: Force stopping com.example.risewell appid=10022 user=0: from pid 24966
11-09 18:34:51.274  1454  2168 I AppsFilter: interaction: PackageSetting{d78272e fr.unica.miage.donati.pizzapp/10014} -> PackageSetting{141fe63 com.example.risewell/10022} BLOCKED
11-09 18:34:51.274  1454  2168 I AppsFilter: interaction: PackageSetting{8d1d45c com.example.flutter_application_1/10355} -> PackageSetting{141fe63 com.example.risewell/10022} BLOCKED
11-09 18:34:51.275  1454  2168 I AppsFilter: interaction: PackageSetting{b33a365 com.example.projetandroid/10383} -> PackageSetting{141fe63 com.example.risewell/10022} BLOCKED
11-09 18:34:51.276  1454  2168 W ActivityManager: Invalid packageName: com.example.risewell
11-09 18:34:52.852  1454  1733 I PackageManager:           pkg{com.example.risewell}
11-09 18:34:52.871  1454  1595 I ActivityManager: Force stopping com.example.risewell appid=10022 user=-1: installPackageLI
11-09 18:34:52.872  1454  1635 I PackageManager: Update package com.example.risewell code path from /data/app/~~L63HBEXSGxcjaxJkCdO5yA==/com.example.risewell-hF7p_RX1hb_PHXY9AxFQjA== to /data/app/~~H1pRPe-JQzMOmOseLXddug==/com.example.risewell-SBDLmgn1KUtRh0Zv5ge3bg==; Retain data and using new
11-09 18:34:52.872  1454  1635 D SpqrService: Package is debuggable com.example.risewell
11-09 18:34:52.872  1454  1635 I AppsFilter: interaction: PackageSetting{4d3ea0c fr.unica.miage.donati.pizzapp/10014} -> PackageSetting{6908367 com.example.risewell/10022} BLOCKED
11-09 18:34:52.873  1454  1635 I AppsFilter: interaction: PackageSetting{d2a4d6a com.example.flutter_application_1/10355} -> PackageSetting{6908367 com.example.risewell/10022} BLOCKED
11-09 18:34:52.873  1454  1635 I AppsFilter: interaction: PackageSetting{895725b com.example.projetandroid/10383} -> PackageSetting{6908367 com.example.risewell/10022} BLOCKED
11-09 18:34:52.873  1454  1635 I AppsFilter: interaction: PackageSetting{4d3ea0c fr.unica.miage.donati.pizzapp/10014} -> PackageSetting{6908367 com.example.risewell/10022} BLOCKED
11-09 18:34:52.873  1454  1635 I AppsFilter: interaction: PackageSetting{d2a4d6a com.example.flutter_application_1/10355} -> PackageSetting{6908367 com.example.risewell/10022} BLOCKED
11-09 18:34:52.873  1454  1635 I AppsFilter: interaction: PackageSetting{895725b com.example.projetandroid/10383} -> PackageSetting{6908367 com.example.risewell/10022} BLOCKED
11-09 18:34:52.873  1454  1635 I AppsFilter: interaction: PackageSetting{4d3ea0c fr.unica.miage.donati.pizzapp/10014} -> PackageSetting{125a501 com.example.risewell/10022} BLOCKED
11-09 18:34:52.873  1454  1635 I AppsFilter: interaction: PackageSetting{d2a4d6a com.example.flutter_application_1/10355} -> PackageSetting{125a501 com.example.risewell/10022} BLOCKED
11-09 18:34:52.873  1454  1635 I AppsFilter: interaction: PackageSetting{895725b com.example.projetandroid/10383} -> PackageSetting{125a501 com.example.risewell/10022} BLOCKED
11-09 18:34:52.873  1454  1635 I AppsFilter: interaction: PackageSetting{4d3ea0c fr.unica.miage.donati.pizzapp/10014} -> PackageSetting{125a501 com.example.risewell/10022} BLOCKED
11-09 18:34:52.873  1454  1635 I AppsFilter: interaction: PackageSetting{d2a4d6a com.example.flutter_application_1/10355} -> PackageSetting{125a501 com.example.risewell/10022} BLOCKED
11-09 18:34:52.873  1454  1635 I AppsFilter: interaction: PackageSetting{895725b com.example.projetandroid/10383} -> PackageSetting{125a501 com.example.risewell/10022} BLOCKED
11-09 18:34:52.936  1454  1635 D PermissionService: setAllowlistedRestrictedPermissionsUnchecked called for package - com.example.risewell
11-09 18:34:52.936  1454  1635 D PermissionService: updateAdminPermissionsInternalcom.example.risewell
11-09 18:34:53.018  1454  1635 D PackageManager: isLocaleOptimizedPackage() -  Non optimized app: com.example.risewell. Proceed with normal install
11-09 18:34:53.019  1454  1635 I AppsFilter: interaction: PackageSetting{d78272e fr.unica.miage.donati.pizzapp/10014} -> PackageSetting{a271d74 com.example.risewell/10022} BLOCKED
11-09 18:34:53.019  1454  1635 I AppsFilter: interaction: PackageSetting{8d1d45c com.example.flutter_application_1/10355} -> PackageSetting{a271d74 com.example.risewell/10022} BLOCKED
11-09 18:34:53.019  1454  1635 I AppsFilter: interaction: PackageSetting{b33a365 com.example.projetandroid/10383} -> PackageSetting{a271d74 com.example.risewell/10022} BLOCKED
11-09 18:34:53.025  1454  1635 I ActivityManager: Force stopping com.example.risewell appid=10022 user=0: pkg removed
11-09 18:34:53.033  1454  1594 I SGM:GameManager: PkgUpdateReceiver, onPackageRemoved(). pkgName=com.example.risewell, userId=0
11-09 18:34:53.041  1454  1594 D SGM:Util: isPkgInstalled(). pkgName=com.example.risewell, userId=0, installed=true
11-09 18:34:53.042  1454  1594 D MetaDataCollector: onReceive: done pkgName=com.example.risewell
11-09 18:34:53.061  1454  1748 D OverlayManager: reconcileSettingsForPackage pkgName=com.example.risewell userId=0
11-09 18:34:53.061  1454  1748 I OverlayManager: updateOverlaysForTarget() called with: targetPackage = [com.example.risewell], userId = [0], flags = [2]
11-09 18:34:53.070  1454  1928 D ShortcutService: replacing package: com.example.risewell userId0
11-09 18:34:53.070  1454  1454 I Telecom : CarModeTracker: Package com.example.risewell is not tracked.: SSH.oR@Bcg
11-09 18:34:53.072  1454  1891 D SGM:GameManager: identifyGamePackage. com.example.risewell, mCurrentUserId: 0, callerUserId: 0, callingMethodInfo: com.samsung.android.game.SemGameManager.isGamePackage(SemGameManager.java:105)
11-09 18:34:53.072  1454  1891 D SGM:SemGameManager: isGamePackage(), pkgName=com.example.risewell, ret=false
11-09 18:34:53.088  1454  1594 D LauncherAppsService: Calling onPackageRemoved: com.example.risewell, EXTRA_REPLACING: true
11-09 18:34:53.097  1454  2059 I Pageboost: remove app @ runtime : com.example.risewell
11-09 18:34:53.103  1454  1748 D OverlayManager: reconcileSettingsForPackage pkgName=com.example.risewell userId=0
11-09 18:34:53.103  1454  1748 I OverlayManager: updateOverlaysForTarget() called with: targetPackage = [com.example.risewell], userId = [0], flags = [0]
11-09 18:34:53.107  1454  1832 W PackageConfigPersister: App-specific configuration not found for packageName: com.example.risewell and userId: 0
11-09 18:34:53.111  1454  1454 I Telecom : SamsungOpenCommunicationPlatformPolicyPackageBroadcastReceiver : action : android.intent.action.PACKAGE_ADDED / packageName : com.example.risewell
11-09 18:34:53.112  1454  2795 I Telecom : SamsungOpenCommunicationPlatformPolicyPackageHandler : handleMessage : { when=-1ms what=0 obj=com.example.risewell target=com.samsung.server.telecom.advancedcall.ocp.policy.broadcast.SamsungOpenCommunicationPlatformPolicyPackageHandler }.what
11-09 18:34:53.112  4511  4511 D ActivityThread: Package [com.example.risewell] reported as REPLACED, but missing application info. Assuming REMOVED.
11-09 18:34:53.112  4484  4484 D ActivityThread: Package [com.example.risewell] reported as REPLACED, but missing application info. Assuming REMOVED.
11-09 18:34:53.112  5769  5769 D ActivityThread: Package [com.example.risewell] reported as REPLACED, but missing application info. Assuming REMOVED.
11-09 18:34:53.113 17763 17763 D ActivityThread: Package [com.example.risewell] reported as REPLACED, but missing application info. Assuming REMOVED.
11-09 18:34:53.114 23977 23977 D ActivityThread: Package [com.example.risewell] reported as REPLACED, but missing application info. Assuming REMOVED.
11-09 18:34:53.114 21720 21720 D ActivityThread: Package [com.example.risewell] reported as REPLACED, but missing application info. Assuming REMOVED.
11-09 18:34:53.114  4528  4528 D ActivityThread: Package [com.example.risewell] reported as REPLACED, but missing application info. Assuming REMOVED.
11-09 18:34:53.115  8502  8502 D ActivityThread: Package [com.example.risewell] reported as REPLACED, but missing application info. Assuming REMOVED.
11-09 18:34:53.115  4484  4484 D ActivityThread: Package [com.example.risewell] reported as REPLACED, but missing application info. Assuming REMOVED.
11-09 18:34:53.116  1446  1446 D ActivityThread: Package [com.example.risewell] reported as REPLACED, but missing application info. Assuming REMOVED.
11-09 18:34:53.116  5769  5769 D ActivityThread: Package [com.example.risewell] reported as REPLACED, but missing application info. Assuming REMOVED.
11-09 18:34:53.116  4511  4511 D ActivityThread: Package [com.example.risewell] reported as REPLACED, but missing application info. Assuming REMOVED.
11-09 18:34:53.116  5278  5278 D ActivityThread: Package [com.example.risewell] reported as REPLACED, but missing application info. Assuming REMOVED.
11-09 18:34:53.117  4540  4540 D ActivityThread: Package [com.example.risewell] reported as REPLACED, but missing application info. Assuming REMOVED.
11-09 18:34:53.117 23776 23776 D ActivityThread: Package [com.example.risewell] reported as REPLACED, but missing application info. Assuming REMOVED.
11-09 18:34:53.117  7157  7157 D ActivityThread: Package [com.example.risewell] reported as REPLACED, but missing application info. Assuming REMOVED.
11-09 18:34:53.117 10751 10751 D ActivityThread: Package [com.example.risewell] reported as REPLACED, but missing application info. Assuming REMOVED.
11-09 18:34:53.117 24290 24290 D ActivityThread: Package [com.example.risewell] reported as REPLACED, but missing application info. Assuming REMOVED.
11-09 18:34:53.117 14176 14176 D ActivityThread: Package [com.example.risewell] reported as REPLACED, but missing application info. Assuming REMOVED.
11-09 18:34:53.117  3351  3351 D ActivityThread: Package [com.example.risewell] reported as REPLACED, but missing application info. Assuming REMOVED.
11-09 18:34:53.117 12674 12674 D ActivityThread: Package [com.example.risewell] reported as REPLACED, but missing application info. Assuming REMOVED.
11-09 18:34:53.118  3132  3132 D ActivityThread: Package [com.example.risewell] reported as REPLACED, but missing application info. Assuming REMOVED.
11-09 18:34:53.118 23956 23956 D ActivityThread: Package [com.example.risewell] reported as REPLACED, but missing application info. Assuming REMOVED.
11-09 18:34:53.118 23403 23403 D ActivityThread: Package [com.example.risewell] reported as REPLACED, but missing application info. Assuming REMOVED.
11-09 18:34:53.118 23403 23403 D ActivityThread: Package [com.example.risewell] reported as REPLACED, but missing application info. Assuming REMOVED.
11-09 18:34:53.118 23956 23956 D ActivityThread: Package [com.example.risewell] reported as REPLACED, but missing application info. Assuming REMOVED.
11-09 18:34:53.119 13707 13707 D ActivityThread: Package [com.example.risewell] reported as REPLACED, but missing application info. Assuming REMOVED.
11-09 18:34:53.119 23629 23629 D ActivityThread: Package [com.example.risewell] reported as REPLACED, but missing application info. Assuming REMOVED.
11-09 18:34:53.120 15586 15586 D ActivityThread: Package [com.example.risewell] reported as REPLACED, but missing application info. Assuming REMOVED.
11-09 18:34:53.121  2253  2253 D ActivityThread: Package [com.example.risewell] reported as REPLACED, but missing application info. Assuming REMOVED.
11-09 18:34:53.121  1454  1454 W AlarmManager: Package com.example.risewell, uid 10022 lost permission to set exact alarms!
11-09 18:34:53.121 24290 24290 D ActivityThread: Package [com.example.risewell] reported as REPLACED, but missing application info. Assuming REMOVED.
11-09 18:34:53.121 15586 15586 D ActivityThread: Package [com.example.risewell] reported as REPLACED, but missing application info. Assuming REMOVED.
11-09 18:34:53.122  1551  1551 D ActivityThread: Package [com.example.risewell] reported as REPLACED, but missing application info. Assuming REMOVED.
11-09 18:34:53.122 23977 23977 D ActivityThread: Package [com.example.risewell] reported as REPLACED, but missing application info. Assuming REMOVED.
11-09 18:34:53.122  1551  1551 D ActivityThread: Package [com.example.risewell] reported as REPLACED, but missing application info. Assuming REMOVED.
11-09 18:34:53.122  3132  3132 D ActivityThread: Package [com.example.risewell] reported as REPLACED, but missing application info. Assuming REMOVED.
11-09 18:34:53.122 13405 13405 D ActivityThread: Package [com.example.risewell] reported as REPLACED, but missing application info. Assuming REMOVED.
11-09 18:34:53.123  2253  2253 D ActivityThread: Package [com.example.risewell] reported as REPLACED, but missing application info. Assuming REMOVED.
11-09 18:34:53.123  2437  2437 D ActivityThread: Package [com.example.risewell] reported as REPLACED, but missing application info. Assuming REMOVED.
11-09 18:34:53.123  2077  2077 D ActivityThread: Package [com.example.risewell] reported as REPLACED, but missing application info. Assuming REMOVED.
11-09 18:34:53.123  4528  4528 D ActivityThread: Package [com.example.risewell] reported as REPLACED, but missing application info. Assuming REMOVED.
11-09 18:34:53.123  2077  2077 D ActivityThread: Package [com.example.risewell] reported as REPLACED, but missing application info. Assuming REMOVED.
11-09 18:34:53.123  1446  1446 D ActivityThread: Package [com.example.risewell] reported as REPLACED, but missing application info. Assuming REMOVED.
11-09 18:34:53.124 21720 21720 D ActivityThread: Package [com.example.risewell] reported as REPLACED, but missing application info. Assuming REMOVED.
11-09 18:34:53.124  1454  1976 D SGM:GameManager: identifyGamePackage. com.example.risewell, mCurrentUserId: 0, callerUserId: 0, callingMethodInfo: com.samsung.android.game.SemGameManager.isGamePackage(SemGameManager.java:105)
11-09 18:34:53.124  1454  1976 D SGM:SemGameManager: isGamePackage(), pkgName=com.example.risewell, ret=false
11-09 18:34:53.124  1454  1454 D ActivityThread: Package [com.example.risewell] reported as REPLACED, but missing application info. Assuming REMOVED.
11-09 18:34:53.124  1454  1454 D ActivityThread: Package [com.example.risewell] reported as REPLACED, but missing application info. Assuming REMOVED.
11-09 18:34:53.124  4540  4540 D ActivityThread: Package [com.example.risewell] reported as REPLACED, but missing application info. Assuming REMOVED.
11-09 18:34:53.124 23776 23776 D ActivityThread: Package [com.example.risewell] reported as REPLACED, but missing application info. Assuming REMOVED.
11-09 18:34:53.125 14176 14176 D ActivityThread: Package [com.example.risewell] reported as REPLACED, but missing application info. Assuming REMOVED.
11-09 18:34:53.125  5278  5278 D ActivityThread: Package [com.example.risewell] reported as REPLACED, but missing application info. Assuming REMOVED.
11-09 18:34:53.125  3351  3351 D ActivityThread: Package [com.example.risewell] reported as REPLACED, but missing application info. Assuming REMOVED.
11-09 18:34:53.125  1454  2059 D SGM:GameManager: identifyGamePackage. com.example.risewell, mCurrentUserId: 0, callerUserId: 0, callingMethodInfo: com.samsung.android.game.SemGameManager.isGamePackage(SemGameManager.java:105)
11-09 18:34:53.125  1454  2059 D SGM:SemGameManager: isGamePackage(), pkgName=com.example.risewell, ret=false
11-09 18:34:53.125  1454  2059 I Pageboost: appinfo : com.example.risewell 0 0 0 0
11-09 18:34:53.125  1454  2059 D SGM:GameManager: identifyGamePackage. com.example.risewell, mCurrentUserId: 0, callerUserId: 0, callingMethodInfo: com.samsung.android.game.SemGameManager.isGamePackage(SemGameManager.java:105)
11-09 18:34:53.125  1454  2059 D SGM:SemGameManager: isGamePackage(), pkgName=com.example.risewell, ret=false
11-09 18:34:53.126  1454  2059 I Pageboost: Reset this app info : com.example.risewell 
11-09 18:34:53.126 13707 13707 D ActivityThread: Package [com.example.risewell] reported as REPLACED, but missing application info. Assuming REMOVED.
11-09 18:34:53.127  8502  8502 D ActivityThread: Package [com.example.risewell] reported as REPLACED, but missing application info. Assuming REMOVED.
11-09 18:34:53.127  7157  7157 D ActivityThread: Package [com.example.risewell] reported as REPLACED, but missing application info. Assuming REMOVED.
11-09 18:34:53.128 12674 12674 D ActivityThread: Package [com.example.risewell] reported as REPLACED, but missing application info. Assuming REMOVED.
11-09 18:34:53.128 17763 17763 D ActivityThread: Package [com.example.risewell] reported as REPLACED, but missing application info. Assuming REMOVED.
11-09 18:34:53.128  3151  3151 D ActivityThread: Package [com.example.risewell] reported as REPLACED, but missing application info. Assuming REMOVED.
11-09 18:34:53.129  2437  2437 D ActivityThread: Package [com.example.risewell] reported as REPLACED, but missing application info. Assuming REMOVED.
11-09 18:34:53.129 10751 10751 D ActivityThread: Package [com.example.risewell] reported as REPLACED, but missing application info. Assuming REMOVED.
11-09 18:34:53.129  3151  3151 D ActivityThread: Package [com.example.risewell] reported as REPLACED, but missing application info. Assuming REMOVED.
11-09 18:34:53.130 23629 23629 D ActivityThread: Package [com.example.risewell] reported as REPLACED, but missing application info. Assuming REMOVED.
11-09 18:34:53.130 13405 13405 D ActivityThread: Package [com.example.risewell] reported as REPLACED, but missing application info. Assuming REMOVED.
11-09 18:34:53.138  2432  2432 D ActivityThread: Package [com.example.risewell] reported as REPLACED, but missing application info. Assuming REMOVED.
11-09 18:34:53.138  2432  2432 D ActivityThread: Package [com.example.risewell] reported as REPLACED, but missing application info. Assuming REMOVED.
11-09 18:34:53.143  2058  2058 D ActivityThread: Package [com.example.risewell] reported as REPLACED, but missing application info. Assuming REMOVED.
11-09 18:34:53.144  2058  2058 D ActivityThread: Package [com.example.risewell] reported as REPLACED, but missing application info. Assuming REMOVED.
11-09 18:34:53.149  5769  5769 D ActivityThread: Package [com.example.risewell] reported as REPLACED, but missing application info. Assuming REMOVED.
11-09 18:34:53.149 21720 21720 D ActivityThread: Package [com.example.risewell] reported as REPLACED, but missing application info. Assuming REMOVED.
11-09 18:34:53.149 13707 13707 D ActivityThread: Package [com.example.risewell] reported as REPLACED, but missing application info. Assuming REMOVED.
11-09 18:34:53.149  4511  4511 D ActivityThread: Package [com.example.risewell] reported as REPLACED, but missing application info. Assuming REMOVED.
11-09 18:34:53.150  8502  8502 D ActivityThread: Package [com.example.risewell] reported as REPLACED, but missing application info. Assuming REMOVED.
11-09 18:34:53.150  5278  5278 D ActivityThread: Package [com.example.risewell] reported as REPLACED, but missing application info. Assuming REMOVED.
11-09 18:34:53.150 17763 17763 D ActivityThread: Package [com.example.risewell] reported as REPLACED, but missing application info. Assuming REMOVED.
11-09 18:34:53.150  4484  4484 D ActivityThread: Package [com.example.risewell] reported as REPLACED, but missing application info. Assuming REMOVED.
11-09 18:34:53.150 13405 13405 D ActivityThread: Package [com.example.risewell] reported as REPLACED, but missing application info. Assuming REMOVED.
11-09 18:34:53.150 23977 23977 D ActivityThread: Package [com.example.risewell] reported as REPLACED, but missing application info. Assuming REMOVED.
11-09 18:34:53.150  7157  7157 D ActivityThread: Package [com.example.risewell] reported as REPLACED, but missing application info. Assuming REMOVED.
11-09 18:34:53.151  1454  1454 D ActivityThread: Package [com.example.risewell] reported as REPLACED, but missing application info. Assuming REMOVED.
11-09 18:34:53.151 24290 24290 D ActivityThread: Package [com.example.risewell] reported as REPLACED, but missing application info. Assuming REMOVED.
11-09 18:34:53.151  3351  3351 D ActivityThread: Package [com.example.risewell] reported as REPLACED, but missing application info. Assuming REMOVED.
11-09 18:34:53.151 15586 15586 D ActivityThread: Package [com.example.risewell] reported as REPLACED, but missing application info. Assuming REMOVED.
11-09 18:34:53.151 23776 23776 D ActivityThread: Package [com.example.risewell] reported as REPLACED, but missing application info. Assuming REMOVED.
11-09 18:34:53.152  2253  2253 D ActivityThread: Package [com.example.risewell] reported as REPLACED, but missing application info. Assuming REMOVED.
11-09 18:34:53.152 10751 10751 D ActivityThread: Package [com.example.risewell] reported as REPLACED, but missing application info. Assuming REMOVED.
11-09 18:34:53.152  4528  4528 D ActivityThread: Package [com.example.risewell] reported as REPLACED, but missing application info. Assuming REMOVED.
11-09 18:34:53.152 12674 12674 D ActivityThread: Package [com.example.risewell] reported as REPLACED, but missing application info. Assuming REMOVED.
11-09 18:34:53.152  4540  4540 D ActivityThread: Package [com.example.risewell] reported as REPLACED, but missing application info. Assuming REMOVED.
11-09 18:34:53.152 23956 23956 D ActivityThread: Package [com.example.risewell] reported as REPLACED, but missing application info. Assuming REMOVED.
11-09 18:34:53.152  1551  1551 D ActivityThread: Package [com.example.risewell] reported as REPLACED, but missing application info. Assuming REMOVED.
11-09 18:34:53.153  1454  2059 I Pageboost: add app to global @ runtime: com.example.risewell
11-09 18:34:53.153 23403 23403 D ActivityThread: Package [com.example.risewell] reported as REPLACED, but missing application info. Assuming REMOVED.
11-09 18:34:53.154  3151  3151 D ActivityThread: Package [com.example.risewell] reported as REPLACED, but missing application info. Assuming REMOVED.
11-09 18:34:53.154  3132  3132 D ActivityThread: Package [com.example.risewell] reported as REPLACED, but missing application info. Assuming REMOVED.
11-09 18:34:53.154  2437  2437 D ActivityThread: Package [com.example.risewell] reported as REPLACED, but missing application info. Assuming REMOVED.
11-09 18:34:53.155 23629 23629 D ActivityThread: Package [com.example.risewell] reported as REPLACED, but missing application info. Assuming REMOVED.
11-09 18:34:53.155  2432  2432 D ActivityThread: Package [com.example.risewell] reported as REPLACED, but missing application info. Assuming REMOVED.
11-09 18:34:53.155  2077  2077 D ActivityThread: Package [com.example.risewell] reported as REPLACED, but missing application info. Assuming REMOVED.
11-09 18:34:53.159  2862  2862 D ActivityThread: Package [com.example.risewell] reported as REPLACED, but missing application info. Assuming REMOVED.
11-09 18:34:53.160  2862  2862 D ActivityThread: Package [com.example.risewell] reported as REPLACED, but missing application info. Assuming REMOVED.
11-09 18:34:53.165  2862  2862 D ActivityThread: Package [com.example.risewell] reported as REPLACED, but missing application info. Assuming REMOVED.
11-09 18:34:53.166  1454  1976 D SGM:GameManager: identifyGamePackage. com.example.risewell, mCurrentUserId: 0, callerUserId: 0, callingMethodInfo: com.samsung.android.game.SemGameManager.isGamePackage(SemGameManager.java:105)
11-09 18:34:53.166  1454  1976 D SGM:SemGameManager: isGamePackage(), pkgName=com.example.risewell, ret=false
11-09 18:34:53.184  2058  2058 D ActivityThread: Package [com.example.risewell] reported as REPLACED, but missing application info. Assuming REMOVED.
11-09 18:34:53.292 14176 14176 D ActivityThread: Package [com.example.risewell] reported as REPLACED, but missing application info. Assuming REMOVED.
11-09 18:34:53.358  1446  1446 D ActivityThread: Package [com.example.risewell] reported as REPLACED, but missing application info. Assuming REMOVED.
11-09 18:34:53.870  1454  1594 I SGM:GameManager: PkgUpdateReceiver, onPackageAdded : com.example.risewell userHandle : UserHandle{0} userId : 0
11-09 18:34:53.870  1454  1594 D SGM:GosNotifyThread: sendPackageMessage(), changeType=0, pkgName=com.example.risewell, userHandleId=0
11-09 18:34:53.870  1454  1828 D SGM:GosNotifyThread: notifyPackageChangedToGos(), before send intent to GOS. type:15, changeType: 0, pkgName:com.example.risewell, userHandleId:0
11-09 18:34:53.871  1454  1828 D SGM:PmAppCategoryManager: getManifestCategory(), manifestCategory=-1, packageName=com.example.risewell
11-09 18:34:53.871  1454  1828 D SGM:PmAppCategoryManager: getCategoryOverride(), categoryOverride=-1, packageName=com.example.risewell
11-09 18:34:53.871  1454  1828 I SGM:GosNotifyThread: notifyPackageChangedToGos(), category from pm: com.example.risewell, [-1/-1]
11-09 18:34:53.918  1454  5225 D SGM:GameManager: setPackageConfigurations(). category=-1, pkgName=com.example.risewell
11-09 18:34:53.918  1454  5225 D SGM:GameManager: setPackageConfiguration(). configuration: packageName: com.example.risewell, performancePolicyForSsrm: null, optimalAspectRatio: 1.7777778, dynamicSurfaceScaling: 1.0, category: -1, categoryByUser: -1, fillBlackSurfaceOnMargins: false, userId: null
11-09 18:34:53.919  1454  5225 D SGM:GameManager: setPackageConfiguration(). pkgName=com.example.risewell
11-09 18:34:53.920  1454  5225 D SGM:Util: isPkgInstalled(). pkgName=com.example.risewell, userId=0, installed=true
11-09 18:34:53.921  1454  5225 W SGM:Util: isPkgInstalled(), com.example.risewell does not exist. 
11-09 18:34:53.921  1454  5225 D SGM:Util: isPkgInstalled(). pkgName=com.example.risewell, userId=150, installed=false
11-09 18:34:53.921  1454  5225 W SGM:GameManager: setPackageConfiguration(). the package is not installed. pkgName=com.example.risewell, userId=150
11-09 18:34:54.000  1454  1594 D MetaDataCollector: onReceive: done pkgName=com.example.risewell
11-09 18:34:54.174 23265 23265 D ActivityThread: Package [com.example.risewell] reported as REPLACED, but missing application info. Assuming REMOVED.
11-09 18:34:54.177 23265 23265 D ActivityThread: Package [com.example.risewell] reported as REPLACED, but missing application info. Assuming REMOVED.
11-09 18:34:54.177 23265 23265 D ActivityThread: Package [com.example.risewell] reported as REPLACED, but missing application info. Assuming REMOVED.
11-09 18:34:54.181 23253 23253 D ActivityThread: Package [com.example.risewell] reported as REPLACED, but missing application info. Assuming REMOVED.
11-09 18:34:54.181 23253 23253 D ActivityThread: Package [com.example.risewell] reported as REPLACED, but missing application info. Assuming REMOVED.
11-09 18:34:54.187 24902 24902 D ActivityThread: Package [com.example.risewell] reported as REPLACED, but missing application info. Assuming REMOVED.
11-09 18:34:54.187 24902 24902 D ActivityThread: Package [com.example.risewell] reported as REPLACED, but missing application info. Assuming REMOVED.
11-09 18:34:54.188 23253 23253 D ActivityThread: Package [com.example.risewell] reported as REPLACED, but missing application info. Assuming REMOVED.
11-09 18:34:54.189 24902 24902 D ActivityThread: Package [com.example.risewell] reported as REPLACED, but missing application info. Assuming REMOVED.
11-09 18:34:54.220  1454  1594 I SGM:GameManager: PkgUpdateReceiver, onPackageReplaced : com.example.risewell userID : UserHandle{0}
11-09 18:34:54.220  1454  1594 D SGM:GosNotifyThread: sendPackageMessage(), changeType=8, pkgName=com.example.risewell, userHandleId=0
11-09 18:34:54.220  1454  1594 D MetaDataCollector: onReceive: done pkgName=com.example.risewell
11-09 18:34:54.220  1454  1828 D SGM:GosNotifyThread: notifyPackageChangedToGos(), before send intent to GOS. type:15, changeType: 8, pkgName:com.example.risewell, userHandleId:0
11-09 18:34:54.220  1454  1828 D SGM:PmAppCategoryManager: getManifestCategory(), manifestCategory=-1, packageName=com.example.risewell
11-09 18:34:54.220  1454  1828 D SGM:PmAppCategoryManager: getCategoryOverride(), categoryOverride=-1, packageName=com.example.risewell
11-09 18:34:54.220  1454  1828 I SGM:GosNotifyThread: notifyPackageChangedToGos(), category from pm: com.example.risewell, [-1/-1]
11-09 18:34:55.341  1454  4943 I ActivityManager: Force stopping com.example.risewell appid=10022 user=0: from pid 25296
11-09 18:34:55.343  1454  4943 I AppsFilter: interaction: PackageSetting{d78272e fr.unica.miage.donati.pizzapp/10014} -> PackageSetting{a271d74 com.example.risewell/10022} BLOCKED
11-09 18:34:55.343  1454  4943 I AppsFilter: interaction: PackageSetting{8d1d45c com.example.flutter_application_1/10355} -> PackageSetting{a271d74 com.example.risewell/10022} BLOCKED
11-09 18:34:55.343  1454  4943 I AppsFilter: interaction: PackageSetting{b33a365 com.example.projetandroid/10383} -> PackageSetting{a271d74 com.example.risewell/10022} BLOCKED
11-09 18:34:55.344  1454  4943 W ActivityManager: Invalid packageName: com.example.risewell
11-09 18:34:55.508  1454  4941 I Pageboost: onAppLaunch : com.example.risewell
11-09 18:34:55.509  1454  2059 I Pageboost: Record App IO : com.example.risewell pid 0
11-09 18:34:55.519  1454  4941 V WindowManager: Collecting in transition 183: ActivityRecord{414d3c0 u0 com.example.risewell/.MainActivity, caller=com.android.server.wm.TransitionController.collect:7 com.android.server.wm.ActivityStarter.startActivityUnchecked:626 com.android.server.wm.ActivityStarter.executeRequest:3365 com.android.server.wm.ActivityStarter.execute:1122 com.android.server.wm.ActivityTaskManagerService.startActivityAsUser:88 
11-09 18:34:55.519  1454  4941 D ActivityTaskManager: TaskLaunchParamsModifier:task=null activity=ActivityRecord{414d3c0 u0 com.example.risewell/.MainActivity t-1} display-area-from-current-params=null display-area-from-default-fallback=DefaultTaskDisplayArea_d0@228391893 display-id=0 task-display-area-windowing-mode=1 suggested-display-area=DefaultTaskDisplayArea_d0@228391893
11-09 18:34:55.520  1454  4941 D ActivityTaskManager: TaskLaunchParamsModifier:task=null activity=ActivityRecord{414d3c0 u0 com.example.risewell/.MainActivity t-1} display-area-from-current-params=null display-area-from-default-fallback=DefaultTaskDisplayArea_d0@228391893 display-id=0 task-display-area-windowing-mode=1 suggested-display-area=DefaultTaskDisplayArea_d0@228391893 non-freeform-task-display-area display-area=DefaultTaskDisplayArea_d0@228391893 default-portrait freeform-size-mismatch=Rect(81, 568 - 999, 1768)
11-09 18:34:55.523  1454  4941 D ActivityTaskManager: TaskLaunchParamsModifier:task=Task{748703e #1679 type=standard A=10022:com.example.risewell} activity=ActivityRecord{414d3c0 u0 com.example.risewell/.MainActivity t-1} display-from-task=0 display-id=0 task-display-area-windowing-mode=1 suggested-display-area=DefaultTaskDisplayArea_d0@228391893 inherit-from-task=fullscreen non-freeform-task-display-area display-area=DefaultTaskDisplayArea_d0@228391893 default-portrait freeform-size-mismatch=Rect(81, 568 - 999, 1768)
11-09 18:34:55.523  1454  4941 V WindowManager: Collecting in transition 183: Task{748703e #1679 type=standard A=10022:com.example.risewell}, caller=com.android.server.wm.Transition.collectExistenceChange:42 com.android.server.wm.ActivityStarter.setNewTask:43 com.android.server.wm.ActivityStarter.startActivityInner:2218 com.android.server.wm.ActivityStarter.startActivityUnchecked:639 com.android.server.wm.ActivityStarter.executeRequest:3365 
11-09 18:34:55.525  1454  4941 V WindowManager: Add starting ActivityRecord{414d3c0 u0 com.example.risewell/.MainActivity t1679}: startingData=SplashScreenStartingData{7536bec waitForSyncTransactionCommit=false removeAfterTransaction= 0}
11-09 18:34:55.525  1454  4941 V WindowManager: Added starting ActivityRecord{414d3c0 u0 com.example.risewell/.MainActivity t1679}: startingWindow=null startingView=com.android.server.wm.StartingSurfaceController$StartingSurface@def0bb5
11-09 18:34:55.526  1454  4941 V WindowManager: Collecting in transition 183: ActivityRecord{414d3c0 u0 com.example.risewell/.MainActivity t1679}, caller=com.android.server.wm.Transition.collectExistenceChange:42 com.android.server.wm.ActivityStarter.handleStartResult:523 com.android.server.wm.ActivityStarter.startActivityUnchecked:653 com.android.server.wm.ActivityStarter.executeRequest:3365 com.android.server.wm.ActivityStarter.execute:1122 
11-09 18:34:55.526  1454  4941 I ActivityTaskManager: START u0 {act=android.intent.action.MAIN cat=[android.intent.category.LAUNCHER] flg=0x10000000 cmp=com.example.risewell/.MainActivity} with LAUNCH_MULTIPLE from uid 2000 (BAL_ALLOW_PERMISSION) result code=0
11-09 18:34:55.526  2077  2123 V WindowManagerShell: Transition requested (#183): android.os.BinderProxy@af2d164 TransitionRequestInfo { type = OPEN, triggerTask = TaskInfo{userId=0 taskId=1679 displayId=0 isRunning=true baseIntent=Intent { act=android.intent.action.MAIN cat=[android.intent.category.LAUNCHER] flg=0x10000000 cmp=com.example.risewell/.MainActivity } baseActivity=ComponentInfo{com.example.risewell/com.example.risewell.MainActivity} topActivity=ComponentInfo{com.example.risewell/com.example.risewell.MainActivity} origActivity=null realActivity=ComponentInfo{com.example.risewell/com.example.risewell.MainActivity} numActivities=1 lastActiveTime=32088349 supportsMultiWindow=true resizeMode=1 isResizeable=true minWidth=-1 minHeight=-1 maxWidth=-1 maxHeight=-1 defaultMinSize=220 token=WCT{android.window.IWindowContainerToken$Stub$Proxy@c87cfcd} topActivityType=1 pictureInPictureParams=null shouldDockBigOverlays=false launchIntoPipHostTaskId=-1 lastParentTaskIdBeforePip=-1 displayCutoutSafeInsets=Rect(0, 80 - 0, 0) topActivityInfo=ActivityInfo{cb22082 com.example.risewell.MainActivity} launchCookies=[] positionInParent=Point(0, 0) parentTaskId=-1 isFocused=false isVisible=false isVisibleRequested=false isSleeping=false topActivityInSizeCompat=false locusId=null displayAreaFeatureId=1 isTopActivityTransparent=false isTopActivityStyleFloating=false appCompatTaskInfo=AppCompatTaskInfo { topActivityInSizeCompat=false eligibleForLetterboxEducation= false isLetterboxEducationEnabled= false isLetterboxDoubleTapEnabled= false eligibleForUserAspectRatioButton= false topActivityBoundsLetterboxed= false isFromLetterboxDoubleTap= false topActivityLetterboxVerticalPosition= -1 topActivityLetterboxHorizontalPosition= -1 topActivityLetterboxWidth=1080 topActivityLetterboxHeight=2400 topActivityLetterboxAppWidth=1080 topActivityLetterboxAppHeight=2176 isUserFullscreenOverrideEnabled=false isSystemFullscreenOverrideEnabled=false hasMinAspectRatioOverride=false cameraCompatTaskInfo=CameraCompatTaskInfo { freeformCameraCompatMode=inactive} topActivityBounds=null topActivityInDisplayCompat=false} originallySupportedMultiWindow=true hasWallpaper=false rootAffinity=10022:com.example.risewell isTopTaskInStage=false topActivityUiMode=33 CoverLauncherWidgetTask=false isAllowedSeamlessRotation=false isTopTransparentActivity=false snappingGuideBounds=Rect(81, 568 - 999, 1768) isAliasManaged=false hasConfigChanged=false isAiKeyRemoveAppTask=false}, pipTask = null, remoteTransition = null, displayChange = null, flags = 0, debugId = 183 }
11-09 18:34:55.530  1454  4943 I AppsFilter: interaction: PackageSetting{d78272e fr.unica.miage.donati.pizzapp/10014} -> PackageSetting{b280297 com.example.risewell/10022} BLOCKED
11-09 18:34:55.531  1454  4943 I AppsFilter: interaction: PackageSetting{8d1d45c com.example.flutter_application_1/10355} -> PackageSetting{b280297 com.example.risewell/10022} BLOCKED
11-09 18:34:55.531  1454  4943 I AppsFilter: interaction: PackageSetting{b33a365 com.example.projetandroid/10383} -> PackageSetting{b280297 com.example.risewell/10022} BLOCKED
11-09 18:34:55.532  1454  4943 V WindowManager: Collecting in transition 183: ActivityRecord{414d3c0 u0 com.example.risewell/.MainActivity t1679}, caller=com.android.server.wm.TransitionController.collect:7 com.android.server.wm.ActivityRecord.setVisibility:189 com.android.server.wm.EnsureActivitiesVisibleHelper.process:450 com.android.server.wm.TaskFragment.updateActivityVisibilities:12 com.android.server.wm.Task$$ExternalSyntheticLambda3.accept:399 
11-09 18:34:55.535  1454  2206 D WindowManager: prepareSync <SYNC_STATE_WAITING_FOR_DRAW>, mPrepareSyncSeqId=0, win=Window{77985a1 u0 Splash Screen com.example.risewell}
11-09 18:34:55.536  1454  2206 V WindowManager: addWindow: ActivityRecord{414d3c0 u0 com.example.risewell/.MainActivity t1679} startingWindow=Window{77985a1 u0 Splash Screen com.example.risewell}
11-09 18:34:55.536  1454  2206 D WindowManager: rotationForOrientation, orientationSource=ActivityRecord{414d3c0 u0 com.example.risewell/.MainActivity t1679}
